Component: ARM Compiler 5.06 update 1 (build 61) Tool: armlink [4d35a8]

==============================================================================

Section Cross References

    gd32f4xx_it.o(i.SysTick_Handler) refers to systick.o(i.delay_decrement) for delay_decrement
    main.o(i.main) refers to test.o(i.system_init) for system_init
    main.o(i.main) refers to test.o(i.test1) for test1
    systick.o(i.delay_1ms) refers to systick.o(.data) for delay
    systick.o(i.delay_decrement) refers to systick.o(.data) for delay
    systick.o(i.nopdelay_ms) refers to systick.o(i.nopdelay_us) for nopdelay_us
    systick.o(i.systick_config) refers to systick.o(i.NVIC_SetPriority) for NVIC_SetPriority
    systick.o(i.systick_config) refers to system_gd32f4xx.o(.data) for SystemCoreClock
    system_gd32f4xx.o(i.SystemCoreClockUpdate) refers to system_gd32f4xx.o(.data) for SystemCoreClock
    system_gd32f4xx.o(i.SystemInit) refers to system_gd32f4xx.o(i.system_clock_config) for system_clock_config
    system_gd32f4xx.o(i.system_clock_config) refers to system_gd32f4xx.o(i.system_clock_200m_irc16m) for system_clock_200m_irc16m
    startup_gd32f407.o(STACK) refers (Special) to heapauxi.o(.text) for __use_two_region_memory
    startup_gd32f407.o(HEAP) refers (Special) to heapauxi.o(.text) for __use_two_region_memory
    startup_gd32f407.o(RESET) refers (Special) to heapauxi.o(.text) for __use_two_region_memory
    startup_gd32f407.o(RESET) refers to startup_gd32f407.o(STACK) for __initial_sp
    startup_gd32f407.o(RESET) refers to startup_gd32f407.o(.text) for Reset_Handler
    startup_gd32f407.o(RESET) refers to gd32f4xx_it.o(i.NMI_Handler) for NMI_Handler
    startup_gd32f407.o(RESET) refers to gd32f4xx_it.o(i.HardFault_Handler) for HardFault_Handler
    startup_gd32f407.o(RESET) refers to gd32f4xx_it.o(i.MemManage_Handler) for MemManage_Handler
    startup_gd32f407.o(RESET) refers to gd32f4xx_it.o(i.BusFault_Handler) for BusFault_Handler
    startup_gd32f407.o(RESET) refers to gd32f4xx_it.o(i.UsageFault_Handler) for UsageFault_Handler
    startup_gd32f407.o(RESET) refers to gd32f4xx_it.o(i.SVC_Handler) for SVC_Handler
    startup_gd32f407.o(RESET) refers to gd32f4xx_it.o(i.DebugMon_Handler) for DebugMon_Handler
    startup_gd32f407.o(RESET) refers to gd32f4xx_it.o(i.PendSV_Handler) for PendSV_Handler
    startup_gd32f407.o(RESET) refers to gd32f4xx_it.o(i.SysTick_Handler) for SysTick_Handler
    startup_gd32f407.o(RESET) refers to usart2.o(i.USART1_IRQHandler) for USART1_IRQHandler
    startup_gd32f407.o(.text) refers (Special) to heapauxi.o(.text) for __use_two_region_memory
    startup_gd32f407.o(.text) refers to system_gd32f4xx.o(i.SystemInit) for SystemInit
    startup_gd32f407.o(.text) refers to __main.o(!!!main) for __main
    startup_gd32f407.o(.text) refers to startup_gd32f407.o(HEAP) for Heap_Mem
    startup_gd32f407.o(.text) refers to startup_gd32f407.o(STACK) for Stack_Mem
    gd32f4xx_adc.o(i.adc_deinit) refers to gd32f4xx_rcu.o(i.rcu_periph_reset_enable) for rcu_periph_reset_enable
    gd32f4xx_adc.o(i.adc_deinit) refers to gd32f4xx_rcu.o(i.rcu_periph_reset_disable) for rcu_periph_reset_disable
    gd32f4xx_can.o(i.can_debug_freeze_disable) refers to gd32f4xx_dbg.o(i.dbg_periph_disable) for dbg_periph_disable
    gd32f4xx_can.o(i.can_debug_freeze_enable) refers to gd32f4xx_dbg.o(i.dbg_periph_enable) for dbg_periph_enable
    gd32f4xx_can.o(i.can_deinit) refers to gd32f4xx_rcu.o(i.rcu_periph_reset_enable) for rcu_periph_reset_enable
    gd32f4xx_can.o(i.can_deinit) refers to gd32f4xx_rcu.o(i.rcu_periph_reset_disable) for rcu_periph_reset_disable
    gd32f4xx_ctc.o(i.ctc_deinit) refers to gd32f4xx_rcu.o(i.rcu_periph_reset_enable) for rcu_periph_reset_enable
    gd32f4xx_ctc.o(i.ctc_deinit) refers to gd32f4xx_rcu.o(i.rcu_periph_reset_disable) for rcu_periph_reset_disable
    gd32f4xx_dac.o(i.dac_deinit) refers to gd32f4xx_rcu.o(i.rcu_periph_reset_enable) for rcu_periph_reset_enable
    gd32f4xx_dac.o(i.dac_deinit) refers to gd32f4xx_rcu.o(i.rcu_periph_reset_disable) for rcu_periph_reset_disable
    gd32f4xx_dci.o(i.dci_deinit) refers to gd32f4xx_rcu.o(i.rcu_periph_reset_enable) for rcu_periph_reset_enable
    gd32f4xx_dci.o(i.dci_deinit) refers to gd32f4xx_rcu.o(i.rcu_periph_reset_disable) for rcu_periph_reset_disable
    gd32f4xx_enet.o(i.enet_deinit) refers to gd32f4xx_rcu.o(i.rcu_periph_reset_enable) for rcu_periph_reset_enable
    gd32f4xx_enet.o(i.enet_deinit) refers to gd32f4xx_rcu.o(i.rcu_periph_reset_disable) for rcu_periph_reset_disable
    gd32f4xx_enet.o(i.enet_deinit) refers to gd32f4xx_enet.o(i.enet_initpara_reset) for enet_initpara_reset
    gd32f4xx_enet.o(i.enet_descriptors_chain_init) refers to gd32f4xx_enet.o(.bss) for txdesc_tab
    gd32f4xx_enet.o(i.enet_descriptors_chain_init) refers to gd32f4xx_enet.o(.data) for dma_current_txdesc
    gd32f4xx_enet.o(i.enet_descriptors_ring_init) refers to gd32f4xx_enet.o(.bss) for txdesc_tab
[...]
    ..\\..\\..\\..\\GD32F4x_Firmware_Library\\GD32F4xx_standard_peripheral\\Source\\gd32f4xx_fwdgt.c 0x00000000   Number         0  gd32f4xx_fwdgt.o ABSOLUTE
    ..\\..\\..\\..\\GD32F4x_Firmware_Library\\GD32F4xx_standard_peripheral\\Source\\gd32f4xx_gpio.c 0x00000000   Number         0  gd32f4xx_gpio.o ABSOLUTE
    ..\\..\\..\\..\\GD32F4x_Firmware_Library\\GD32F4xx_standard_peripheral\\Source\\gd32f4xx_i2c.c 0x00000000   Number         0  gd32f4xx_i2c.o ABSOLUTE
    ..\\..\\..\\..\\GD32F4x_Firmware_Library\\GD32F4xx_standard_peripheral\\Source\\gd32f4xx_ipa.c 0x00000000   Number         0  gd32f4xx_ipa.o ABSOLUTE
    ..\\..\\..\\..\\GD32F4x_Firmware_Library\\GD32F4xx_standard_peripheral\\Source\\gd32f4xx_iref.c 0x00000000   Number         0  gd32f4xx_iref.o ABSOLUTE
    ..\\..\\..\\..\\GD32F4x_Firmware_Library\\GD32F4xx_standard_peripheral\\Source\\gd32f4xx_misc.c 0x00000000   Number         0  gd32f4xx_misc.o ABSOLUTE
    ..\\..\\..\\..\\GD32F4x_Firmware_Library\\GD32F4xx_standard_peripheral\\Source\\gd32f4xx_pmu.c 0x00000000   Number         0  gd32f4xx_pmu.o ABSOLUTE
    ..\\..\\..\\..\\GD32F4x_Firmware_Library\\GD32F4xx_standard_peripheral\\Source\\gd32f4xx_rcu.c 0x00000000   Number         0  gd32f4xx_rcu.o ABSOLUTE
    ..\\..\\..\\..\\GD32F4x_Firmware_Library\\GD32F4xx_standard_peripheral\\Source\\gd32f4xx_rtc.c 0x00000000   Number         0  gd32f4xx_rtc.o ABSOLUTE
    ..\\..\\..\\..\\GD32F4x_Firmware_Library\\GD32F4xx_standard_peripheral\\Source\\gd32f4xx_sdio.c 0x00000000   Number         0  gd32f4xx_sdio.o ABSOLUTE
    ..\\..\\..\\..\\GD32F4x_Firmware_Library\\GD32F4xx_standard_peripheral\\Source\\gd32f4xx_spi.c 0x00000000   Number         0  gd32f4xx_spi.o ABSOLUTE
    ..\\..\\..\\..\\GD32F4x_Firmware_Library\\GD32F4xx_standard_peripheral\\Source\\gd32f4xx_syscfg.c 0x00000000   Number         0  gd32f4xx_syscfg.o ABSOLUTE
    ..\\..\\..\\..\\GD32F4x_Firmware_Library\\GD32F4xx_standard_peripheral\\Source\\gd32f4xx_timer.c 0x00000000   Number         0  gd32f4xx_timer.o ABSOLUTE
    ..\\..\\..\\..\\GD32F4x_Firmware_Library\\GD32F4xx_standard_peripheral\\Source\\gd32f4xx_tli.c 0x00000000   Number         0  gd32f4xx_tli.o ABSOLUTE
    ..\\..\\..\\..\\GD32F4x_Firmware_Library\\GD32F4xx_standard_peripheral\\Source\\gd32f4xx_trng.c 0x00000000   Number         0  gd32f4xx_trng.o ABSOLUTE
    ..\\..\\..\\..\\GD32F4x_Firmware_Library\\GD32F4xx_standard_peripheral\\Source\\gd32f4xx_usart.c 0x00000000   Number         0  gd32f4xx_usart.o ABSOLUTE
    ..\\..\\..\\..\\GD32F4x_Firmware_Library\\GD32F4xx_standard_peripheral\\Source\\gd32f4xx_wwdgt.c 0x00000000   Number         0  gd32f4xx_wwdgt.o ABSOLUTE
    ..\\..\\..\\..\\GD32F4x_Firmware_Library\\XLL_4G\\message_json.c 0x00000000   Number         0  message_json.o ABSOLUTE
    ..\\..\\..\\..\\GD32F4x_Firmware_Library\\XLL_4G\\sim7600ce.c 0x00000000   Number         0  sim7600ce.o ABSOLUTE
    ..\\..\\..\\..\\GD32F4x_Firmware_Library\\XLL_4G\\usart2.c 0x00000000   Number         0  usart2.o ABSOLUTE
    ..\\..\\..\\Utilities\\gd32f4xx_XII-IOT.c 0x00000000   Number         0  gd32f4xx_xii-iot.o ABSOLUTE
    ..\\Soft_Drive\\platformtest\\test.c     0x00000000   Number         0  test.o ABSOLUTE
    ..\\USER\\gd32f4xx_it.c                  0x00000000   Number         0  gd32f4xx_it.o ABSOLUTE
    ..\\USER\\main.c                         0x00000000   Number         0  main.o ABSOLUTE
    ..\\USER\\systick.c                      0x00000000   Number         0  systick.o ABSOLUTE
    dc.s                                     0x00000000   Number         0  dc.o ABSOLUTE
    RESET                                    0x08000000   Section      392  startup_gd32f407.o(RESET)
    !!!main                                  0x08000188   Section        8  __main.o(!!!main)
    !!!scatter                               0x08000190   Section       52  __scatter.o(!!!scatter)
    !!dczerorl2                              0x080001c4   Section       90  __dczerorl2.o(!!dczerorl2)
    !!handler_zi                             0x08000220   Section       28  __scatter_zi.o(!!handler_zi)
    .ARM.Collect$$_printf_percent$$00000000  0x0800023c   Section        0  _printf_percent.o(.ARM.Collect$$_printf_percent$$00000000)
    .ARM.Collect$$_printf_percent$$00000001  0x0800023c   Section        6  _printf_n.o(.ARM.Collect$$_printf_percent$$00000001)
    .ARM.Collect$$_printf_percent$$00000002  0x08000242   Section        6  _printf_p.o(.ARM.Collect$$_printf_percent$$00000002)
    .ARM.Collect$$_printf_percent$$00000003  0x08000248   Section        6  _printf_f.o(.ARM.Collect$$_printf_percent$$00000003)
    .ARM.Collect$$_printf_percent$$00000004  0x0800024e   Section        6  _printf_e.o(.ARM.Collect$$_printf_percent$$00000004)
    .ARM.Collect$$_printf_percent$$00000005  0x08000254   Section        6  _printf_g.o(.ARM.Collect$$_printf_percent$$00000005)
    .ARM.Collect$$_printf_percent$$00000006  0x0800025a   Section        6  _printf_a.o(.ARM.Collect$$_printf_percent$$00000006)
    .ARM.Collect$$_printf_percent$$00000007  0x08000260   Section       10  _printf_ll.o(.ARM.Collect$$_printf_percent$$00000007)
    .ARM.Collect$$_printf_percent$$00000008  0x0800026a   Section        6  _printf_i.o(.ARM.Collect$$_printf_percent$$00000008)
    .ARM.Collect$$_printf_percent$$00000009  0x08000270   Section        6  _printf_d.o(.ARM.Collect$$_printf_percent$$00000009)
    .ARM.Collect$$_printf_percent$$0000000A  0x08000276   Section        6  _printf_u.o(.ARM.Collect$$_printf_percent$$0000000A)
    .ARM.Collect$$_printf_percent$$0000000B  0x0800027c   Section        6  _printf_o.o(.ARM.Collect$$_printf_percent$$0000000B)
    .ARM.Collect$$_printf_percent$$0000000C  0x08000282   Section        6  _printf_x.o(.ARM.Collect$$_printf_percent$$0000000C)
    .ARM.Collect$$_printf_percent$$0000000D  0x08000288   Section        6  _printf_lli.o(.ARM.Collect$$_printf_percent$$0000000D)
    .ARM.Collect$$_printf_percent$$0000000E  0x0800028e   Section        6  _printf_lld.o(.ARM.Collect$$_printf_percent$$0000000E)
    .ARM.Collect$$_printf_percent$$0000000F  0x08000294   Section        6  _printf_llu.o(.ARM.Collect$$_printf_percent$$0000000F)
    .ARM.Collect$$_printf_percent$$00000010  0x0800029a   Section        6  _printf_llo.o(.ARM.Collect$$_printf_percent$$00000010)
    .ARM.Collect$$_printf_percent$$00000011  0x080002a0   Section        6  _printf_llx.o(.ARM.Collect$$_printf_percent$$00000011)
    .ARM.Collect$$_printf_percent$$00000012  0x080002a6   Section       10  _printf_l.o(.ARM.Collect$$_printf_percent$$00000012)
    .ARM.Collect$$_printf_percent$$00000013  0x080002b0   Section        6  _printf_c.o(.ARM.Collect$$_printf_percent$$00000013)
    .ARM.Collect$$_printf_percent$$00000014  0x080002b6   Section        6  _printf_s.o(.ARM.Collect$$_printf_percent$$00000014)
    .ARM.Collect$$_printf_percent$$00000015  0x080002bc   Section        6  _printf_lc.o(.ARM.Collect$$_printf_percent$$00000015)
    .ARM.Collect$$_printf_percent$$00000016  0x080002c2   Section        6  _printf_ls.o(.ARM.Collect$$_printf_percent$$00000016)
    .ARM.Collect$$_printf_percent$$00000017  0x080002c8   Section        4  _printf_percent_end.o(.ARM.Collect$$_printf_percent$$00000017)
    .ARM.Collect$$libinit$$00000000          0x080002cc   Section        2  libinit.o(.ARM.Collect$$libinit$$00000000)
    .ARM.Collect$$libinit$$00000001          0x080002ce   Section        4  libinit2.o(.ARM.Collect$$libinit$$00000001)
    .ARM.Collect$$libinit$$00000004          0x080002d2   Section        0  libinit2.o(.ARM.Collect$$libinit$$00000004)
    .ARM.Collect$$libinit$$0000000A          0x080002d2   Section        0  libinit2.o(.ARM.Collect$$libinit$$0000000A)
    .ARM.Collect$$libinit$$0000000C          0x080002d2   Section        0  libinit2.o(.ARM.Collect$$libinit$$0000000C)
    .ARM.Collect$$libinit$$0000000E          0x080002d2   Section        0  libinit2.o(.ARM.Collect$$libinit$$0000000E)
    .ARM.Collect$$libinit$$0000000F          0x080002d2   Section        6  libinit2.o(.ARM.Collect$$libinit$$0000000F)
    .ARM.Collect$$libinit$$00000011          0x080002d8   Section        0  libinit2.o(.ARM.Collect$$libinit$$00000011)
    .ARM.Collect$$libinit$$00000012          0x080002d8   Section       12  libinit2.o(.ARM.Collect$$libinit$$00000012)
    .ARM.Collect$$libinit$$00000013          0x080002e4   Section        0  libinit2.o(.ARM.Collect$$libinit$$00000013)
    .ARM.Collect$$libinit$$00000015          0x080002e4   Section        0  libinit2.o(.ARM.Collect$$libinit$$00000015)
    .ARM.Collect$$libinit$$00000016          0x080002e4   Section       10  libinit2.o(.ARM.Collect$$libinit$$00000016)
    .ARM.Collect$$libinit$$00000017          0x080002ee   Section        0  libinit2.o(.ARM.Collect$$libinit$$00000017)
    .ARM.Collect$$libinit$$00000019          0x080002ee   Section        0  libinit2.o(.ARM.Collect$$libinit$$00000019)
    .ARM.Collect$$libinit$$0000001B          0x080002ee   Section        0  libinit2.o(.ARM.Collect$$libinit$$0000001B)
    .ARM.Collect$$libinit$$0000001D          0x080002ee   Section        0  libinit2.o(.ARM.Collect$$libinit$$0000001D)
    .ARM.Collect$$libinit$$0000001F          0x080002ee   Section        0  libinit2.o(.ARM.Collect$$libinit$$0000001F)
    .ARM.Collect$$libinit$$00000021          0x080002ee   Section        0  libinit2.o(.ARM.Collect$$libinit$$00000021)
    .ARM.Collect$$libinit$$00000023          0x080002ee   Section        0  libinit2.o(.ARM.Collect$$libinit$$00000023)
    .ARM.Collect$$libinit$$00000025          0x080002ee   Section        0  libinit2.o(.ARM.Collect$$libinit$$00000025)
    .ARM.Collect$$libinit$$0000002C          0x080002ee   Section        0  libinit2.o(.ARM.Collect$$libinit$$0000002C)
    .ARM.Collect$$libinit$$0000002E          0x080002ee   Section        0  libinit2.o(.ARM.Collect$$libinit$$0000002E)
    .ARM.Collect$$libinit$$00000030          0x080002ee   Section        0  libinit2.o(.ARM.Collect$$libinit$$00000030)
    .ARM.Collect$$libinit$$00000032          0x080002ee   Section        0  libinit2.o(.ARM.Collect$$libinit$$00000032)
    .ARM.Collect$$libinit$$00000033          0x080002ee   Section        2  libinit2.o(.ARM.Collect$$libinit$$00000033)
    .ARM.Collect$$libshutdown$$00000000      0x080002f0   Section        2  libshutdown.o(.ARM.Collect$$libshutdown$$00000000)
    .ARM.Collect$$libshutdown$$00000002      0x080002f2   Section        0  libshutdown2.o(.ARM.Collect$$libshutdown$$00000002)
    .ARM.Collect$$libshutdown$$00000004      0x080002f2   Section        0  libshutdown2.o(.ARM.Collect$$libshutdown$$00000004)
    .ARM.Collect$$libshutdown$$00000007      0x080002f2   Section        0  libshutdown2.o(.ARM.Collect$$libshutdown$$00000007)
    .ARM.Collect$$libshutdown$$0000000A      0x080002f2   Section        0  libshutdown2.o(.ARM.Collect$$libshutdown$$0000000A)
    .ARM.Collect$$libshutdown$$0000000C      0x080002f2   Section        0  libshutdown2.o(.ARM.Collect$$libshutdown$$0000000C)
    .ARM.Collect$$libshutdown$$0000000F      0x080002f2   Section        0  libshutdown2.o(.ARM.Collect$$libshutdown$$0000000F)
    .ARM.Collect$$libshutdown$$00000010      0x080002f2   Section        2  libshutdown2.o(.ARM.Collect$$libshutdown$$00000010)
    .ARM.Collect$$rtentry$$00000000          0x080002f4   Section        0  __rtentry.o(.ARM.Collect$$rtentry$$00000000)
    .ARM.Collect$$rtentry$$00000002          0x080002f4   Section        0  __rtentry2.o(.ARM.Collect$$rtentry$$00000002)
    .ARM.Collect$$rtentry$$00000004          0x080002f4   Section        6  __rtentry4.o(.ARM.Collect$$rtentry$$00000004)
    .ARM.Collect$$rtentry$$00000009          0x080002fa   Section        0  __rtentry2.o(.ARM.Collect$$rtentry$$00000009)
    .ARM.Collect$$rtentry$$0000000A          0x080002fa   Section        4  __rtentry2.o(.ARM.Collect$$rtentry$$0000000A)
    .ARM.Collect$$rtentry$$0000000C          0x080002fe   Section        0  __rtentry2.o(.ARM.Collect$$rtentry$$0000000C)
    .ARM.Collect$$rtentry$$0000000D          0x080002fe   Section        8  __rtentry2.o(.ARM.Collect$$rtentry$$0000000D)
    .ARM.Collect$$rtexit$$00000000           0x08000306   Section        2  rtexit.o(.ARM.Collect$$rtexit$$00000000)
    .ARM.Collect$$rtexit$$00000002           0x08000308   Section        0  rtexit2.o(.ARM.Collect$$rtexit$$00000002)
    .ARM.Collect$$rtexit$$00000003           0x08000308   Section        4  rtexit2.o(.ARM.Collect$$rtexit$$00000003)
    .ARM.Collect$$rtexit$$00000004           0x0800030c   Section        6  rtexit2.o(.ARM.Collect$$rtexit$$00000004)
    .text                                    0x08000314   Section       64  startup_gd32f407.o(.text)
    $v0                                      0x08000314   Number         0  startup_gd32f407.o(.text)
    .text                                    0x08000354   Section        0  vsprintf.o(.text)
    .text                                    0x08000378   Section        0  _printf_pad.o(.text)
    .text                                    0x080003c6   Section        0  _printf_str.o(.text)
    .text                                    0x08000418   Section        0  _printf_dec.o(.text)
    .text                                    0x08000490   Section        0  _printf_hex_int_ll_ptr.o(.text)
    _printf_hex_common                       0x08000491   Thumb Code     0  _printf_hex_int_ll_ptr.o(.text)
    .text                                    0x08000524   Section        0  __printf_flags_ss_wp.o(.text)
    .text                                    0x080006ac   Section      128  strcmpv7m.o(.text)
    .text                                    0x0800072c   Section        0  heapauxi.o(.text)
    .text                                    0x08000734   Section       16  rt_ctype_table.o(.text)
    .text                                    0x08000744   Section        0  _printf_truncate.o(.text)
    .text                                    0x08000768   Section        0  _printf_intcommon.o(.text)
    .text                                    0x0800081a   Section        0  _printf_charcount.o(.text)
    .text                                    0x08000842   Section        0  _printf_fp_dec.o(.text)
    _fp_digits                               0x08000845   Thumb Code   428  _printf_fp_dec.o(.text)
    .text                                    0x08000c5c   Section        0  _printf_char_common.o(.text)
    _printf_input_char                       0x08000c5d   Thumb Code    10  _printf_char_common.o(.text)
    .text                                    0x08000c8c   Section        0  _sputc.o(.text)
    .text                                    0x08000c96   Section        0  _printf_char.o(.text)
    .text                                    0x08000cc4   Section        0  _printf_wctomb.o(.text)
    .text                                    0x08000d80   Section        0  _printf_longlong_dec.o(.text)
    .text                                    0x08000dfc   Section        0  _printf_oct_int_ll.o(.text)
    _printf_longlong_oct_internal            0x08000dfd   Thumb Code     0  _printf_oct_int_ll.o(.text)
    .text                                    0x08000e6c   Section        8  libspace.o(.text)
    .text                                    0x08000e74   Section        8  rt_locale_intlibspace.o(.text)
    .text                                    0x08000e7c   Section      138  lludiv10.o(.text)
    .text                                    0x08000f08   Section        0  _printf_fp_hex.o(.text)
    .text                                    0x08001204   Section        0  _printf_fp_infnan.o(.text)
    .text                                    0x08001284   Section        0  _printf_wchar.o(.text)
    .text                                    0x080012b0   Section        0  bigflt0.o(.text)
    .text                                    0x0800138c   Section        0  _wcrtomb.o(.text)
    .text                                    0x080013cc   Section        2  use_no_semi.o(.text)
    .text                                    0x080013ce   Section       74  sys_stackheap_outer.o(.text)
    .text                                    0x080013ce   Section        0  indicate_semi.o(.text)
    .text                                    0x08001418   Section        0  exit.o(.text)
    .text                                    0x0800142c   Section        0  sys_exit.o(.text)
    CL$$btod_d2e                             0x08001438   Section       62  btod.o(CL$$btod_d2e)
    CL$$btod_d2e_denorm_low                  0x08001476   Section       70  btod.o(CL$$btod_d2e_denorm_low)
    CL$$btod_d2e_norm_op1                    0x080014bc   Section       96  btod.o(CL$$btod_d2e_norm_op1)
    CL$$btod_div_common                      0x0800151c   Section      824  btod.o(CL$$btod_div_common)
    CL$$btod_e2e                             0x08001854   Section      198  btod.o(CL$$btod_e2e)
    CL$$btod_ediv                            0x0800191a   Section       40  btod.o(CL$$btod_ediv)
    CL$$btod_emul                            0x08001942   Section       40  btod.o(CL$$btod_emul)
    CL$$btod_mult_common                     0x0800196a   Section      580  btod.o(CL$$btod_mult_common)
    i.BusFault_Handler                       0x08001bae   Section        0  gd32f4xx_it.o(i.BusFault_Handler)
    i.DebugMon_Handler                       0x08001bb2   Section        0  gd32f4xx_it.o(i.DebugMon_Handler)
    i.HardFault_Handler                      0x08001bb4   Section        0  gd32f4xx_it.o(i.HardFault_Handler)
    i.MemManage_Handler                      0x08001bb8   Section        0  gd32f4xx_it.o(i.MemManage_Handler)
    i.NMI_Handler                            0x08001bbc   Section        0  gd32f4xx_it.o(i.NMI_Handler)
    i.NVIC_SetPriority                       0x08001bc0   Section        0  systick.o(i.NVIC_SetPriority)
    NVIC_SetPriority                         0x08001bc1   Thumb Code    32  systick.o(i.NVIC_SetPriority)
    i.PendSV_Handler                         0x08001be8   Section        0  gd32f4xx_it.o(i.PendSV_Handler)
    i.SVC_Handler                            0x08001bea   Section        0  gd32f4xx_it.o(i.SVC_Handler)
    i.SysTick_Handler                        0x08001bec   Section        0  gd32f4xx_it.o(i.SysTick_Handler)
    i.SystemInit                             0x08001bf4   Section        0  system_gd32f4xx.o(i.SystemInit)
    i.USART1_IRQHandler                      0x08001c54   Section        0  usart2.o(i.USART1_IRQHandler)
    i.Uart0Printf                            0x08001cbc   Section        0  gd32f4xx_xii-iot.o(i.Uart0Printf)
    i.Uart0WriteByte                         0x08001d04   Section        0  gd32f4xx_xii-iot.o(i.Uart0WriteByte)
    i.UsageFault_Handler                     0x08001d24   Section        0  gd32f4xx_it.o(i.UsageFault_Handler)
    i.__ARM_fpclassify                       0x08001d28   Section        0  fpclassify.o(i.__ARM_fpclassify)
    i._is_digit                              0x08001d58   Section        0  __printf_wp.o(i._is_digit)
    i.delay_1ms                              0x08001d68   Section        0  systick.o(i.delay_1ms)
    i.delay_decrement                        0x08001d7c   Section        0  systick.o(i.delay_decrement)
    i.dipinit                                0x08001d94   Section        0  gd32f4xx_xii-iot.o(i.dipinit)
    i.exti_init                              0x08001dc8   Section        0  gd32f4xx_exti.o(i.exti_init)
    i.exti_interrupt_flag_clear              0x08001e80   Section        0  gd32f4xx_exti.o(i.exti_interrupt_flag_clear)
    i.gd_XII_systeminit                      0x08001e8c   Section        0  gd32f4xx_xii-iot.o(i.gd_XII_systeminit)
    i.gd_eval_dip_init                       0x08001ec0   Section        0  gd32f4xx_xii-iot.o(i.gd_eval_dip_init)
    i.gd_eval_key_init                       0x08001ef8   Section        0  gd32f4xx_xii-iot.o(i.gd_eval_key_init)
    i.gd_eval_key_state_get                  0x08001f78   Section        0  gd32f4xx_xii-iot.o(i.gd_eval_key_state_get)
    i.gd_eval_led_init                       0x08001f98   Section        0  gd32f4xx_xii-iot.o(i.gd_eval_led_init)
    i.gd_eval_led_toggle                     0x08001fec   Section        0  gd32f4xx_xii-iot.o(i.gd_eval_led_toggle)
    i.gpio_input_bit_get                     0x08002004   Section        0  gd32f4xx_gpio.o(i.gpio_input_bit_get)
    i.gpio_mode_set                          0x08002014   Section        0  gd32f4xx_gpio.o(i.gpio_mode_set)
    i.gpio_output_options_set                0x08002062   Section        0  gd32f4xx_gpio.o(i.gpio_output_options_set)
    i.main                                   0x080020a4   Section        0  main.o(i.main)
    i.nvic_irq_enable                        0x080020b0   Section        0  gd32f4xx_misc.o(i.nvic_irq_enable)
    i.rcu_periph_clock_enable                0x08002154   Section        0  gd32f4xx_rcu.o(i.rcu_periph_clock_enable)
    i.syscfg_exti_line_config                0x08002178   Section        0  gd32f4xx_syscfg.o(i.syscfg_exti_line_config)
    i.system_clock_200m_irc16m               0x08002224   Section        0  system_gd32f4xx.o(i.system_clock_200m_irc16m)
    system_clock_200m_irc16m                 0x08002225   Thumb Code   238  system_gd32f4xx.o(i.system_clock_200m_irc16m)
    i.system_clock_config                    0x08002320   Section        0  system_gd32f4xx.o(i.system_clock_config)
    system_clock_config                      0x08002321   Thumb Code     8  system_gd32f4xx.o(i.system_clock_config)
    i.system_init                            0x08002328   Section        0  test.o(i.system_init)
    i.systick_config                         0x08002358   Section        0  systick.o(i.systick_config)
    i.test1                                  0x080023a8   Section        0  test.o(i.test1)
    i.usart_data_receive                     0x080023c8   Section        0  gd32f4xx_usart.o(i.usart_data_receive)
    i.usart_data_transmit                    0x080023d2   Section        0  gd32f4xx_usart.o(i.usart_data_transmit)
    i.usart_flag_get                         0x080023da   Section        0  gd32f4xx_usart.o(i.usart_flag_get)
    i.usart_interrupt_flag_clear             0x080023f8   Section        0  gd32f4xx_usart.o(i.usart_interrupt_flag_clear)
    i.usart_interrupt_flag_get               0x08002412   Section        0  gd32f4xx_usart.o(i.usart_interrupt_flag_get)
    locale$$code                             0x08002430   Section       44  lc_ctype_c.o(locale$$code)
    locale$$code                             0x0800245c   Section       44  lc_numeric_c.o(locale$$code)
    x$fpl$fpinit                             0x08002488   Section       10  fpinit.o(x$fpl$fpinit)
    $v0                                      0x08002488   Number         0  fpinit.o(x$fpl$fpinit)
    x$fpl$printf1                            0x08002492   Section        4  printf1.o(x$fpl$printf1)
    $v0                                      0x08002492   Number         0  printf1.o(x$fpl$printf1)
    x$fpl$printf2                            0x08002496   Section        4  printf2.o(x$fpl$printf2)
    $v0                                      0x08002496   Number         0  printf2.o(x$fpl$printf2)
    .constdata                               0x0800249a   Section       40  _printf_hex_int_ll_ptr.o(.constdata)
    x$fpl$usenofp                            0x0800249a   Section        0  usenofp.o(x$fpl$usenofp)
    uc_hextab                                0x0800249a   Data          20  _printf_hex_int_ll_ptr.o(.constdata)
    lc_hextab                                0x080024ae   Data          20  _printf_hex_int_ll_ptr.o(.constdata)
    .constdata                               0x080024c2   Section       17  __printf_flags_ss_wp.o(.constdata)
    maptable                                 0x080024c2   Data          17  __printf_flags_ss_wp.o(.constdata)
    .constdata                               0x080024d4   Section        8  _printf_wctomb.o(.constdata)
    initial_mbstate                          0x080024d4   Data           8  _printf_wctomb.o(.constdata)
    .constdata                               0x080024dc   Section       38  _printf_fp_hex.o(.constdata)
    lc_hextab                                0x080024dc   Data          19  _printf_fp_hex.o(.constdata)
    uc_hextab                                0x080024ef   Data          19  _printf_fp_hex.o(.constdata)
    .constdata                               0x08002504   Section      148  bigflt0.o(.constdata)
    tenpwrs_x                                0x08002504   Data          60  bigflt0.o(.constdata)
    tenpwrs_i                                0x08002540   Data          64  bigflt0.o(.constdata)
    locale$$data                             0x080025b8   Section      272  lc_ctype_c.o(locale$$data)
    __lcctype_c_name                         0x080025bc   Data           2  lc_ctype_c.o(locale$$data)
    __lcctype_c_start                        0x080025c4   Data           0  lc_ctype_c.o(locale$$data)
    locale$$data                             0x080026c8   Section       28  lc_numeric_c.o(locale$$data)
    __lcctype_c_end                          0x080026c8   Data           0  lc_ctype_c.o(locale$$data)
    __lcnum_c_name                           0x080026cc   Data           2  lc_numeric_c.o(locale$$data)
    __lcnum_c_start                          0x080026d4   Data           0  lc_numeric_c.o(locale$$data)
    __lcnum_c_point                          0x080026e0   Data           0  lc_numeric_c.o(locale$$data)
    __lcnum_c_thousands                      0x080026e2   Data           0  lc_numeric_c.o(locale$$data)
    __lcnum_c_grouping                       0x080026e3   Data           0  lc_numeric_c.o(locale$$data)
    __lcnum_c_end                            0x080026e4   Data           0  lc_numeric_c.o(locale$$data)
    .data                                    0x20000000   Section        4  systick.o(.data)
    delay                                    0x20000000   Data           4  systick.o(.data)
    .data                                    0x20000004   Section        4  system_gd32f4xx.o(.data)
    .data                                    0x20000008   Section      324  gd32f4xx_xii-iot.o(.data)
    GPIO_PORT                                0x20000008   Data          32  gd32f4xx_xii-iot.o(.data)
    GPIO_PIN                                 0x20000028   Data          32  gd32f4xx_xii-iot.o(.data)
    COM_CLK                                  0x20000048   Data          12  gd32f4xx_xii-iot.o(.data)
    COM_TX_PIN                               0x20000054   Data          24  gd32f4xx_xii-iot.o(.data)
    COM_RX_PIN                               0x2000006c   Data          24  gd32f4xx_xii-iot.o(.data)
    COM_GPIO_PORT                            0x20000084   Data          24  gd32f4xx_xii-iot.o(.data)
    COM_GPIO_CLK                             0x2000009c   Data          12  gd32f4xx_xii-iot.o(.data)
    GPIO_CLK                                 0x200000a8   Data          16  gd32f4xx_xii-iot.o(.data)
    KEY_PORT                                 0x200000b8   Data          16  gd32f4xx_xii-iot.o(.data)
    KEY_PIN                                  0x200000c8   Data          16  gd32f4xx_xii-iot.o(.data)
    KEY_CLK                                  0x200000d8   Data           8  gd32f4xx_xii-iot.o(.data)
    KEY_EXTI_LINE                            0x200000e0   Data          16  gd32f4xx_xii-iot.o(.data)
    KEY_PORT_SOURCE                          0x200000f0   Data           4  gd32f4xx_xii-iot.o(.data)
    KEY_PIN_SOURCE                           0x200000f4   Data           4  gd32f4xx_xii-iot.o(.data)
    KEY_IRQn                                 0x200000f8   Data           4  gd32f4xx_xii-iot.o(.data)
    DIP_PORT                                 0x200000fc   Data          32  gd32f4xx_xii-iot.o(.data)
    DIP_PIN                                  0x2000011c   Data          32  gd32f4xx_xii-iot.o(.data)
    DIP_CLK                                  0x2000013c   Data          16  gd32f4xx_xii-iot.o(.data)
    .bss                                     0x2000014c   Section      256  gd32f4xx_xii-iot.o(.bss)
    buffer1                                  0x2000014c   Data         128  gd32f4xx_xii-iot.o(.bss)
    buffer2                                  0x200001cc   Data         128  gd32f4xx_xii-iot.o(.bss)
    .bss                                     0x20000250   Section     3072  usart2.o(.bss)
    .bss                                     0x20000e50   Section       96  libspace.o(.bss)
    HEAP                                     0x20000eb0   Section     4096  startup_gd32f407.o(HEAP)
    Heap_Mem                                 0x20000eb0   Data        4096  startup_gd32f407.o(HEAP)
    STACK                                    0x20001eb0   Section     1024  startup_gd32f407.o(STACK)
    Stack_Mem                                0x20001eb0   Data        1024  startup_gd32f407.o(STACK)
    __initial_sp                             0x200022b0   Data           0  startup_gd32f407.o(STACK)

    Global Symbols

    Symbol Name                              Value     Ov Type        Size  Object(Section)

    BuildAttributes$$THM_ISAv4$E$P$D$K$B$S$7EM$VFPi3$EXTD16$VFPS$VFMA$PE$A:L22UL41UL21$X:L11$S22US41US21$IEEE1$IW$USESV6$~STKCKD$USESV7$~SHL$OTIME$ROPI$IEEEX$EBA8$UX$STANDARDLIB$REQ8$PRES8$EABIv2 0x00000000   Number         0  anon$$obj.o ABSOLUTE
    __ARM_use_no_argv                        0x00000000   Number         0  main.o ABSOLUTE
    _printf_flags                            0x00000000   Number         0  printf_stubs.o ABSOLUTE
    _printf_return_value                     0x00000000   Number         0  printf_stubs.o ABSOLUTE
    _printf_sizespec                         0x00000000   Number         0  printf_stubs.o ABSOLUTE
    _printf_widthprec                        0x00000000   Number         0  printf_stubs.o ABSOLUTE
    __ARM_exceptions_init                     - Undefined Weak Reference
    __alloca_initialize                       - Undefined Weak Reference
    __arm_preinit_                            - Undefined Weak Reference
    __cpp_initialize__aeabi_                  - Undefined Weak Reference
    __cxa_finalize                            - Undefined Weak Reference
    __sigvec_lookup                           - Undefined Weak Reference
    __user_heap_extent                        - Undefined Weak Reference
    _atexit_init                              - Undefined Weak Reference
    _call_atexit_fns                          - Undefined Weak Reference
    _clock_init                               - Undefined Weak Reference
    _fp_trap_init                             - Undefined Weak Reference
    _fp_trap_shutdown                         - Undefined Weak Reference
    _get_lc_collate                           - Undefined Weak Reference
    _get_lc_monetary                          - Undefined Weak Reference
    _get_lc_time                              - Undefined Weak Reference
    _getenv_init                              - Undefined Weak Reference
    _handle_redirection                       - Undefined Weak Reference
    _initio                                   - Undefined Weak Reference
    _mutex_acquire                            - Undefined Weak Reference
    _mutex_free                               - Undefined Weak Reference
    _mutex_release                            - Undefined Weak Reference
    _printf_mbtowc                            - Undefined Weak Reference
    _printf_wc                                - Undefined Weak Reference
    _rand_init                                - Undefined Weak Reference
    _scanf_int                                - Undefined Weak Reference
    _scanf_longlong                           - Undefined Weak Reference
    _scanf_mbtowc                             - Undefined Weak Reference
    _scanf_string                             - Undefined Weak Reference
    _scanf_wctomb                             - Undefined Weak Reference
    _scanf_wstring                            - Undefined Weak Reference
    _signal_finish                            - Undefined Weak Reference
    _signal_init                              - Undefined Weak Reference
    _terminateio                              - Undefined Weak Reference
    __Vectors_Size                           0x00000188   Number         0  startup_gd32f407.o ABSOLUTE
    __Vectors                                0x08000000   Data           4  startup_gd32f407.o(RESET)
    __Vectors_End                            0x08000188   Data           0  startup_gd32f407.o(RESET)
    __main                                   0x08000189   Thumb Code     8  __main.o(!!!main)
    __scatterload                            0x08000191   Thumb Code     0  __scatter.o(!!!scatter)
    __scatterload_rt2                        0x08000191   Thumb Code    44  __scatter.o(!!!scatter)
    __scatterload_rt2_thumb_only             0x08000191   Thumb Code     0  __scatter.o(!!!scatter)
    __scatterload_null                       0x0800019f   Thumb Code     0  __scatter.o(!!!scatter)
    __decompress                             0x080001c5   Thumb Code    90  __dczerorl2.o(!!dczerorl2)
    __decompress1                            0x080001c5   Thumb Code     0  __dczerorl2.o(!!dczerorl2)
    __scatterload_zeroinit                   0x08000221   Thumb Code    28  __scatter_zi.o(!!handler_zi)
    _printf_n                                0x0800023d   Thumb Code     0  _printf_n.o(.ARM.Collect$$_printf_percent$$00000001)
    _printf_percent                          0x0800023d   Thumb Code     0  _printf_percent.o(.ARM.Collect$$_printf_percent$$00000000)
    _printf_p                                0x08000243   Thumb Code     0  _printf_p.o(.ARM.Collect$$_printf_percent$$00000002)
    _printf_f                                0x08000249   Thumb Code     0  _printf_f.o(.ARM.Collect$$_printf_percent$$00000003)
    _printf_e                                0x0800024f   Thumb Code     0  _printf_e.o(.ARM.Collect$$_printf_percent$$00000004)
    _printf_g                                0x08000255   Thumb Code     0  _printf_g.o(.ARM.Collect$$_printf_percent$$00000005)
    _printf_a                                0x0800025b   Thumb Code     0  _printf_a.o(.ARM.Collect$$_printf_percent$$00000006)
    _printf_ll                               0x08000261   Thumb Code     0  _printf_ll.o(.ARM.Collect$$_printf_percent$$00000007)
    _printf_i                                0x0800026b   Thumb Code     0  _printf_i.o(.ARM.Collect$$_printf_percent$$00000008)
    _printf_d                                0x08000271   Thumb Code     0  _printf_d.o(.ARM.Collect$$_printf_percent$$00000009)
    _printf_u                                0x08000277   Thumb Code     0  _printf_u.o(.ARM.Collect$$_printf_percent$$0000000A)
    _printf_o                                0x0800027d   Thumb Code     0  _printf_o.o(.ARM.Collect$$_printf_percent$$0000000B)
    _printf_x                                0x08000283   Thumb Code     0  _printf_x.o(.ARM.Collect$$_printf_percent$$0000000C)
    _printf_lli                              0x08000289   Thumb Code     0  _printf_lli.o(.ARM.Collect$$_printf_percent$$0000000D)
    _printf_lld                              0x0800028f   Thumb Code     0  _printf_lld.o(.ARM.Collect$$_printf_percent$$0000000E)
    _printf_llu                              0x08000295   Thumb Code     0  _printf_llu.o(.ARM.Collect$$_printf_percent$$0000000F)
    _printf_llo                              0x0800029b   Thumb Code     0  _printf_llo.o(.ARM.Collect$$_printf_percent$$00000010)
    _printf_llx                              0x080002a1   Thumb Code     0  _printf_llx.o(.ARM.Collect$$_printf_percent$$00000011)
    _printf_l                                0x080002a7   Thumb Code     0  _printf_l.o(.ARM.Collect$$_printf_percent$$00000012)
    _printf_c                                0x080002b1   Thumb Code     0  _printf_c.o(.ARM.Collect$$_printf_percent$$00000013)
    _printf_s                                0x080002b7   Thumb Code     0  _printf_s.o(.ARM.Collect$$_printf_percent$$00000014)
    _printf_lc                               0x080002bd   Thumb Code     0  _printf_lc.o(.ARM.Collect$$_printf_percent$$00000015)
    _printf_ls                               0x080002c3   Thumb Code     0  _printf_ls.o(.ARM.Collect$$_printf_percent$$00000016)
    _printf_percent_end                      0x080002c9   Thumb Code     0  _printf_percent_end.o(.ARM.Collect$$_printf_percent$$00000017)
    __rt_lib_init                            0x080002cd   Thumb Code     0  libinit.o(.ARM.Collect$$libinit$$00000000)
    __rt_lib_init_fp_1                       0x080002cf   Thumb Code     0  libinit2.o(.ARM.Collect$$libinit$$00000001)
    __rt_lib_init_heap_1                     0x080002d3   Thumb Code     0  libinit2.o(.ARM.Collect$$libinit$$0000000A)
    __rt_lib_init_lc_common                  0x080002d3   Thumb Code     0  libinit2.o(.ARM.Collect$$libinit$$0000000F)
    __rt_lib_init_preinit_1                  0x080002d3   Thumb Code     0  libinit2.o(.ARM.Collect$$libinit$$00000004)
    __rt_lib_init_rand_1                     0x080002d3   Thumb Code     0  libinit2.o(.ARM.Collect$$libinit$$0000000E)
    __rt_lib_init_user_alloc_1               0x080002d3   Thumb Code     0  libinit2.o(.ARM.Collect$$libinit$$0000000C)
    __rt_lib_init_lc_collate_1               0x080002d9   Thumb Code     0  libinit2.o(.ARM.Collect$$libinit$$00000011)
    __rt_lib_init_lc_ctype_2                 0x080002d9   Thumb Code     0  libinit2.o(.ARM.Collect$$libinit$$00000012)
    __rt_lib_init_lc_ctype_1                 0x080002e5   Thumb Code     0  libinit2.o(.ARM.Collect$$libinit$$00000013)
    __rt_lib_init_lc_monetary_1              0x080002e5   Thumb Code     0  libinit2.o(.ARM.Collect$$libinit$$00000015)
    __rt_lib_init_lc_numeric_2               0x080002e5   Thumb Code     0  libinit2.o(.ARM.Collect$$libinit$$00000016)
    __rt_lib_init_alloca_1                   0x080002ef   Thumb Code     0  libinit2.o(.ARM.Collect$$libinit$$0000002E)
    __rt_lib_init_argv_1                     0x080002ef   Thumb Code     0  libinit2.o(.ARM.Collect$$libinit$$0000002C)
    __rt_lib_init_atexit_1                   0x080002ef   Thumb Code     0  libinit2.o(.ARM.Collect$$libinit$$0000001B)
    __rt_lib_init_clock_1                    0x080002ef   Thumb Code     0  libinit2.o(.ARM.Collect$$libinit$$00000021)
    __rt_lib_init_cpp_1                      0x080002ef   Thumb Code     0  libinit2.o(.ARM.Collect$$libinit$$00000032)
    __rt_lib_init_exceptions_1               0x080002ef   Thumb Code     0  libinit2.o(.ARM.Collect$$libinit$$00000030)
    __rt_lib_init_fp_trap_1                  0x080002ef   Thumb Code     0  libinit2.o(.ARM.Collect$$libinit$$0000001F)
    __rt_lib_init_getenv_1                   0x080002ef   Thumb Code     0  libinit2.o(.ARM.Collect$$libinit$$00000023)
    __rt_lib_init_lc_numeric_1               0x080002ef   Thumb Code     0  libinit2.o(.ARM.Collect$$libinit$$00000017)
    __rt_lib_init_lc_time_1                  0x080002ef   Thumb Code     0  libinit2.o(.ARM.Collect$$libinit$$00000019)
    __rt_lib_init_return                     0x080002ef   Thumb Code     0  libinit2.o(.ARM.Collect$$libinit$$00000033)
    __rt_lib_init_signal_1                   0x080002ef   Thumb Code     0  libinit2.o(.ARM.Collect$$libinit$$0000001D)
    __rt_lib_init_stdio_1                    0x080002ef   Thumb Code     0  libinit2.o(.ARM.Collect$$libinit$$00000025)
    __rt_lib_shutdown                        0x080002f1   Thumb Code     0  libshutdown.o(.ARM.Collect$$libshutdown$$00000000)
    __rt_lib_shutdown_cpp_1                  0x080002f3   Thumb Code     0  libshutdown2.o(.ARM.Collect$$libshutdown$$00000002)
    __rt_lib_shutdown_fp_trap_1              0x080002f3   Thumb Code     0  libshutdown2.o(.ARM.Collect$$libshutdown$$00000007)
    __rt_lib_shutdown_heap_1                 0x080002f3   Thumb Code     0  libshutdown2.o(.ARM.Collect$$libshutdown$$0000000F)
    __rt_lib_shutdown_return                 0x080002f3   Thumb Code     0  libshutdown2.o(.ARM.Collect$$libshutdown$$00000010)
    __rt_lib_shutdown_signal_1               0x080002f3   Thumb Code     0  libshutdown2.o(.ARM.Collect$$libshutdown$$0000000A)
    __rt_lib_shutdown_stdio_1                0x080002f3   Thumb Code     0  libshutdown2.o(.ARM.Collect$$libshutdown$$00000004)
    __rt_lib_shutdown_user_alloc_1           0x080002f3   Thumb Code     0  libshutdown2.o(.ARM.Collect$$libshutdown$$0000000C)
    __rt_entry                               0x080002f5   Thumb Code     0  __rtentry.o(.ARM.Collect$$rtentry$$00000000)
    __rt_entry_presh_1                       0x080002f5   Thumb Code     0  __rtentry2.o(.ARM.Collect$$rtentry$$00000002)
    __rt_entry_sh                            0x080002f5   Thumb Code     0  __rtentry4.o(.ARM.Collect$$rtentry$$00000004)
    __rt_entry_li                            0x080002fb   Thumb Code     0  __rtentry2.o(.ARM.Collect$$rtentry$$0000000A)
    __rt_entry_postsh_1                      0x080002fb   Thumb Code     0  __rtentry2.o(.ARM.Collect$$rtentry$$00000009)
    __rt_entry_main                          0x080002ff   Thumb Code     0  __rtentry2.o(.ARM.Collect$$rtentry$$0000000D)
    __rt_entry_postli_1                      0x080002ff   Thumb Code     0  __rtentry2.o(.ARM.Collect$$rtentry$$0000000C)
    __rt_exit                                0x08000307   Thumb Code     0  rtexit.o(.ARM.Collect$$rtexit$$00000000)
    __rt_exit_ls                             0x08000309   Thumb Code     0  rtexit2.o(.ARM.Collect$$rtexit$$00000003)
    __rt_exit_prels_1                        0x08000309   Thumb Code     0  rtexit2.o(.ARM.Collect$$rtexit$$00000002)
    __rt_exit_exit                           0x0800030d   Thumb Code     0  rtexit2.o(.ARM.Collect$$rtexit$$00000004)
    Reset_Handler                            0x08000315   Thumb Code     8  startup_gd32f407.o(.text)
    ADC_IRQHandler                           0x0800032f   Thumb Code     0  startup_gd32f407.o(.text)
    CAN0_EWMC_IRQHandler                     0x0800032f   Thumb Code     0  startup_gd32f407.o(.text)
    CAN0_RX0_IRQHandler                      0x0800032f   Thumb Code     0  startup_gd32f407.o(.text)
    CAN0_RX1_IRQHandler                      0x0800032f   Thumb Code     0  startup_gd32f407.o(.text)
    CAN0_TX_IRQHandler                       0x0800032f   Thumb Code     0  startup_gd32f407.o(.text)
    CAN1_EWMC_IRQHandler                     0x0800032f   Thumb Code     0  startup_gd32f407.o(.text)
    CAN1_RX0_IRQHandler                      0x0800032f   Thumb Code     0  startup_gd32f407.o(.text)
    CAN1_RX1_IRQHandler                      0x0800032f   Thumb Code     0  startup_gd32f407.o(.text)
    CAN1_TX_IRQHandler                       0x0800032f   Thumb Code     0  startup_gd32f407.o(.text)
    DCI_IRQHandler                           0x0800032f   Thumb Code     0  startup_gd32f407.o(.text)
    DMA0_Channel0_IRQHandler                 0x0800032f   Thumb Code     0  startup_gd32f407.o(.text)
    DMA0_Channel1_IRQHandler                 0x0800032f   Thumb Code     0  startup_gd32f407.o(.text)
    DMA0_Channel2_IRQHandler                 0x0800032f   Thumb Code     0  startup_gd32f407.o(.text)
    DMA0_Channel3_IRQHandler                 0x0800032f   Thumb Code     0  startup_gd32f407.o(.text)
    DMA0_Channel4_IRQHandler                 0x0800032f   Thumb Code     0  startup_gd32f407.o(.text)
    DMA0_Channel5_IRQHandler                 0x0800032f   Thumb Code     0  startup_gd32f407.o(.text)
    DMA0_Channel6_IRQHandler                 0x0800032f   Thumb Code     0  startup_gd32f407.o(.text)
    DMA0_Channel7_IRQHandler                 0x0800032f   Thumb Code     0  startup_gd32f407.o(.text)
    DMA1_Channel0_IRQHandler                 0x0800032f   Thumb Code     0  startup_gd32f407.o(.text)
    DMA1_Channel1_IRQHandler                 0x0800032f   Thumb Code     0  startup_gd32f407.o(.text)
    DMA1_Channel2_IRQHandler                 0x0800032f   Thumb Code     0  startup_gd32f407.o(.text)
    DMA1_Channel3_IRQHandler                 0x0800032f   Thumb Code     0  startup_gd32f407.o(.text)
    DMA1_Channel4_IRQHandler                 0x0800032f   Thumb Code     0  startup_gd32f407.o(.text)
    DMA1_Channel5_IRQHandler                 0x0800032f   Thumb Code     0  startup_gd32f407.o(.text)
    DMA1_Channel6_IRQHandler                 0x0800032f   Thumb Code     0  startup_gd32f407.o(.text)
    DMA1_Channel7_IRQHandler                 0x0800032f   Thumb Code     0  startup_gd32f407.o(.text)
    ENET_IRQHandler                          0x0800032f   Thumb Code     0  startup_gd32f407.o(.text)
    ENET_WKUP_IRQHandler                     0x0800032f   Thumb Code     0  startup_gd32f407.o(.text)
    EXMC_IRQHandler                          0x0800032f   Thumb Code     0  startup_gd32f407.o(.text)
    EXTI0_IRQHandler                         0x0800032f   Thumb Code     0  startup_gd32f407.o(.text)
    EXTI10_15_IRQHandler                     0x0800032f   Thumb Code     0  startup_gd32f407.o(.text)
    EXTI1_IRQHandler                         0x0800032f   Thumb Code     0  startup_gd32f407.o(.text)
    EXTI2_IRQHandler                         0x0800032f   Thumb Code     0  startup_gd32f407.o(.text)
    EXTI3_IRQHandler                         0x0800032f   Thumb Code     0  startup_gd32f407.o(.text)
    EXTI4_IRQHandler                         0x0800032f   Thumb Code     0  startup_gd32f407.o(.text)
    EXTI5_9_IRQHandler                       0x0800032f   Thumb Code     0  startup_gd32f407.o(.text)
    FMC_IRQHandler                           0x0800032f   Thumb Code     0  startup_gd32f407.o(.text)
    FPU_IRQHandler                           0x0800032f   Thumb Code     0  startup_gd32f407.o(.text)
    I2C0_ER_IRQHandler                       0x0800032f   Thumb Code     0  startup_gd32f407.o(.text)
    I2C0_EV_IRQHandler                       0x0800032f   Thumb Code     0  startup_gd32f407.o(.text)
    I2C1_ER_IRQHandler                       0x0800032f   Thumb Code     0  startup_gd32f407.o(.text)
    I2C1_EV_IRQHandler                       0x0800032f   Thumb Code     0  startup_gd32f407.o(.text)
    I2C2_ER_IRQHandler                       0x0800032f   Thumb Code     0  startup_gd32f407.o(.text)
    I2C2_EV_IRQHandler                       0x0800032f   Thumb Code     0  startup_gd32f407.o(.text)
    LVD_IRQHandler                           0x0800032f   Thumb Code     0  startup_gd32f407.o(.text)
    RCU_CTC_IRQHandler                       0x0800032f   Thumb Code     0  startup_gd32f407.o(.text)
    RTC_Alarm_IRQHandler                     0x0800032f   Thumb Code     0  startup_gd32f407.o(.text)
    RTC_WKUP_IRQHandler                      0x0800032f   Thumb Code     0  startup_gd32f407.o(.text)
    SDIO_IRQHandler                          0x0800032f   Thumb Code     0  startup_gd32f407.o(.text)
    SPI0_IRQHandler                          0x0800032f   Thumb Code     0  startup_gd32f407.o(.text)
    SPI1_IRQHandler                          0x0800032f   Thumb Code     0  startup_gd32f407.o(.text)
    SPI2_IRQHandler                          0x0800032f   Thumb Code     0  startup_gd32f407.o(.text)
    TAMPER_STAMP_IRQHandler                  0x0800032f   Thumb Code     0  startup_gd32f407.o(.text)
    TIMER0_BRK_TIMER8_IRQHandler             0x0800032f   Thumb Code     0  startup_gd32f407.o(.text)
    TIMER0_CC_IRQHandler                     0x0800032f   Thumb Code     0  startup_gd32f407.o(.text)
    TIMER0_TRG_CMT_TIMER10_IRQHandler        0x0800032f   Thumb Code     0  startup_gd32f407.o(.text)
    TIMER0_UP_TIMER9_IRQHandler              0x0800032f   Thumb Code     0  startup_gd32f407.o(.text)
    TIMER1_IRQHandler                        0x0800032f   Thumb Code     0  startup_gd32f407.o(.text)
    TIMER2_IRQHandler                        0x0800032f   Thumb Code     0  startup_gd32f407.o(.text)
    TIMER3_IRQHandler                        0x0800032f   Thumb Code     0  startup_gd32f407.o(.text)
    TIMER4_IRQHandler                        0x0800032f   Thumb Code     0  startup_gd32f407.o(.text)
    TIMER5_DAC_IRQHandler                    0x0800032f   Thumb Code     0  startup_gd32f407.o(.text)
    TIMER6_IRQHandler                        0x0800032f   Thumb Code     0  startup_gd32f407.o(.text)
    TIMER7_BRK_TIMER11_IRQHandler            0x0800032f   Thumb Code     0  startup_gd32f407.o(.text)
    TIMER7_CC_IRQHandler                     0x0800032f   Thumb Code     0  startup_gd32f407.o(.text)
    TIMER7_TRG_CMT_TIMER13_IRQHandler        0x0800032f   Thumb Code     0  startup_gd32f407.o(.text)
    TIMER7_UP_TIMER12_IRQHandler             0x0800032f   Thumb Code     0  startup_gd32f407.o(.text)
    TRNG_IRQHandler                          0x0800032f   Thumb Code     0  startup_gd32f407.o(.text)
    UART3_IRQHandler                         0x0800032f   Thumb Code     0  startup_gd32f407.o(.text)
    UART4_IRQHandler                         0x0800032f   Thumb Code     0  startup_gd32f407.o(.text)
    USART0_IRQHandler                        0x0800032f   Thumb Code     0  startup_gd32f407.o(.text)
    USART2_IRQHandler                        0x0800032f   Thumb Code     0  startup_gd32f407.o(.text)
    USART5_IRQHandler                        0x0800032f   Thumb Code     0  startup_gd32f407.o(.text)
    USBFS_IRQHandler                         0x0800032f   Thumb Code     0  startup_gd32f407.o(.text)
    USBFS_WKUP_IRQHandler                    0x0800032f   Thumb Code     0  startup_gd32f407.o(.text)
    USBHS_EP1_In_IRQHandler                  0x0800032f   Thumb Code     0  startup_gd32f407.o(.text)
    USBHS_EP1_Out_IRQHandler                 0x0800032f   Thumb Code     0  startup_gd32f407.o(.text)
    USBHS_IRQHandler                         0x0800032f   Thumb Code     0  startup_gd32f407.o(.text)
    USBHS_WKUP_IRQHandler                    0x0800032f   Thumb Code     0  startup_gd32f407.o(.text)
    WWDGT_IRQHandler                         0x0800032f   Thumb Code     0  startup_gd32f407.o(.text)
    __user_initial_stackheap                 0x08000331   Thumb Code    10  startup_gd32f407.o(.text)
    vsprintf                                 0x08000355   Thumb Code    32  vsprintf.o(.text)
    _printf_pre_padding                      0x08000379   Thumb Code    44  _printf_pad.o(.text)
    _printf_post_padding                     0x080003a5   Thumb Code    34  _printf_pad.o(.text)
    _printf_str                              0x080003c7   Thumb Code    82  _printf_str.o(.text)
    _printf_int_dec                          0x08000419   Thumb Code   104  _printf_dec.o(.text)
    _printf_longlong_hex                     0x08000491   Thumb Code    86  _printf_hex_int_ll_ptr.o(.text)
    _printf_int_hex                          0x080004e7   Thumb Code    28  _printf_hex_int_ll_ptr.o(.text)
    _printf_ll_hex                           0x08000503   Thumb Code    12  _printf_hex_int_ll_ptr.o(.text)
    _printf_hex_ptr                          0x0800050f   Thumb Code    18  _printf_hex_int_ll_ptr.o(.text)
    __printf                                 0x08000525   Thumb Code   388  __printf_flags_ss_wp.o(.text)
    strcmp                                   0x080006ad   Thumb Code   128  strcmpv7m.o(.text)
    __use_two_region_memory                  0x0800072d   Thumb Code     2  heapauxi.o(.text)
    __rt_heap_escrow                         0x0800072f   Thumb Code     2  heapauxi.o(.text)
    __rt_heap_expand                         0x08000731   Thumb Code     2  heapauxi.o(.text)
    __rt_ctype_table                         0x08000735   Thumb Code    16  rt_ctype_table.o(.text)
    _printf_truncate_signed                  0x08000745   Thumb Code    18  _printf_truncate.o(.text)
    _printf_truncate_unsigned                0x08000757   Thumb Code    18  _printf_truncate.o(.text)
    _printf_int_common                       0x08000769   Thumb Code   178  _printf_intcommon.o(.text)
    _printf_charcount                        0x0800081b   Thumb Code    40  _printf_charcount.o(.text)
    __lib_sel_fp_printf                      0x08000843   Thumb Code     2  _printf_fp_dec.o(.text)
    _printf_fp_dec_real                      0x080009f1   Thumb Code   620  _printf_fp_dec.o(.text)
    _printf_char_common                      0x08000c67   Thumb Code    32  _printf_char_common.o(.text)
    _sputc                                   0x08000c8d   Thumb Code    10  _sputc.o(.text)
    _printf_cs_common                        0x08000c97   Thumb Code    20  _printf_char.o(.text)
    _printf_char                             0x08000cab   Thumb Code    16  _printf_char.o(.text)
    _printf_string                           0x08000cbb   Thumb Code     8  _printf_char.o(.text)
    _printf_wctomb                           0x08000cc5   Thumb Code   182  _printf_wctomb.o(.text)
    _printf_longlong_dec                     0x08000d81   Thumb Code   108  _printf_longlong_dec.o(.text)
    _printf_longlong_oct                     0x08000dfd   Thumb Code    68  _printf_oct_int_ll.o(.text)
    _printf_int_oct                          0x08000e41   Thumb Code    24  _printf_oct_int_ll.o(.text)
    _printf_ll_oct                           0x08000e59   Thumb Code    12  _printf_oct_int_ll.o(.text)
    __user_libspace                          0x08000e6d   Thumb Code     8  libspace.o(.text)
    __user_perproc_libspace                  0x08000e6d   Thumb Code     0  libspace.o(.text)
    __user_perthread_libspace                0x08000e6d   Thumb Code     0  libspace.o(.text)
    __rt_locale                              0x08000e75   Thumb Code     8  rt_locale_intlibspace.o(.text)
    _ll_udiv10                               0x08000e7d   Thumb Code   138  lludiv10.o(.text)
    _printf_fp_hex_real                      0x08000f09   Thumb Code   754  _printf_fp_hex.o(.text)
    _printf_fp_infnan                        0x08001205   Thumb Code   112  _printf_fp_infnan.o(.text)
    _printf_lcs_common                       0x08001285   Thumb Code    20  _printf_wchar.o(.text)
    _printf_wchar                            0x08001299   Thumb Code    16  _printf_wchar.o(.text)
    _printf_wstring                          0x080012a9   Thumb Code     8  _printf_wchar.o(.text)
    _btod_etento                             0x080012b1   Thumb Code   216  bigflt0.o(.text)
    _wcrtomb                                 0x0800138d   Thumb Code    64  _wcrtomb.o(.text)
    __I$use$semihosting                      0x080013cd   Thumb Code     0  use_no_semi.o(.text)
    __use_no_semihosting_swi                 0x080013cd   Thumb Code     2  use_no_semi.o(.text)
    __semihosting_library_function           0x080013cf   Thumb Code     0  indicate_semi.o(.text)
    __user_setup_stackheap                   0x080013cf   Thumb Code    74  sys_stackheap_outer.o(.text)
    exit                                     0x08001419   Thumb Code    18  exit.o(.text)
    _sys_exit                                0x0800142d   Thumb Code     8  sys_exit.o(.text)
    _btod_d2e                                0x08001439   Thumb Code    62  btod.o(CL$$btod_d2e)
    _d2e_denorm_low                          0x08001477   Thumb Code    70  btod.o(CL$$btod_d2e_denorm_low)
    _d2e_norm_op1                            0x080014bd   Thumb Code    96  btod.o(CL$$btod_d2e_norm_op1)
    __btod_div_common                        0x0800151d   Thumb Code   696  btod.o(CL$$btod_div_common)
    _e2e                                     0x08001855   Thumb Code   198  btod.o(CL$$btod_e2e)
    _btod_ediv                               0x0800191b   Thumb Code    40  btod.o(CL$$btod_ediv)
    _btod_emul                               0x08001943   Thumb Code    40  btod.o(CL$$btod_emul)
    __btod_mult_common                       0x0800196b   Thumb Code   580  btod.o(CL$$btod_mult_common)
    BusFault_Handler                         0x08001baf   Thumb Code     4  gd32f4xx_it.o(i.BusFault_Handler)
    DebugMon_Handler                         0x08001bb3   Thumb Code     2  gd32f4xx_it.o(i.DebugMon_Handler)
    HardFault_Handler                        0x08001bb5   Thumb Code     4  gd32f4xx_it.o(i.HardFault_Handler)
    MemManage_Handler                        0x08001bb9   Thumb Code     4  gd32f4xx_it.o(i.MemManage_Handler)
    NMI_Handler                              0x08001bbd   Thumb Code     2  gd32f4xx_it.o(i.NMI_Handler)
    PendSV_Handler                           0x08001be9   Thumb Code     2  gd32f4xx_it.o(i.PendSV_Handler)
    SVC_Handler                              0x08001beb   Thumb Code     2  gd32f4xx_it.o(i.SVC_Handler)
    SysTick_Handler                          0x08001bed   Thumb Code     8  gd32f4xx_it.o(i.SysTick_Handler)
    SystemInit                               0x08001bf5   Thumb Code    78  system_gd32f4xx.o(i.SystemInit)
    USART1_IRQHandler                        0x08001c55   Thumb Code    82  usart2.o(i.USART1_IRQHandler)
    Uart0Printf                              0x08001cbd   Thumb Code    64  gd32f4xx_xii-iot.o(i.Uart0Printf)
    Uart0WriteByte                           0x08001d05   Thumb Code    28  gd32f4xx_xii-iot.o(i.Uart0WriteByte)
    UsageFault_Handler                       0x08001d25   Thumb Code     4  gd32f4xx_it.o(i.UsageFault_Handler)
    __ARM_fpclassify                         0x08001d29   Thumb Code    48  fpclassify.o(i.__ARM_fpclassify)
    _is_digit                                0x08001d59   Thumb Code    14  __printf_wp.o(i._is_digit)
    delay_1ms                                0x08001d69   Thumb Code    16  systick.o(i.delay_1ms)
    delay_decrement                          0x08001d7d   Thumb Code    18  systick.o(i.delay_decrement)
    dipinit                                  0x08001d95   Thumb Code    52  gd32f4xx_xii-iot.o(i.dipinit)
    exti_init                                0x08001dc9   Thumb Code   178  gd32f4xx_exti.o(i.exti_init)
    exti_interrupt_flag_clear                0x08001e81   Thumb Code     6  gd32f4xx_exti.o(i.exti_interrupt_flag_clear)
    gd_XII_systeminit                        0x08001e8d   Thumb Code    52  gd32f4xx_xii-iot.o(i.gd_XII_systeminit)
    gd_eval_dip_init                         0x08001ec1   Thumb Code    44  gd32f4xx_xii-iot.o(i.gd_eval_dip_init)
    gd_eval_key_init                         0x08001ef9   Thumb Code    98  gd32f4xx_xii-iot.o(i.gd_eval_key_init)
    gd_eval_key_state_get                    0x08001f79   Thumb Code    22  gd32f4xx_xii-iot.o(i.gd_eval_key_state_get)
    gd_eval_led_init                         0x08001f99   Thumb Code    70  gd32f4xx_xii-iot.o(i.gd_eval_led_init)
    gd_eval_led_toggle                       0x08001fed   Thumb Code    16  gd32f4xx_xii-iot.o(i.gd_eval_led_toggle)
    gpio_input_bit_get                       0x08002005   Thumb Code    16  gd32f4xx_gpio.o(i.gpio_input_bit_get)
    gpio_mode_set                            0x08002015   Thumb Code    78  gd32f4xx_gpio.o(i.gpio_mode_set)
    gpio_output_options_set                  0x08002063   Thumb Code    66  gd32f4xx_gpio.o(i.gpio_output_options_set)
    main                                     0x080020a5   Thumb Code    12  main.o(i.main)
    nvic_irq_enable                          0x080020b1   Thumb Code   156  gd32f4xx_misc.o(i.nvic_irq_enable)
    rcu_periph_clock_enable                  0x08002155   Thumb Code    32  gd32f4xx_rcu.o(i.rcu_periph_clock_enable)
    syscfg_exti_line_config                  0x08002179   Thumb Code   166  gd32f4xx_syscfg.o(i.syscfg_exti_line_config)
    system_init                              0x08002329   Thumb Code    48  test.o(i.system_init)
    systick_config                           0x08002359   Thumb Code    74  systick.o(i.systick_config)
    test1                                    0x080023a9   Thumb Code    32  test.o(i.test1)
    usart_data_receive                       0x080023c9   Thumb Code    10  gd32f4xx_usart.o(i.usart_data_receive)
    usart_data_transmit                      0x080023d3   Thumb Code     8  gd32f4xx_usart.o(i.usart_data_transmit)
    usart_flag_get                           0x080023db   Thumb Code    30  gd32f4xx_usart.o(i.usart_flag_get)
    usart_interrupt_flag_clear               0x080023f9   Thumb Code    26  gd32f4xx_usart.o(i.usart_interrupt_flag_clear)
    usart_interrupt_flag_get                 0x08002413   Thumb Code    30  gd32f4xx_usart.o(i.usart_interrupt_flag_get)
    _get_lc_ctype                            0x08002431   Thumb Code    44  lc_ctype_c.o(locale$$code)
    _get_lc_numeric                          0x0800245d   Thumb Code    44  lc_numeric_c.o(locale$$code)
    _fp_init                                 0x08002489   Thumb Code    10  fpinit.o(x$fpl$fpinit)
    __fplib_config_fpu_vfp                   0x08002491   Thumb Code     0  fpinit.o(x$fpl$fpinit)
    __fplib_config_pureend_doubles           0x08002491   Thumb Code     0  fpinit.o(x$fpl$fpinit)
    _printf_fp_dec                           0x08002493   Thumb Code     4  printf1.o(x$fpl$printf1)
    _printf_fp_hex                           0x08002497   Thumb Code     4  printf2.o(x$fpl$printf2)
    __I$use$fp                               0x0800249a   Number         0  usenofp.o(x$fpl$usenofp)
    Region$$Table$$Base                      0x08002598   Number         0  anon$$obj.o(Region$$Table)
    Region$$Table$$Limit                     0x080025b8   Number         0  anon$$obj.o(Region$$Table)
    __ctype                                  0x080025c5   Data           0  lc_ctype_c.o(locale$$data)
    SystemCoreClock                          0x20000004   Data           4  system_gd32f4xx.o(.data)
    USART2_TX_BUF                            0x20000250   Data        2048  usart2.o(.bss)
    USART2_RX_BUF                            0x20000a50   Data        1024  usart2.o(.bss)
    __libspace_start                         0x20000e50   Data          96  libspace.o(.bss)
    __temporary_stack_top$libspace           0x20000eb0   Data           0  libspace.o(.bss)



==============================================================================

Memory Map of the image

  Image Entry point : 0x08000315

  Load Region LR_1 (Base: 0x08000000, Size: 0x00002830, Max: 0xffffffff, ABSOLUTE, COMPRESSED[0x0000276c])

    Execution Region ER_RO (Exec base: 0x08000000, Load base: 0x08000000, Size: 0x000026e4, Max: 0xffffffff, ABSOLUTE)

    Exec Addr    Load Addr    Size         Type   Attr      Idx    E Section Name        Object

    0x08000000   0x08000000   0x00000188   Data   RO          359    RESET               startup_gd32f407.o
    0x08000188   0x08000188   0x00000008   Code   RO         7327  * !!!main             c_w.l(__main.o)
    0x08000190   0x08000190   0x00000034   Code   RO         7782    !!!scatter          c_w.l(__scatter.o)
    0x080001c4   0x080001c4   0x0000005a   Code   RO         7780    !!dczerorl2         c_w.l(__dczerorl2.o)
    0x0800021e   0x0800021e   0x00000002   PAD
    0x08000220   0x08000220   0x0000001c   Code   RO         7784    !!handler_zi        c_w.l(__scatter_zi.o)
    0x0800023c   0x0800023c   0x00000000   Code   RO         7300    .ARM.Collect$$_printf_percent$$00000000  c_w.l(_printf_percent.o)
    0x0800023c   0x0800023c   0x00000006   Code   RO         7425    .ARM.Collect$$_printf_percent$$00000001  c_w.l(_printf_n.o)
    0x08000242   0x08000242   0x00000006   Code   RO         7426    .ARM.Collect$$_printf_percent$$00000002  c_w.l(_printf_p.o)
    0x08000248   0x08000248   0x00000006   Code   RO         7429    .ARM.Collect$$_printf_percent$$00000003  c_w.l(_printf_f.o)
    0x0800024e   0x0800024e   0x00000006   Code   RO         7430    .ARM.Collect$$_printf_percent$$00000004  c_w.l(_printf_e.o)
    0x08000254   0x08000254   0x00000006   Code   RO         7299    .ARM.Collect$$_printf_percent$$00000005  c_w.l(_printf_g.o)
    0x0800025a   0x0800025a   0x00000006   Code   RO         7431    .ARM.Collect$$_printf_percent$$00000006  c_w.l(_printf_a.o)
    0x08000260   0x08000260   0x0000000a   Code   RO         7436    .ARM.Collect$$_printf_percent$$00000007  c_w.l(_printf_ll.o)
    0x0800026a   0x0800026a   0x00000006   Code   RO         7297    .ARM.Collect$$_printf_percent$$00000008  c_w.l(_printf_i.o)
    0x08000270   0x08000270   0x00000006   Code   RO         7428    .ARM.Collect$$_printf_percent$$00000009  c_w.l(_printf_d.o)
    0x08000276   0x08000276   0x00000006   Code   RO         7298    .ARM.Collect$$_printf_percent$$0000000A  c_w.l(_printf_u.o)
    0x0800027c   0x0800027c   0x00000006   Code   RO         7427    .ARM.Collect$$_printf_percent$$0000000B  c_w.l(_printf_o.o)
    0x08000282   0x08000282   0x00000006   Code   RO         7296    .ARM.Collect$$_printf_percent$$0000000C  c_w.l(_printf_x.o)
    0x08000288   0x08000288   0x00000006   Code   RO         7433    .ARM.Collect$$_printf_percent$$0000000D  c_w.l(_printf_lli.o)
    0x0800028e   0x0800028e   0x00000006   Code   RO         7434    .ARM.Collect$$_printf_percent$$0000000E  c_w.l(_printf_lld.o)
    0x08000294   0x08000294   0x00000006   Code   RO         7435    .ARM.Collect$$_printf_percent$$0000000F  c_w.l(_printf_llu.o)
    0x0800029a   0x0800029a   0x00000006   Code   RO         7440    .ARM.Collect$$_printf_percent$$00000010  c_w.l(_printf_llo.o)
    0x080002a0   0x080002a0   0x00000006   Code   RO         7441    .ARM.Collect$$_printf_percent$$00000011  c_w.l(_printf_llx.o)
    0x080002a6   0x080002a6   0x0000000a   Code   RO         7437    .ARM.Collect$$_printf_percent$$00000012  c_w.l(_printf_l.o)
    0x080002b0   0x080002b0   0x00000006   Code   RO         7424    .ARM.Collect$$_printf_percent$$00000013  c_w.l(_printf_c.o)
    0x080002b6   0x080002b6   0x00000006   Code   RO         7295    .ARM.Collect$$_printf_percent$$00000014  c_w.l(_printf_s.o)
    0x080002bc   0x080002bc   0x00000006   Code   RO         7438    .ARM.Collect$$_printf_percent$$00000015  c_w.l(_printf_lc.o)
    0x080002c2   0x080002c2   0x00000006   Code   RO         7439    .ARM.Collect$$_printf_percent$$00000016  c_w.l(_printf_ls.o)
    0x080002c8   0x080002c8   0x00000004   Code   RO         7432    .ARM.Collect$$_printf_percent$$00000017  c_w.l(_printf_percent_end.o)
    0x080002cc   0x080002cc   0x00000002   Code   RO         7660    .ARM.Collect$$libinit$$00000000  c_w.l(libinit.o)
    0x080002ce   0x080002ce   0x00000004   Code   RO         7452    .ARM.Collect$$libinit$$00000001  c_w.l(libinit2.o)
    0x080002d2   0x080002d2   0x00000000   Code   RO         7455    .ARM.Collect$$libinit$$00000004  c_w.l(libinit2.o)
    0x080002d2   0x080002d2   0x00000000   Code   RO         7458    .ARM.Collect$$libinit$$0000000A  c_w.l(libinit2.o)
    0x080002d2   0x080002d2   0x00000000   Code   RO         7460    .ARM.Collect$$libinit$$0000000C  c_w.l(libinit2.o)
    0x080002d2   0x080002d2   0x00000000   Code   RO         7462    .ARM.Collect$$libinit$$0000000E  c_w.l(libinit2.o)
    0x080002d2   0x080002d2   0x00000006   Code   RO         7463    .ARM.Collect$$libinit$$0000000F  c_w.l(libinit2.o)
    0x080002d8   0x080002d8   0x00000000   Code   RO         7465    .ARM.Collect$$libinit$$00000011  c_w.l(libinit2.o)
    0x080002d8   0x080002d8   0x0000000c   Code   RO         7466    .ARM.Collect$$libinit$$00000012  c_w.l(libinit2.o)
    0x080002e4   0x080002e4   0x00000000   Code   RO         7467    .ARM.Collect$$libinit$$00000013  c_w.l(libinit2.o)
    0x080002e4   0x080002e4   0x00000000   Code   RO         7469    .ARM.Collect$$libinit$$00000015  c_w.l(libinit2.o)
    0x080002e4   0x080002e4   0x0000000a   Code   RO         7470    .ARM.Collect$$libinit$$00000016  c_w.l(libinit2.o)
    0x080002ee   0x080002ee   0x00000000   Code   RO         7471    .ARM.Collect$$libinit$$00000017  c_w.l(libinit2.o)
    0x080002ee   0x080002ee   0x00000000   Code   RO         7473    .ARM.Collect$$libinit$$00000019  c_w.l(libinit2.o)
    0x080002ee   0x080002ee   0x00000000   Code   RO         7475    .ARM.Collect$$libinit$$0000001B  c_w.l(libinit2.o)
    0x080002ee   0x080002ee   0x00000000   Code   RO         7477    .ARM.Collect$$libinit$$0000001D  c_w.l(libinit2.o)
    0x080002ee   0x080002ee   0x00000000   Code   RO         7479    .ARM.Collect$$libinit$$0000001F  c_w.l(libinit2.o)
    0x080002ee   0x080002ee   0x00000000   Code   RO         7481    .ARM.Collect$$libinit$$00000021  c_w.l(libinit2.o)
    0x080002ee   0x080002ee   0x00000000   Code   RO         7483    .ARM.Collect$$libinit$$00000023  c_w.l(libinit2.o)
    0x080002ee   0x080002ee   0x00000000   Code   RO         7485    .ARM.Collect$$libinit$$00000025  c_w.l(libinit2.o)
    0x080002ee   0x080002ee   0x00000000   Code   RO         7489    .ARM.Collect$$libinit$$0000002C  c_w.l(libinit2.o)
    0x080002ee   0x080002ee   0x00000000   Code   RO         7491    .ARM.Collect$$libinit$$0000002E  c_w.l(libinit2.o)
    0x080002ee   0x080002ee   0x00000000   Code   RO         7493    .ARM.Collect$$libinit$$00000030  c_w.l(libinit2.o)
    0x080002ee   0x080002ee   0x00000000   Code   RO         7495    .ARM.Collect$$libinit$$00000032  c_w.l(libinit2.o)
    0x080002ee   0x080002ee   0x00000002   Code   RO         7496    .ARM.Collect$$libinit$$00000033  c_w.l(libinit2.o)
    0x080002f0   0x080002f0   0x00000002   Code   RO         7767    .ARM.Collect$$libshutdown$$00000000  c_w.l(libshutdown.o)
    0x080002f2   0x080002f2   0x00000000   Code   RO         7688    .ARM.Collect$$libshutdown$$00000002  c_w.l(libshutdown2.o)
    0x080002f2   0x080002f2   0x00000000   Code   RO         7690    .ARM.Collect$$libshutdown$$00000004  c_w.l(libshutdown2.o)
    0x080002f2   0x080002f2   0x00000000   Code   RO         7693    .ARM.Collect$$libshutdown$$00000007  c_w.l(libshutdown2.o)
    0x080002f2   0x080002f2   0x00000000   Code   RO         7696    .ARM.Collect$$libshutdown$$0000000A  c_w.l(libshutdown2.o)
    0x080002f2   0x080002f2   0x00000000   Code   RO         7698    .ARM.Collect$$libshutdown$$0000000C  c_w.l(libshutdown2.o)
    0x080002f2   0x080002f2   0x00000000   Code   RO         7701    .ARM.Collect$$libshutdown$$0000000F  c_w.l(libshutdown2.o)
    0x080002f2   0x080002f2   0x00000002   Code   RO         7702    .ARM.Collect$$libshutdown$$00000010  c_w.l(libshutdown2.o)
    0x080002f4   0x080002f4   0x00000000   Code   RO         7371    .ARM.Collect$$rtentry$$00000000  c_w.l(__rtentry.o)
    0x080002f4   0x080002f4   0x00000000   Code   RO         7518    .ARM.Collect$$rtentry$$00000002  c_w.l(__rtentry2.o)
    0x080002f4   0x080002f4   0x00000006   Code   RO         7530    .ARM.Collect$$rtentry$$00000004  c_w.l(__rtentry4.o)
    0x080002fa   0x080002fa   0x00000000   Code   RO         7520    .ARM.Collect$$rtentry$$00000009  c_w.l(__rtentry2.o)
    0x080002fa   0x080002fa   0x00000004   Code   RO         7521    .ARM.Collect$$rtentry$$0000000A  c_w.l(__rtentry2.o)
    0x080002fe   0x080002fe   0x00000000   Code   RO         7523    .ARM.Collect$$rtentry$$0000000C  c_w.l(__rtentry2.o)
    0x080002fe   0x080002fe   0x00000008   Code   RO         7524    .ARM.Collect$$rtentry$$0000000D  c_w.l(__rtentry2.o)
    0x08000306   0x08000306   0x00000002   Code   RO         7673    .ARM.Collect$$rtexit$$00000000  c_w.l(rtexit.o)
    0x08000308   0x08000308   0x00000000   Code   RO         7724    .ARM.Collect$$rtexit$$00000002  c_w.l(rtexit2.o)
    0x08000308   0x08000308   0x00000004   Code   RO         7725    .ARM.Collect$$rtexit$$00000003  c_w.l(rtexit2.o)
    0x0800030c   0x0800030c   0x00000006   Code   RO         7726    .ARM.Collect$$rtexit$$00000004  c_w.l(rtexit2.o)
    0x08000312   0x08000312   0x00000002   PAD
    0x08000314   0x08000314   0x00000040   Code   RO          360  * .text               startup_gd32f407.o
    0x08000354   0x08000354   0x00000024   Code   RO         7240    .text               c_w.l(vsprintf.o)
    0x08000378   0x08000378   0x0000004e   Code   RO         7248    .text               c_w.l(_printf_pad.o)
    0x080003c6   0x080003c6   0x00000052   Code   RO         7250    .text               c_w.l(_printf_str.o)
    0x08000418   0x08000418   0x00000078   Code   RO         7252    .text               c_w.l(_printf_dec.o)
    0x08000490   0x08000490   0x00000094   Code   RO         7272    .text               c_w.l(_printf_hex_int_ll_ptr.o)
    0x08000524   0x08000524   0x00000188   Code   RO         7292    .text               c_w.l(__printf_flags_ss_wp.o)
    0x080006ac   0x080006ac   0x00000080   Code   RO         7323    .text               c_w.l(strcmpv7m.o)
    0x0800072c   0x0800072c   0x00000006   Code   RO         7325    .text               c_w.l(heapauxi.o)
    0x08000732   0x08000732   0x00000002   PAD
    0x08000734   0x08000734   0x00000010   Code   RO         7372    .text               c_w.l(rt_ctype_table.o)
    0x08000744   0x08000744   0x00000024   Code   RO         7399    .text               c_w.l(_printf_truncate.o)
    0x08000768   0x08000768   0x000000b2   Code   RO         7401    .text               c_w.l(_printf_intcommon.o)
    0x0800081a   0x0800081a   0x00000028   Code   RO         7403    .text               c_w.l(_printf_charcount.o)
    0x08000842   0x08000842   0x0000041a   Code   RO         7405    .text               c_w.l(_printf_fp_dec.o)
    0x08000c5c   0x08000c5c   0x00000030   Code   RO         7407    .text               c_w.l(_printf_char_common.o)
    0x08000c8c   0x08000c8c   0x0000000a   Code   RO         7409    .text               c_w.l(_sputc.o)
    0x08000c96   0x08000c96   0x0000002c   Code   RO         7411    .text               c_w.l(_printf_char.o)
    0x08000cc2   0x08000cc2   0x00000002   PAD
    0x08000cc4   0x08000cc4   0x000000bc   Code   RO         7413    .text               c_w.l(_printf_wctomb.o)
    0x08000d80   0x08000d80   0x0000007c   Code   RO         7416    .text               c_w.l(_printf_longlong_dec.o)
    0x08000dfc   0x08000dfc   0x00000070   Code   RO         7422    .text               c_w.l(_printf_oct_int_ll.o)
    0x08000e6c   0x08000e6c   0x00000008   Code   RO         7514    .text               c_w.l(libspace.o)
    0x08000e74   0x08000e74   0x00000008   Code   RO         7535    .text               c_w.l(rt_locale_intlibspace.o)
    0x08000e7c   0x08000e7c   0x0000008a   Code   RO         7550    .text               c_w.l(lludiv10.o)
    0x08000f06   0x08000f06   0x00000002   PAD
    0x08000f08   0x08000f08   0x000002fc   Code   RO         7554    .text               c_w.l(_printf_fp_hex.o)
    0x08001204   0x08001204   0x00000080   Code   RO         7557    .text               c_w.l(_printf_fp_infnan.o)
    0x08001284   0x08001284   0x0000002c   Code   RO         7561    .text               c_w.l(_printf_wchar.o)
    0x080012b0   0x080012b0   0x000000dc   Code   RO         7565    .text               c_w.l(bigflt0.o)
    0x0800138c   0x0800138c   0x00000040   Code   RO         7590    .text               c_w.l(_wcrtomb.o)
    0x080013cc   0x080013cc   0x00000002   Code   RO         7630    .text               c_w.l(use_no_semi.o)
    0x080013ce   0x080013ce   0x00000000   Code   RO         7632    .text               c_w.l(indicate_semi.o)
    0x080013ce   0x080013ce   0x0000004a   Code   RO         7633    .text               c_w.l(sys_stackheap_outer.o)
    0x08001418   0x08001418   0x00000012   Code   RO         7645    .text               c_w.l(exit.o)
    0x0800142a   0x0800142a   0x00000002   PAD
    0x0800142c   0x0800142c   0x0000000c   Code   RO         7671    .text               c_w.l(sys_exit.o)
    0x08001438   0x08001438   0x0000003e   Code   RO         7568    CL$$btod_d2e        c_w.l(btod.o)
    0x08001476   0x08001476   0x00000046   Code   RO         7570    CL$$btod_d2e_denorm_low  c_w.l(btod.o)
    0x080014bc   0x080014bc   0x00000060   Code   RO         7569    CL$$btod_d2e_norm_op1  c_w.l(btod.o)
    0x0800151c   0x0800151c   0x00000338   Code   RO         7578    CL$$btod_div_common  c_w.l(btod.o)
    0x08001854   0x08001854   0x000000c6   Code   RO         7575    CL$$btod_e2e        c_w.l(btod.o)
    0x0800191a   0x0800191a   0x00000028   Code   RO         7572    CL$$btod_ediv       c_w.l(btod.o)
    0x08001942   0x08001942   0x00000028   Code   RO         7571    CL$$btod_emul       c_w.l(btod.o)
    0x0800196a   0x0800196a   0x00000244   Code   RO         7577    CL$$btod_mult_common  c_w.l(btod.o)
    0x08001bae   0x08001bae   0x00000004   Code   RO            3    i.BusFault_Handler  gd32f4xx_it.o
    0x08001bb2   0x08001bb2   0x00000002   Code   RO            4    i.DebugMon_Handler  gd32f4xx_it.o
    0x08001bb4   0x08001bb4   0x00000004   Code   RO            5    i.HardFault_Handler  gd32f4xx_it.o
    0x08001bb8   0x08001bb8   0x00000004   Code   RO            6    i.MemManage_Handler  gd32f4xx_it.o
    0x08001bbc   0x08001bbc   0x00000002   Code   RO            7    i.NMI_Handler       gd32f4xx_it.o
    0x08001bbe   0x08001bbe   0x00000002   PAD
    0x08001bc0   0x08001bc0   0x00000028   Code   RO          262    i.NVIC_SetPriority  systick.o
    0x08001be8   0x08001be8   0x00000002   Code   RO            8    i.PendSV_Handler    gd32f4xx_it.o
    0x08001bea   0x08001bea   0x00000002   Code   RO            9    i.SVC_Handler       gd32f4xx_it.o
    0x08001bec   0x08001bec   0x00000008   Code   RO           10    i.SysTick_Handler   gd32f4xx_it.o
    0x08001bf4   0x08001bf4   0x00000060   Code   RO          318    i.SystemInit        system_gd32f4xx.o
    0x08001c54   0x08001c54   0x00000068   Code   RO         7112    i.USART1_IRQHandler  usart2.o
    0x08001cbc   0x08001cbc   0x00000048   Code   RO         5743    i.Uart0Printf       gd32f4xx_xii-iot.o
    0x08001d04   0x08001d04   0x00000020   Code   RO         5744    i.Uart0WriteByte    gd32f4xx_xii-iot.o
    0x08001d24   0x08001d24   0x00000004   Code   RO           11    i.UsageFault_Handler  gd32f4xx_it.o
    0x08001d28   0x08001d28   0x00000030   Code   RO         7620    i.__ARM_fpclassify  m_wm.l(fpclassify.o)
    0x08001d58   0x08001d58   0x0000000e   Code   RO         7285    i._is_digit         c_w.l(__printf_wp.o)
    0x08001d66   0x08001d66   0x00000002   PAD
    0x08001d68   0x08001d68   0x00000014   Code   RO          263    i.delay_1ms         systick.o
    0x08001d7c   0x08001d7c   0x00000018   Code   RO          264    i.delay_decrement   systick.o
    0x08001d94   0x08001d94   0x00000034   Code   RO         5747    i.dipinit           gd32f4xx_xii-iot.o
    0x08001dc8   0x08001dc8   0x000000b8   Code   RO         2434    i.exti_init         gd32f4xx_exti.o
    0x08001e80   0x08001e80   0x0000000c   Code   RO         2437    i.exti_interrupt_flag_clear  gd32f4xx_exti.o
    0x08001e8c   0x08001e8c   0x00000034   Code   RO         5748    i.gd_XII_systeminit  gd32f4xx_xii-iot.o
    0x08001ec0   0x08001ec0   0x00000038   Code   RO         5750    i.gd_eval_dip_init  gd32f4xx_xii-iot.o
    0x08001ef8   0x08001ef8   0x00000080   Code   RO         5752    i.gd_eval_key_init  gd32f4xx_xii-iot.o
    0x08001f78   0x08001f78   0x00000020   Code   RO         5753    i.gd_eval_key_state_get  gd32f4xx_xii-iot.o
    0x08001f98   0x08001f98   0x00000054   Code   RO         5754    i.gd_eval_led_init  gd32f4xx_xii-iot.o
    0x08001fec   0x08001fec   0x00000018   Code   RO         5757    i.gd_eval_led_toggle  gd32f4xx_xii-iot.o
    0x08002004   0x08002004   0x00000010   Code   RO         2813    i.gpio_input_bit_get  gd32f4xx_gpio.o
    0x08002014   0x08002014   0x0000004e   Code   RO         2815    i.gpio_mode_set     gd32f4xx_gpio.o
    0x08002062   0x08002062   0x00000042   Code   RO         2817    i.gpio_output_options_set  gd32f4xx_gpio.o
    0x080020a4   0x080020a4   0x0000000c   Code   RO          203    i.main              main.o
    0x080020b0   0x080020b0   0x000000a4   Code   RO         3356    i.nvic_irq_enable   gd32f4xx_misc.o
    0x08002154   0x08002154   0x00000024   Code   RO         3573    i.rcu_periph_clock_enable  gd32f4xx_rcu.o
    0x08002178   0x08002178   0x000000ac   Code   RO         4638    i.syscfg_exti_line_config  gd32f4xx_syscfg.o
    0x08002224   0x08002224   0x000000fc   Code   RO          319    i.system_clock_200m_irc16m  system_gd32f4xx.o
    0x08002320   0x08002320   0x00000008   Code   RO          320    i.system_clock_config  system_gd32f4xx.o
    0x08002328   0x08002328   0x00000030   Code   RO         5892    i.system_init       test.o
    0x08002358   0x08002358   0x00000050   Code   RO          267    i.systick_config    systick.o
    0x080023a8   0x080023a8   0x00000020   Code   RO         5893    i.test1             test.o
    0x080023c8   0x080023c8   0x0000000a   Code   RO         5348    i.usart_data_receive  gd32f4xx_usart.o
    0x080023d2   0x080023d2   0x00000008   Code   RO         5349    i.usart_data_transmit  gd32f4xx_usart.o
    0x080023da   0x080023da   0x0000001e   Code   RO         5356    i.usart_flag_get    gd32f4xx_usart.o
    0x080023f8   0x080023f8   0x0000001a   Code   RO         5365    i.usart_interrupt_flag_clear  gd32f4xx_usart.o
    0x08002412   0x08002412   0x0000001e   Code   RO         5366    i.usart_interrupt_flag_get  gd32f4xx_usart.o
    0x08002430   0x08002430   0x0000002c   Code   RO         7593    locale$$code        c_w.l(lc_ctype_c.o)
    0x0800245c   0x0800245c   0x0000002c   Code   RO         7596    locale$$code        c_w.l(lc_numeric_c.o)
    0x08002488   0x08002488   0x0000000a   Code   RO         7610    x$fpl$fpinit        fz_wm.l(fpinit.o)
    0x08002492   0x08002492   0x00000004   Code   RO         7353    x$fpl$printf1       fz_wm.l(printf1.o)
    0x08002496   0x08002496   0x00000004   Code   RO         7505    x$fpl$printf2       fz_wm.l(printf2.o)
    0x0800249a   0x0800249a   0x00000000   Code   RO         7511    x$fpl$usenofp       fz_wm.l(usenofp.o)
    0x0800249a   0x0800249a   0x00000028   Data   RO         7273    .constdata          c_w.l(_printf_hex_int_ll_ptr.o)
    0x080024c2   0x080024c2   0x00000011   Data   RO         7293    .constdata          c_w.l(__printf_flags_ss_wp.o)
    0x080024d3   0x080024d3   0x00000001   PAD
    0x080024d4   0x080024d4   0x00000008   Data   RO         7414    .constdata          c_w.l(_printf_wctomb.o)
    0x080024dc   0x080024dc   0x00000026   Data   RO         7555    .constdata          c_w.l(_printf_fp_hex.o)
    0x08002502   0x08002502   0x00000002   PAD
    0x08002504   0x08002504   0x00000094   Data   RO         7566    .constdata          c_w.l(bigflt0.o)
    0x08002598   0x08002598   0x00000020   Data   RO         7778    Region$$Table       anon$$obj.o
    0x080025b8   0x080025b8   0x00000110   Data   RO         7592    locale$$data        c_w.l(lc_ctype_c.o)
    0x080026c8   0x080026c8   0x0000001c   Data   RO         7595    locale$$data        c_w.l(lc_numeric_c.o)


    Execution Region ER_RW (Exec base: 0x20000000, Load base: 0x080026e4, Size: 0x0000014c, Max: 0xffffffff, ABSOLUTE, COMPRESSED[0x00000088])

    Exec Addr    Load Addr    Size         Type   Attr      Idx    E Section Name        Object

    0x20000000   COMPRESSED   0x00000004   Data   RW          268    .data               systick.o
    0x20000004   COMPRESSED   0x00000004   Data   RW          321    .data               system_gd32f4xx.o
    0x20000008   COMPRESSED   0x00000144   Data   RW         5764    .data               gd32f4xx_xii-iot.o


    Execution Region ER_ZI (Exec base: 0x2000014c, Load base: 0x0800276c, Size: 0x00002164, Max: 0xffffffff, ABSOLUTE)

    Exec Addr    Load Addr    Size         Type   Attr      Idx    E Section Name        Object

    0x2000014c        -       0x00000100   Zero   RW         5763    .bss                gd32f4xx_xii-iot.o
    0x2000024c   0x0800276c   0x00000004   PAD
    0x20000250        -       0x00000c00   Zero   RW         7116    .bss                usart2.o
    0x20000e50        -       0x00000060   Zero   RW         7515    .bss                c_w.l(libspace.o)
    0x20000eb0        -       0x00001000   Zero   RW          358    HEAP                startup_gd32f407.o
    0x20001eb0        -       0x00000400   Zero   RW          357    STACK               startup_gd32f407.o


==============================================================================

Image component sizes


      Code (inc. data)   RO Data    RW Data    ZI Data      Debug   Object Name

       196         12          0          0          0       1588   gd32f4xx_exti.o
       160          0          0          0          0       2755   gd32f4xx_gpio.o
        32          0          0          0          0      55662   gd32f4xx_it.o
       164          8          0          0          0        994   gd32f4xx_misc.o
        36          4          0          0          0        718   gd32f4xx_rcu.o
       172          6          0          0          0        914   gd32f4xx_syscfg.o
       104          0          0          0          0       3996   gd32f4xx_usart.o
       532         86          0        324        256       7979   gd32f4xx_xii-iot.o
        12          0          0          0          0        539   main.o
        64         26        392          0       5120       1060   startup_gd32f407.o
       356         32          0          4          0       2467   system_gd32f4xx.o
       164         24          0          4          0      29162   systick.o
        80          0          0          0          0       1178   test.o
       104         22          0          0       3072       4247   usart2.o

    ----------------------------------------------------------------------
      2178        220        424        332       8452     113259   Object Totals
         0          0         32          0          0          0   (incl. Generated)
         2          0          0          0          4          0   (incl. Padding)

    ----------------------------------------------------------------------

      Code (inc. data)   RO Data    RW Data    ZI Data      Debug   Library Member Name

        90          0          0          0          0          0   __dczerorl2.o
         8          0          0          0          0         68   __main.o
       392          4         17          0          0         92   __printf_flags_ss_wp.o
        14          0          0          0          0         68   __printf_wp.o
         0          0          0          0          0          0   __rtentry.o
        12          0          0          0          0          0   __rtentry2.o
         6          0          0          0          0          0   __rtentry4.o
        52          8          0          0          0          0   __scatter.o
        28          0          0          0          0          0   __scatter_zi.o
         6          0          0          0          0          0   _printf_a.o
         6          0          0          0          0          0   _printf_c.o
        44          0          0          0          0        108   _printf_char.o
        48          6          0          0          0         96   _printf_char_common.o
        40          0          0          0          0         68   _printf_charcount.o
         6          0          0          0          0          0   _printf_d.o
       120         16          0          0          0         92   _printf_dec.o
         6          0          0          0          0          0   _printf_e.o
         6          0          0          0          0          0   _printf_f.o
      1050          0          0          0          0        216   _printf_fp_dec.o
       764         10         38          0          0        100   _printf_fp_hex.o
       128         16          0          0          0         84   _printf_fp_infnan.o
         6          0          0          0          0          0   _printf_g.o
       148          4         40          0          0        160   _printf_hex_int_ll_ptr.o
         6          0          0          0          0          0   _printf_i.o
       178          0          0          0          0         88   _printf_intcommon.o
        10          0          0          0          0          0   _printf_l.o
         6          0          0          0          0          0   _printf_lc.o
        10          0          0          0          0          0   _printf_ll.o
         6          0          0          0          0          0   _printf_lld.o
         6          0          0          0          0          0   _printf_lli.o
         6          0          0          0          0          0   _printf_llo.o
         6          0          0          0          0          0   _printf_llu.o
         6          0          0          0          0          0   _printf_llx.o
       124         16          0          0          0         92   _printf_longlong_dec.o
         6          0          0          0          0          0   _printf_ls.o
         6          0          0          0          0          0   _printf_n.o
         6          0          0          0          0          0   _printf_o.o
       112          8          0          0          0        124   _printf_oct_int_ll.o
         6          0          0          0          0          0   _printf_p.o
        78          0          0          0          0        108   _printf_pad.o
         0          0          0          0          0          0   _printf_percent.o
         4          0          0          0          0          0   _printf_percent_end.o
         6          0          0          0          0          0   _printf_s.o
        82          0          0          0          0         80   _printf_str.o
        36          0          0          0          0         84   _printf_truncate.o
         6          0          0          0          0          0   _printf_u.o
        44          0          0          0          0        108   _printf_wchar.o
       188          6          8          0          0         92   _printf_wctomb.o
         6          0          0          0          0          0   _printf_x.o
        10          0          0          0          0         68   _sputc.o
        64          0          0          0          0         92   _wcrtomb.o
       220          4        148          0          0         96   bigflt0.o
      1910        128          0          0          0        672   btod.o
        18          0          0          0          0         80   exit.o
         6          0          0          0          0        152   heapauxi.o
         0          0          0          0          0          0   indicate_semi.o
        44         10        272          0          0         76   lc_ctype_c.o
        44         10         28          0          0         76   lc_numeric_c.o
         2          0          0          0          0          0   libinit.o
        34          0          0          0          0          0   libinit2.o
         2          0          0          0          0          0   libshutdown.o
         2          0          0          0          0          0   libshutdown2.o
         8          4          0          0         96         68   libspace.o
       138          0          0          0          0         80   lludiv10.o
        16          4          0          0          0         76   rt_ctype_table.o
         8          4          0          0          0         68   rt_locale_intlibspace.o
         2          0          0          0          0          0   rtexit.o
        10          0          0          0          0          0   rtexit2.o
       128          0          0          0          0         68   strcmpv7m.o
        12          4          0          0          0         68   sys_exit.o
        74          0          0          0          0         80   sys_stackheap_outer.o
         2          0          0          0          0         68   use_no_semi.o
        36          4          0          0          0         76   vsprintf.o
        10          0          0          0          0        116   fpinit.o
         4          0          0          0          0        116   printf1.o
         4          0          0          0          0        116   printf2.o
         0          0          0          0          0          0   usenofp.o
        48          0          0          0          0        124   fpclassify.o

    ----------------------------------------------------------------------
      6800        266        554          0         96       4364   Library Totals
        14          0          3          0          0          0   (incl. Padding)

    ----------------------------------------------------------------------

      Code (inc. data)   RO Data    RW Data    ZI Data      Debug   Library Name

      6720        266        551          0         96       3892   c_w.l
        18          0          0          0          0        348   fz_wm.l
        48          0          0          0          0        124   m_wm.l

    ----------------------------------------------------------------------
      6800        266        554          0         96       4364   Library Totals

    ----------------------------------------------------------------------

==============================================================================


      Code (inc. data)   RO Data    RW Data    ZI Data      Debug   

      8978        486        978        332       8548     111543   Grand Totals
      8978        486        978        136       8548     111543   ELF Image Totals (compressed)
      8978        486        978        136          0          0   ROM Totals

==============================================================================

    Total RO  Size (Code + RO Data)                 9956 (   9.72kB)
    Total RW  Size (RW Data + ZI Data)              8880 (   8.67kB)
    Total ROM Size (Code + RO Data + RW Data)      10092 (   9.86kB)

==============================================================================

