<html>
<body>
<pre>
<h1>礦ision Build Log</h1>
<h2>Tool Versions:</h2>
IDE-Version: μVision V5.18.0.0
Copyright (C) 2016 ARM Ltd and ARM Germany GmbH. All rights reserved.
License Information: rong rong, xmu, LIC=QF82M-XPQ3M-UHS8H-WDNEP-XLR2D-7ICK0
 
Tool Versions:
Toolchain:       MDK-ARM Standard  Version: 5.18
Toolchain Path:  C:\Keil_518\ARM\ARMCC\Bin
C Compiler:      Armcc.exe V5.06 update 1 (build 61)
Assembler:       Armasm.exe V5.06 update 1 (build 61)
Linker/Locator:  ArmLink.exe V5.06 update 1 (build 61)
Library Manager: ArmAr.exe V5.06 update 1 (build 61)
Hex Converter:   FromElf.exe V5.06 update 1 (build 61)
CPU DLL:         SARMCM3.DLL V5.18
Dialog DLL:      DCM.DLL V1.13.6.0
Target DLL:      STLink\ST-LINKIII-KEIL_SWO.dll V2.0.18.0
Dialog DLL:      TCM.DLL V1.14.8.0
 
<h2>Project:</h2>
C:\keil_demo\xll_demo\Xll-IOT_Demo_Suites\Projects\智慧农业模板\MDK-ARM\Smart_Agriculture.uvprojx
Project File Date:  03/05/2023

<h2>Output:</h2>
*** Using Compiler 'V5.06 update 1 (build 61)', folder: 'C:\Keil_518\ARM\ARMCC\Bin'
Build target 'Target 1'
compiling test.c...
..\..\..\..\GD32F4x_Firmware_Library\XLL_4G\stdarg.h(13): warning:  #47-D: incompatible redefinition of macro "__ARMCLIB_VERSION" (declared at line 22 of "C:\Keil_518\ARM\ARMCC\Bin\..\include\string.h")
  #define __ARMCLIB_VERSION 5050106
..\Soft_Drive\platfrom_test\test.c: 1 warning, 0 errors
linking...
Program Size: Code=11320 RO-data=2496 RW-data=392 ZI-data=4416  
".\output\03_EEPROM_OLED.axf" - 0 Error(s), 1 Warning(s).

<h2>Collection of Component include folders:</h2>
  C:\keil_demo\xll_demo\Xll-IOT_Demo_Suites\Projects\智慧农业模板\MDK-ARM\RTE
  C:\Keil_518\ARM\PACK\GigaDevice\GD32F4xx_DFP\3.0.0\Device\F4XX\Include

<h2>Collection of Component Files used:</h2>
Build Time Elapsed:  00:00:01
</pre>
</body>
</html>
