Component: ARM Compiler 5.06 update 1 (build 61) Tool: armlink [4d35a8]

==============================================================================

Section Cross References

    gd32f4xx_it.o(i.SysTick_Handler) refers to systick.o(i.delay_decrement) for delay_decrement
    main.o(i.main) refers to test.o(i.system_init) for system_init
    main.o(i.main) refers to test.o(i.test) for test
    systick.o(i.delay_1ms) refers to systick.o(.data) for delay
    systick.o(i.delay_decrement) refers to systick.o(.data) for delay
    systick.o(i.nopdelay_ms) refers to systick.o(i.nopdelay_us) for nopdelay_us
    systick.o(i.systick_config) refers to systick.o(i.NVIC_SetPriority) for NVIC_SetPriority
    systick.o(i.systick_config) refers to system_gd32f4xx.o(.data) for SystemCoreClock
    system_gd32f4xx.o(i.SystemCoreClockUpdate) refers to system_gd32f4xx.o(.data) for SystemCoreClock
    system_gd32f4xx.o(i.SystemInit) refers to system_gd32f4xx.o(i.system_clock_config) for system_clock_config
    system_gd32f4xx.o(i.system_clock_config) refers to system_gd32f4xx.o(i.system_clock_200m_irc16m) for system_clock_200m_irc16m
    gd32f4xx_adc.o(i.adc_deinit) refers to gd32f4xx_rcu.o(i.rcu_periph_reset_enable) for rcu_periph_reset_enable
    gd32f4xx_adc.o(i.adc_deinit) refers to gd32f4xx_rcu.o(i.rcu_periph_reset_disable) for rcu_periph_reset_disable
    gd32f4xx_can.o(i.can_debug_freeze_disable) refers to gd32f4xx_dbg.o(i.dbg_periph_disable) for dbg_periph_disable
    gd32f4xx_can.o(i.can_debug_freeze_enable) refers to gd32f4xx_dbg.o(i.dbg_periph_enable) for dbg_periph_enable
    gd32f4xx_can.o(i.can_deinit) refers to gd32f4xx_rcu.o(i.rcu_periph_reset_enable) for rcu_periph_reset_enable
    gd32f4xx_can.o(i.can_deinit) refers to gd32f4xx_rcu.o(i.rcu_periph_reset_disable) for rcu_periph_reset_disable
    gd32f4xx_ctc.o(i.ctc_deinit) refers to gd32f4xx_rcu.o(i.rcu_periph_reset_enable) for rcu_periph_reset_enable
    gd32f4xx_ctc.o(i.ctc_deinit) refers to gd32f4xx_rcu.o(i.rcu_periph_reset_disable) for rcu_periph_reset_disable
    gd32f4xx_dac.o(i.dac_deinit) refers to gd32f4xx_rcu.o(i.rcu_periph_reset_enable) for rcu_periph_reset_enable
    gd32f4xx_dac.o(i.dac_deinit) refers to gd32f4xx_rcu.o(i.rcu_periph_reset_disable) for rcu_periph_reset_disable
    gd32f4xx_dci.o(i.dci_deinit) refers to gd32f4xx_rcu.o(i.rcu_periph_reset_enable) for rcu_periph_reset_enable
    gd32f4xx_dci.o(i.dci_deinit) refers to gd32f4xx_rcu.o(i.rcu_periph_reset_disable) for rcu_periph_reset_disable
    gd32f4xx_enet.o(i.enet_deinit) refers to gd32f4xx_rcu.o(i.rcu_periph_reset_enable) for rcu_periph_reset_enable
    gd32f4xx_enet.o(i.enet_deinit) refers to gd32f4xx_rcu.o(i.rcu_periph_reset_disable) for rcu_periph_reset_disable
    gd32f4xx_enet.o(i.enet_deinit) refers to gd32f4xx_enet.o(i.enet_initpara_reset) for enet_initpara_reset
    gd32f4xx_enet.o(i.enet_descriptors_chain_init) refers to gd32f4xx_enet.o(.bss) for txdesc_tab
    gd32f4xx_enet.o(i.enet_descriptors_chain_init) refers to gd32f4xx_enet.o(.data) for dma_current_txdesc
    gd32f4xx_enet.o(i.enet_descriptors_ring_init) refers to gd32f4xx_enet.o(.bss) for txdesc_tab
    gd32f4xx_enet.o(i.enet_descriptors_ring_init) refers to gd32f4xx_enet.o(.data) for dma_current_txdesc
    gd32f4xx_enet.o(i.enet_disable) refers to gd32f4xx_enet.o(i.enet_tx_disable) for enet_tx_disable
    gd32f4xx_enet.o(i.enet_disable) refers to gd32f4xx_enet.o(i.enet_rx_disable) for enet_rx_disable
    gd32f4xx_enet.o(i.enet_enable) refers to gd32f4xx_enet.o(i.enet_tx_enable) for enet_tx_enable
    gd32f4xx_enet.o(i.enet_enable) refers to gd32f4xx_enet.o(i.enet_rx_enable) for enet_rx_enable
    gd32f4xx_enet.o(i.enet_frame_receive) refers to gd32f4xx_enet.o(.data) for dma_current_rxdesc
    gd32f4xx_enet.o(i.enet_frame_transmit) refers to gd32f4xx_enet.o(.data) for dma_current_txdesc
    gd32f4xx_enet.o(i.enet_init) refers to gd32f4xx_enet.o(i.enet_phy_config) for enet_phy_config
    gd32f4xx_enet.o(i.enet_init) refers to gd32f4xx_enet.o(i.enet_delay) for enet_delay
    gd32f4xx_enet.o(i.enet_init) refers to gd32f4xx_enet.o(i.enet_default_init) for enet_default_init
    gd32f4xx_enet.o(i.enet_init) refers to gd32f4xx_enet.o(i.enet_phy_write_read) for enet_phy_write_read
    gd32f4xx_enet.o(i.enet_init) refers to gd32f4xx_enet.o(.bss) for enet_initpara
    gd32f4xx_enet.o(i.enet_initpara_config) refers to gd32f4xx_enet.o(.bss) for enet_initpara
    gd32f4xx_enet.o(i.enet_initpara_reset) refers to gd32f4xx_enet.o(.bss) for enet_initpara
    gd32f4xx_enet.o(i.enet_phy_config) refers to gd32f4xx_rcu.o(i.rcu_clock_freq_get) for rcu_clock_freq_get
    gd32f4xx_enet.o(i.enet_phy_config) refers to gd32f4xx_enet.o(i.enet_phy_write_read) for enet_phy_write_read
    gd32f4xx_enet.o(i.enet_phy_config) refers to gd32f4xx_enet.o(i.enet_delay) for enet_delay
    gd32f4xx_enet.o(i.enet_phyloopback_disable) refers to gd32f4xx_enet.o(i.enet_phy_write_read) for enet_phy_write_read
[...]
    Removing cjson_utils.o(i.cJSONUtils_SortObject), (14 bytes).
    Removing cjson_utils.o(i.cJSONUtils_SortObjectCaseSensitive), (14 bytes).
    Removing cjson_utils.o(i.cJSONUtils_strdup), (44 bytes).
    Removing cjson_utils.o(i.compare_double), (200 bytes).
    Removing cjson_utils.o(i.compare_json), (246 bytes).
    Removing cjson_utils.o(i.compare_pointers), (150 bytes).
    Removing cjson_utils.o(i.compare_strings), (90 bytes).
    Removing cjson_utils.o(i.compose_patch), (220 bytes).
    Removing cjson_utils.o(i.create_patches), (536 bytes).
    Removing cjson_utils.o(i.decode_array_index_from_pointer), (78 bytes).
    Removing cjson_utils.o(i.decode_patch_operation), (168 bytes).
    Removing cjson_utils.o(i.decode_pointer_inplace), (58 bytes).
    Removing cjson_utils.o(i.detach_item_from_array), (80 bytes).
    Removing cjson_utils.o(i.detach_path), (142 bytes).
    Removing cjson_utils.o(i.encode_string_as_pointer), (54 bytes).
    Removing cjson_utils.o(i.generate_merge_patch), (234 bytes).
    Removing cjson_utils.o(i.get_array_item), (26 bytes).
    Removing cjson_utils.o(i.get_item_from_pointer), (122 bytes).
    Removing cjson_utils.o(i.get_object_item), (30 bytes).
    Removing cjson_utils.o(i.insert_item_in_array), (72 bytes).
    Removing cjson_utils.o(i.merge_patch), (162 bytes).
    Removing cjson_utils.o(i.overwrite_item), (58 bytes).
    Removing cjson_utils.o(i.pointer_encoded_length), (32 bytes).
    Removing cjson_utils.o(i.sort_list), (232 bytes).
    Removing cjson_utils.o(i.sort_object), (24 bytes).
    Removing cjson_utils.o(.constdata), (40 bytes).
    Removing crc16.o(i.crc_16), (72 bytes).
    Removing crc16.o(i.crc_modbus), (76 bytes).
    Removing crc16.o(i.init_crc16_tab), (76 bytes).
    Removing crc16.o(i.update_crc_16), (52 bytes).
    Removing crc16.o(.bss), (512 bytes).
    Removing crc16.o(.data), (1 bytes).
    Removing message_json.o(.rev16_text), (4 bytes).
    Removing message_json.o(.revsh_text), (4 bytes).
    Removing message_json.o(i.SIM900A_GPRS_SEND_JSON_DATA_CRC), (168 bytes).
    Removing message_json.o(i.SIM900A_GPRS_SEND_JSON_STRINGS), (72 bytes).
    Removing message_json.o(i.json_student_imformation01), (144 bytes).
    Removing message_json.o(i.json_student_imformation02), (148 bytes).
    Removing message_json.o(i.json_student_imformation03), (160 bytes).
    Removing message_json.o(i.json_student_imformation04), (156 bytes).
    Removing message_json.o(i.json_student_imformation05), (184 bytes).
    Removing message_json.o(i.json_student_imformation06), (144 bytes).
    Removing message_json.o(i.json_student_imformation07), (148 bytes).
    Removing message_json.o(i.json_student_imformation08), (148 bytes).
    Removing message_json.o(i.json_student_imformation09), (144 bytes).
    Removing message_json.o(i.json_student_imformation10), (144 bytes).
    Removing message_json.o(i.json_student_imformation_agri), (176 bytes).
    Removing message_json.o(i.json_student_imformation_light), (128 bytes).
    Removing message_json.o(i.json_student_imformation_smoke), (128 bytes).
    Removing message_json.o(i.json_student_imformation_track), (160 bytes).
    Removing message_json.o(i.json_test1), (356 bytes).
    Removing message_json.o(i.json_test2), (112 bytes).
    Removing message_json.o(i.json_test3), (340 bytes).
    Removing message_json.o(i.u8_int), (46 bytes).
    Removing message_json.o(.constdata), (148 bytes).
    Removing message_json.o(.conststring), (58 bytes).
    Removing sim7600ce.o(.rev16_text), (4 bytes).
    Removing sim7600ce.o(.revsh_text), (4 bytes).
    Removing sim7600ce.o(i.GSM_Dect), (184 bytes).
    Removing sim7600ce.o(i.GSM_ON_GPIO_Config), (12 bytes).
    Removing sim7600ce.o(i.SIM900A_CONNECT_SERVER), (156 bytes).
    Removing sim7600ce.o(i.SIM900A_CONNECT_SERVER_SEND_INFOR), (92 bytes).
    Removing sim7600ce.o(i.SIM900A_GPRS_SEND_DATA), (76 bytes).
    Removing sim7600ce.o(i.SIM900A_GPRS_SEND_DATA_CRC), (100 bytes).
    Removing sim7600ce.o(i.SIM900A_GPRS_SEND_DATA_NO_CRC), (80 bytes).
    Removing sim7600ce.o(i.init_4g), (24 bytes).
    Removing sim7600ce.o(i.sim7600ce_connect), (92 bytes).
    Removing sim7600ce.o(i.sim900a_check_cmd), (24 bytes).
    Removing sim7600ce.o(i.sim900a_send_cmd), (132 bytes).
    Removing sim7600ce.o(i.sim900a_work_test), (160 bytes).
    Removing sim7600ce.o(.bss), (50 bytes).
    Removing sim7600ce.o(.data), (8 bytes).
    Removing usart2.o(.rev16_text), (4 bytes).
    Removing usart2.o(.revsh_text), (4 bytes).
    Removing usart2.o(i.UART_DMA_Enable), (36 bytes).
    Removing usart2.o(i.USART2_Init), (312 bytes).
    Removing usart2.o(i.u1_printf), (80 bytes).
    Removing usart2.o(i.u2_printf), (68 bytes).
    Removing usart2.o(.data), (1 bytes).
    Removing dfixi.o(.text), (62 bytes).
    Removing cdcmple.o(.text), (48 bytes).
    Removing dfltul.o(.text), (24 bytes).

1125 unused section(s) (total 79627 bytes) removed from the image.

==============================================================================

Image Symbol Table

    Local Symbols

    Symbol Name                              Value     Ov Type        Size  Object(Section)

    ../clib/../cmprslib/zerorunl2.c          0x00000000   Number         0  __dczerorl2.o ABSOLUTE
    ../clib/microlib/ctype/ctype.c           0x00000000   Number         0  ctype_c.o ABSOLUTE
    ../clib/microlib/ctype/ctype.c           0x00000000   Number         0  isspace_c.o ABSOLUTE
    ../clib/microlib/ctype/tolower.c         0x00000000   Number         0  tolower.o ABSOLUTE
    ../clib/microlib/division.c              0x00000000   Number         0  uldiv.o ABSOLUTE
    ../clib/microlib/division.c              0x00000000   Number         0  uidiv.o ABSOLUTE
    ../clib/microlib/init/entry.s            0x00000000   Number         0  entry8b.o ABSOLUTE
    ../clib/microlib/init/entry.s            0x00000000   Number         0  entry.o ABSOLUTE
    ../clib/microlib/init/entry.s            0x00000000   Number         0  entry7b.o ABSOLUTE
    ../clib/microlib/init/entry.s            0x00000000   Number         0  entry7a.o ABSOLUTE
    ../clib/microlib/init/entry.s            0x00000000   Number         0  entry5.o ABSOLUTE
    ../clib/microlib/init/entry.s            0x00000000   Number         0  entry10a.o ABSOLUTE
    ../clib/microlib/init/entry.s            0x00000000   Number         0  entry11b.o ABSOLUTE
    ../clib/microlib/init/entry.s            0x00000000   Number         0  entry2.o ABSOLUTE
    ../clib/microlib/init/entry.s            0x00000000   Number         0  entry11a.o ABSOLUTE
    ../clib/microlib/init/entry.s            0x00000000   Number         0  entry10b.o ABSOLUTE
    ../clib/microlib/init/entry.s            0x00000000   Number         0  entry9b.o ABSOLUTE
    ../clib/microlib/init/entry.s            0x00000000   Number         0  entry9a.o ABSOLUTE
    ../clib/microlib/init/entry.s            0x00000000   Number         0  entry8a.o ABSOLUTE
    ../clib/microlib/longlong.c              0x00000000   Number         0  llshl.o ABSOLUTE
    ../clib/microlib/longlong.c              0x00000000   Number         0  llsshr.o ABSOLUTE
    ../clib/microlib/longlong.c              0x00000000   Number         0  llushr.o ABSOLUTE
    ../clib/microlib/malloc/malloc.c         0x00000000   Number         0  malloc.o ABSOLUTE
    ../clib/microlib/malloc/malloc.c         0x00000000   Number         0  mallocra.o ABSOLUTE
    ../clib/microlib/malloc/malloc.c         0x00000000   Number         0  mallocr.o ABSOLUTE
    ../clib/microlib/malloc/malloc.c         0x00000000   Number         0  malloca.o ABSOLUTE
    ../clib/microlib/malloc/mvars.c          0x00000000   Number         0  mvars.o ABSOLUTE
    ../clib/microlib/printf/printf.c         0x00000000   Number         0  printf6.o ABSOLUTE
    ../clib/microlib/printf/printf.c         0x00000000   Number         0  printf5.o ABSOLUTE
    ../clib/microlib/printf/printf.c         0x00000000   Number         0  printf3.o ABSOLUTE
    ../clib/microlib/printf/printf.c         0x00000000   Number         0  printf2.o ABSOLUTE
    ../clib/microlib/printf/printf.c         0x00000000   Number         0  printf1.o ABSOLUTE
    ../clib/microlib/printf/printf.c         0x00000000   Number         0  printf0.o ABSOLUTE
    ../clib/microlib/printf/printf.c         0x00000000   Number         0  printfb.o ABSOLUTE
    ../clib/microlib/printf/printf.c         0x00000000   Number         0  printf4.o ABSOLUTE
    ../clib/microlib/printf/printf.c         0x00000000   Number         0  printfa.o ABSOLUTE
    ../clib/microlib/printf/printf.c         0x00000000   Number         0  printf8.o ABSOLUTE
    ../clib/microlib/printf/printf.c         0x00000000   Number         0  printf7.o ABSOLUTE
    ../clib/microlib/printf/stubs.s          0x00000000   Number         0  stubs.o ABSOLUTE
    ../clib/microlib/stdio/fputc.c           0x00000000   Number         0  fputc.o ABSOLUTE
    ../clib/microlib/stdio/semi.s            0x00000000   Number         0  semi.o ABSOLUTE
    ../clib/microlib/stdio/streams.c         0x00000000   Number         0  stdout.o ABSOLUTE
    ../clib/microlib/string/memcpy.c         0x00000000   Number         0  memcpyb.o ABSOLUTE
    ../clib/microlib/string/memcpy.c         0x00000000   Number         0  memcpya.o ABSOLUTE
    ../clib/microlib/string/memset.c         0x00000000   Number         0  memseta.o ABSOLUTE
    ../clib/microlib/string/strcat.c         0x00000000   Number         0  strcat.o ABSOLUTE
    ../clib/microlib/string/strcmp.c         0x00000000   Number         0  strcmp.o ABSOLUTE
    ../clib/microlib/string/strcpy.c         0x00000000   Number         0  strcpy.o ABSOLUTE
    ../clib/microlib/string/strlen.c         0x00000000   Number         0  strlen.o ABSOLUTE
    ../clib/microlib/string/strncmp.c        0x00000000   Number         0  strncmp.o ABSOLUTE
    ../clib/microlib/string/strrchr.c        0x00000000   Number         0  strrchr.o ABSOLUTE
    ../clib/microlib/string/strstr.c         0x00000000   Number         0  strstr.o ABSOLUTE
    ../clib/microlib/stubs.s                 0x00000000   Number         0  iusefp.o ABSOLUTE
    ../clib/microlib/stubs.s                 0x00000000   Number         0  iusesemip.o ABSOLUTE
    ../clib/scanf.c                          0x00000000   Number         0  strtod.o ABSOLUTE
    ../clib/scanf.c                          0x00000000   Number         0  _scanf.o ABSOLUTE
    ../clib/scanf.c                          0x00000000   Number         0  __0sscanf.o ABSOLUTE
    ../clib/scanf.c                          0x00000000   Number         0  scanf_fp.o ABSOLUTE
    ../clib/scanf.c                          0x00000000   Number         0  _sgetc.o ABSOLUTE
    ../clib/scanf.c                          0x00000000   Number         0  scanf_char.o ABSOLUTE
    ../fplib/microlib/d2f.c                  0x00000000   Number         0  d2f.o ABSOLUTE
    ../fplib/microlib/f2d.c                  0x00000000   Number         0  f2d.o ABSOLUTE
    ../fplib/microlib/fpadd.c                0x00000000   Number         0  dadd.o ABSOLUTE
    ../fplib/microlib/fpdiv.c                0x00000000   Number         0  ddiv.o ABSOLUTE
    ../fplib/microlib/fpepilogue.c           0x00000000   Number         0  depilogue.o ABSOLUTE
    ../fplib/microlib/fpepilogue.c           0x00000000   Number         0  fepilogue.o ABSOLUTE
    ../fplib/microlib/fpfix.c                0x00000000   Number         0  dfixul.o ABSOLUTE
    ../fplib/microlib/fpfix.c                0x00000000   Number         0  dfixi.o ABSOLUTE
    ../fplib/microlib/fpflt.c                0x00000000   Number         0  dfltul.o ABSOLUTE
    ../fplib/microlib/fpflt.c                0x00000000   Number         0  dflti.o ABSOLUTE
    ../fplib/microlib/fpmul.c                0x00000000   Number         0  dmul.o ABSOLUTE
    ../mathlib/fabs.c                        0x00000000   Number         0  fabs.o ABSOLUTE
    ../mathlib/strtod.c                      0x00000000   Number         0  strtod.o ABSOLUTE
    ..\..\..\..\GD32F4x_Firmware_Library\CMSIS\GD\GD32F4xx\Source\ARM\startup_gd32f407.s 0x00000000   Number         0  startup_gd32f407.o ABSOLUTE
    ..\..\..\..\GD32F4x_Firmware_Library\CMSIS\GD\GD32F4xx\Source\system_gd32f4xx.c 0x00000000   Number         0  system_gd32f4xx.o ABSOLUTE
    ..\..\..\..\GD32F4x_Firmware_Library\GD32F4xx_standard_peripheral\Source\gd32f4xx_adc.c 0x00000000   Number         0  gd32f4xx_adc.o ABSOLUTE
    ..\..\..\..\GD32F4x_Firmware_Library\GD32F4xx_standard_peripheral\Source\gd32f4xx_can.c 0x00000000   Number         0  gd32f4xx_can.o ABSOLUTE
    ..\..\..\..\GD32F4x_Firmware_Library\GD32F4xx_standard_peripheral\Source\gd32f4xx_crc.c 0x00000000   Number         0  gd32f4xx_crc.o ABSOLUTE
    ..\..\..\..\GD32F4x_Firmware_Library\GD32F4xx_standard_peripheral\Source\gd32f4xx_ctc.c 0x00000000   Number         0  gd32f4xx_ctc.o ABSOLUTE
    ..\..\..\..\GD32F4x_Firmware_Library\GD32F4xx_standard_peripheral\Source\gd32f4xx_dac.c 0x00000000   Number         0  gd32f4xx_dac.o ABSOLUTE
    ..\..\..\..\GD32F4x_Firmware_Library\GD32F4xx_standard_peripheral\Source\gd32f4xx_dbg.c 0x00000000   Number         0  gd32f4xx_dbg.o ABSOLUTE
    ..\..\..\..\GD32F4x_Firmware_Library\GD32F4xx_standard_peripheral\Source\gd32f4xx_dci.c 0x00000000   Number         0  gd32f4xx_dci.o ABSOLUTE
    ..\..\..\..\GD32F4x_Firmware_Library\GD32F4xx_standard_peripheral\Source\gd32f4xx_dma.c 0x00000000   Number         0  gd32f4xx_dma.o ABSOLUTE
    ..\..\..\..\GD32F4x_Firmware_Library\GD32F4xx_standard_peripheral\Source\gd32f4xx_enet.c 0x00000000   Number         0  gd32f4xx_enet.o ABSOLUTE
    ..\..\..\..\GD32F4x_Firmware_Library\GD32F4xx_standard_peripheral\Source\gd32f4xx_exmc.c 0x00000000   Number         0  gd32f4xx_exmc.o ABSOLUTE
    ..\..\..\..\GD32F4x_Firmware_Library\GD32F4xx_standard_peripheral\Source\gd32f4xx_exti.c 0x00000000   Number         0  gd32f4xx_exti.o ABSOLUTE
    ..\..\..\..\GD32F4x_Firmware_Library\GD32F4xx_standard_peripheral\Source\gd32f4xx_fmc.c 0x00000000   Number         0  gd32f4xx_fmc.o ABSOLUTE
    ..\..\..\..\GD32F4x_Firmware_Library\GD32F4xx_standard_peripheral\Source\gd32f4xx_fwdgt.c 0x00000000   Number         0  gd32f4xx_fwdgt.o ABSOLUTE
    ..\..\..\..\GD32F4x_Firmware_Library\GD32F4xx_standard_peripheral\Source\gd32f4xx_gpio.c 0x00000000   Number         0  gd32f4xx_gpio.o ABSOLUTE
    ..\..\..\..\GD32F4x_Firmware_Library\GD32F4xx_standard_peripheral\Source\gd32f4xx_i2c.c 0x00000000   Number         0  gd32f4xx_i2c.o ABSOLUTE
    ..\..\..\..\GD32F4x_Firmware_Library\GD32F4xx_standard_peripheral\Source\gd32f4xx_ipa.c 0x00000000   Number         0  gd32f4xx_ipa.o ABSOLUTE
    ..\..\..\..\GD32F4x_Firmware_Library\GD32F4xx_standard_peripheral\Source\gd32f4xx_iref.c 0x00000000   Number         0  gd32f4xx_iref.o ABSOLUTE
    ..\..\..\..\GD32F4x_Firmware_Library\GD32F4xx_standard_peripheral\Source\gd32f4xx_misc.c 0x00000000   Number         0  gd32f4xx_misc.o ABSOLUTE
    ..\..\..\..\GD32F4x_Firmware_Library\GD32F4xx_standard_peripheral\Source\gd32f4xx_pmu.c 0x00000000   Number         0  gd32f4xx_pmu.o ABSOLUTE
    ..\..\..\..\GD32F4x_Firmware_Library\GD32F4xx_standard_peripheral\Source\gd32f4xx_rcu.c 0x00000000   Number         0  gd32f4xx_rcu.o ABSOLUTE
    ..\..\..\..\GD32F4x_Firmware_Library\GD32F4xx_standard_peripheral\Source\gd32f4xx_rtc.c 0x00000000   Number         0  gd32f4xx_rtc.o ABSOLUTE
    ..\..\..\..\GD32F4x_Firmware_Library\GD32F4xx_standard_peripheral\Source\gd32f4xx_sdio.c 0x00000000   Number         0  gd32f4xx_sdio.o ABSOLUTE
    ..\..\..\..\GD32F4x_Firmware_Library\GD32F4xx_standard_peripheral\Source\gd32f4xx_spi.c 0x00000000   Number         0  gd32f4xx_spi.o ABSOLUTE
    ..\..\..\..\GD32F4x_Firmware_Library\GD32F4xx_standard_peripheral\Source\gd32f4xx_syscfg.c 0x00000000   Number         0  gd32f4xx_syscfg.o ABSOLUTE
    ..\..\..\..\GD32F4x_Firmware_Library\GD32F4xx_standard_peripheral\Source\gd32f4xx_timer.c 0x00000000   Number         0  gd32f4xx_timer.o ABSOLUTE
    ..\..\..\..\GD32F4x_Firmware_Library\GD32F4xx_standard_peripheral\Source\gd32f4xx_tli.c 0x00000000   Number         0  gd32f4xx_tli.o ABSOLUTE
    ..\..\..\..\GD32F4x_Firmware_Library\GD32F4xx_standard_peripheral\Source\gd32f4xx_trng.c 0x00000000   Number         0  gd32f4xx_trng.o ABSOLUTE
    ..\..\..\..\GD32F4x_Firmware_Library\GD32F4xx_standard_peripheral\Source\gd32f4xx_usart.c 0x00000000   Number         0  gd32f4xx_usart.o ABSOLUTE
    ..\..\..\..\GD32F4x_Firmware_Library\GD32F4xx_standard_peripheral\Source\gd32f4xx_wwdgt.c 0x00000000   Number         0  gd32f4xx_wwdgt.o ABSOLUTE
    ..\..\..\..\GD32F4x_Firmware_Library\XLL_4G\cJSON.c 0x00000000   Number         0  cjson.o ABSOLUTE
    ..\..\..\..\GD32F4x_Firmware_Library\XLL_4G\cJSON_Utils.c 0x00000000   Number         0  cjson_utils.o ABSOLUTE
    ..\..\..\..\GD32F4x_Firmware_Library\XLL_4G\crc16.c 0x00000000   Number         0  crc16.o ABSOLUTE
    ..\..\..\..\GD32F4x_Firmware_Library\XLL_4G\message_json.c 0x00000000   Number         0  message_json.o ABSOLUTE
    ..\..\..\..\GD32F4x_Firmware_Library\XLL_4G\sim7600ce.c 0x00000000   Number         0  sim7600ce.o ABSOLUTE
    ..\..\..\..\GD32F4x_Firmware_Library\XLL_4G\usart2.c 0x00000000   Number         0  usart2.o ABSOLUTE
    ..\..\..\Utilities\gd32f4xx_XII-IOT.c    0x00000000   Number         0  gd32f4xx_xii-iot.o ABSOLUTE
    ..\Soft_Drive\74HC595\74HC595_LED.c      0x00000000   Number         0  74hc595_led.o ABSOLUTE
    ..\Soft_Drive\E53_IA1\E53_IA1.c          0x00000000   Number         0  e53_ia1.o ABSOLUTE
    ..\Soft_Drive\EEPROM\at24cxx.c           0x00000000   Number         0  at24cxx.o ABSOLUTE
    ..\Soft_Drive\I2C\I2C.c                  0x00000000   Number         0  i2c.o ABSOLUTE
    ..\Soft_Drive\OLED\oled.c                0x00000000   Number         0  oled.o ABSOLUTE
    ..\Soft_Drive\platfrom_test\test.c       0x00000000   Number         0  test.o ABSOLUTE
    ..\Soft_Drive\pwm\pwm.c                  0x00000000   Number         0  pwm.o ABSOLUTE
    ..\USER\gd32f4xx_it.c                    0x00000000   Number         0  gd32f4xx_it.o ABSOLUTE
    ..\USER\main.c                           0x00000000   Number         0  main.o ABSOLUTE
    ..\USER\systick.c                        0x00000000   Number         0  systick.o ABSOLUTE
    ..\\..\\..\\..\\GD32F4x_Firmware_Library\\CMSIS\\GD\\GD32F4xx\\Source\\system_gd32f4xx.c 0x00000000   Number         0  system_gd32f4xx.o ABSOLUTE
    ..\\..\\..\\..\\GD32F4x_Firmware_Library\\GD32F4xx_standard_peripheral\\Source\\gd32f4xx_adc.c 0x00000000   Number         0  gd32f4xx_adc.o ABSOLUTE
    ..\\..\\..\\..\\GD32F4x_Firmware_Library\\GD32F4xx_standard_peripheral\\Source\\gd32f4xx_can.c 0x00000000   Number         0  gd32f4xx_can.o ABSOLUTE
    ..\\..\\..\\..\\GD32F4x_Firmware_Library\\GD32F4xx_standard_peripheral\\Source\\gd32f4xx_crc.c 0x00000000   Number         0  gd32f4xx_crc.o ABSOLUTE
    ..\\..\\..\\..\\GD32F4x_Firmware_Library\\GD32F4xx_standard_peripheral\\Source\\gd32f4xx_ctc.c 0x00000000   Number         0  gd32f4xx_ctc.o ABSOLUTE
    ..\\..\\..\\..\\GD32F4x_Firmware_Library\\GD32F4xx_standard_peripheral\\Source\\gd32f4xx_dac.c 0x00000000   Number         0  gd32f4xx_dac.o ABSOLUTE
    ..\\..\\..\\..\\GD32F4x_Firmware_Library\\GD32F4xx_standard_peripheral\\Source\\gd32f4xx_dbg.c 0x00000000   Number         0  gd32f4xx_dbg.o ABSOLUTE
    ..\\..\\..\\..\\GD32F4x_Firmware_Library\\GD32F4xx_standard_peripheral\\Source\\gd32f4xx_dci.c 0x00000000   Number         0  gd32f4xx_dci.o ABSOLUTE
    ..\\..\\..\\..\\GD32F4x_Firmware_Library\\GD32F4xx_standard_peripheral\\Source\\gd32f4xx_dma.c 0x00000000   Number         0  gd32f4xx_dma.o ABSOLUTE
    ..\\..\\..\\..\\GD32F4x_Firmware_Library\\GD32F4xx_standard_peripheral\\Source\\gd32f4xx_enet.c 0x00000000   Number         0  gd32f4xx_enet.o ABSOLUTE
    ..\\..\\..\\..\\GD32F4x_Firmware_Library\\GD32F4xx_standard_peripheral\\Source\\gd32f4xx_exmc.c 0x00000000   Number         0  gd32f4xx_exmc.o ABSOLUTE
    ..\\..\\..\\..\\GD32F4x_Firmware_Library\\GD32F4xx_standard_peripheral\\Source\\gd32f4xx_exti.c 0x00000000   Number         0  gd32f4xx_exti.o ABSOLUTE
    ..\\..\\..\\..\\GD32F4x_Firmware_Library\\GD32F4xx_standard_peripheral\\Source\\gd32f4xx_fmc.c 0x00000000   Number         0  gd32f4xx_fmc.o ABSOLUTE
    ..\\..\\..\\..\\GD32F4x_Firmware_Library\\GD32F4xx_standard_peripheral\\Source\\gd32f4xx_fwdgt.c 0x00000000   Number         0  gd32f4xx_fwdgt.o ABSOLUTE
    ..\\..\\..\\..\\GD32F4x_Firmware_Library\\GD32F4xx_standard_peripheral\\Source\\gd32f4xx_gpio.c 0x00000000   Number         0  gd32f4xx_gpio.o ABSOLUTE
    ..\\..\\..\\..\\GD32F4x_Firmware_Library\\GD32F4xx_standard_peripheral\\Source\\gd32f4xx_i2c.c 0x00000000   Number         0  gd32f4xx_i2c.o ABSOLUTE
    ..\\..\\..\\..\\GD32F4x_Firmware_Library\\GD32F4xx_standard_peripheral\\Source\\gd32f4xx_ipa.c 0x00000000   Number         0  gd32f4xx_ipa.o ABSOLUTE
    ..\\..\\..\\..\\GD32F4x_Firmware_Library\\GD32F4xx_standard_peripheral\\Source\\gd32f4xx_iref.c 0x00000000   Number         0  gd32f4xx_iref.o ABSOLUTE
    ..\\..\\..\\..\\GD32F4x_Firmware_Library\\GD32F4xx_standard_peripheral\\Source\\gd32f4xx_misc.c 0x00000000   Number         0  gd32f4xx_misc.o ABSOLUTE
    ..\\..\\..\\..\\GD32F4x_Firmware_Library\\GD32F4xx_standard_peripheral\\Source\\gd32f4xx_pmu.c 0x00000000   Number         0  gd32f4xx_pmu.o ABSOLUTE
    ..\\..\\..\\..\\GD32F4x_Firmware_Library\\GD32F4xx_standard_peripheral\\Source\\gd32f4xx_rcu.c 0x00000000   Number         0  gd32f4xx_rcu.o ABSOLUTE
    ..\\..\\..\\..\\GD32F4x_Firmware_Library\\GD32F4xx_standard_peripheral\\Source\\gd32f4xx_rtc.c 0x00000000   Number         0  gd32f4xx_rtc.o ABSOLUTE
    ..\\..\\..\\..\\GD32F4x_Firmware_Library\\GD32F4xx_standard_peripheral\\Source\\gd32f4xx_sdio.c 0x00000000   Number         0  gd32f4xx_sdio.o ABSOLUTE
    ..\\..\\..\\..\\GD32F4x_Firmware_Library\\GD32F4xx_standard_peripheral\\Source\\gd32f4xx_spi.c 0x00000000   Number         0  gd32f4xx_spi.o ABSOLUTE
    ..\\..\\..\\..\\GD32F4x_Firmware_Library\\GD32F4xx_standard_peripheral\\Source\\gd32f4xx_syscfg.c 0x00000000   Number         0  gd32f4xx_syscfg.o ABSOLUTE
    ..\\..\\..\\..\\GD32F4x_Firmware_Library\\GD32F4xx_standard_peripheral\\Source\\gd32f4xx_timer.c 0x00000000   Number         0  gd32f4xx_timer.o ABSOLUTE
    ..\\..\\..\\..\\GD32F4x_Firmware_Library\\GD32F4xx_standard_peripheral\\Source\\gd32f4xx_tli.c 0x00000000   Number         0  gd32f4xx_tli.o ABSOLUTE
    ..\\..\\..\\..\\GD32F4x_Firmware_Library\\GD32F4xx_standard_peripheral\\Source\\gd32f4xx_trng.c 0x00000000   Number         0  gd32f4xx_trng.o ABSOLUTE
    ..\\..\\..\\..\\GD32F4x_Firmware_Library\\GD32F4xx_standard_peripheral\\Source\\gd32f4xx_usart.c 0x00000000   Number         0  gd32f4xx_usart.o ABSOLUTE
    ..\\..\\..\\..\\GD32F4x_Firmware_Library\\GD32F4xx_standard_peripheral\\Source\\gd32f4xx_wwdgt.c 0x00000000   Number         0  gd32f4xx_wwdgt.o ABSOLUTE
    ..\\..\\..\\..\\GD32F4x_Firmware_Library\\XLL_4G\\message_json.c 0x00000000   Number         0  message_json.o ABSOLUTE
    ..\\..\\..\\..\\GD32F4x_Firmware_Library\\XLL_4G\\sim7600ce.c 0x00000000   Number         0  sim7600ce.o ABSOLUTE
    ..\\..\\..\\..\\GD32F4x_Firmware_Library\\XLL_4G\\usart2.c 0x00000000   Number         0  usart2.o ABSOLUTE
    ..\\..\\..\\Utilities\\gd32f4xx_XII-IOT.c 0x00000000   Number         0  gd32f4xx_xii-iot.o ABSOLUTE
    ..\\Soft_Drive\\74HC595\\74HC595_LED.c   0x00000000   Number         0  74hc595_led.o ABSOLUTE
    ..\\Soft_Drive\\E53_IA1\\E53_IA1.c       0x00000000   Number         0  e53_ia1.o ABSOLUTE
    ..\\Soft_Drive\\EEPROM\\at24cxx.c        0x00000000   Number         0  at24cxx.o ABSOLUTE
    ..\\Soft_Drive\\I2C\\I2C.c               0x00000000   Number         0  i2c.o ABSOLUTE
    ..\\Soft_Drive\\OLED\\oled.c             0x00000000   Number         0  oled.o ABSOLUTE
    ..\\Soft_Drive\\platfrom_test\\test.c    0x00000000   Number         0  test.o ABSOLUTE
    ..\\Soft_Drive\\pwm\\pwm.c               0x00000000   Number         0  pwm.o ABSOLUTE
    ..\\USER\\gd32f4xx_it.c                  0x00000000   Number         0  gd32f4xx_it.o ABSOLUTE
    ..\\USER\\main.c                         0x00000000   Number         0  main.o ABSOLUTE
    ..\\USER\\systick.c                      0x00000000   Number         0  systick.o ABSOLUTE
    cdcmple.s                                0x00000000   Number         0  cdcmple.o ABSOLUTE
    cdrcmple.s                               0x00000000   Number         0  cdrcmple.o ABSOLUTE
    dc.s                                     0x00000000   Number         0  dc.o ABSOLUTE
    handlers.s                               0x00000000   Number         0  handlers.o ABSOLUTE
    init.s                                   0x00000000   Number         0  init.o ABSOLUTE
    RESET                                    0x08000000   Section      392  startup_gd32f407.o(RESET)
    .ARM.Collect$$$$00000000                 0x08000188   Section        0  entry.o(.ARM.Collect$$$$00000000)
    .ARM.Collect$$$$00000001                 0x08000188   Section        4  entry2.o(.ARM.Collect$$$$00000001)
    .ARM.Collect$$$$00000004                 0x0800018c   Section        4  entry5.o(.ARM.Collect$$$$00000004)
    .ARM.Collect$$$$00000008                 0x08000190   Section        0  entry7b.o(.ARM.Collect$$$$00000008)
    .ARM.Collect$$$$0000000A                 0x08000190   Section        0  entry8b.o(.ARM.Collect$$$$0000000A)
    .ARM.Collect$$$$0000000B                 0x08000190   Section        8  entry9a.o(.ARM.Collect$$$$0000000B)
    .ARM.Collect$$$$0000000D                 0x08000198   Section        0  entry10a.o(.ARM.Collect$$$$0000000D)
    .ARM.Collect$$$$0000000F                 0x08000198   Section        0  entry11a.o(.ARM.Collect$$$$0000000F)
    .ARM.Collect$$$$00002712                 0x08000198   Section        4  entry2.o(.ARM.Collect$$$$00002712)
    __lit__00000000                          0x08000198   Data           4  entry2.o(.ARM.Collect$$$$00002712)
    .text                                    0x0800019c   Section       36  startup_gd32f407.o(.text)
    $v0                                      0x0800019c   Number         0  startup_gd32f407.o(.text)
    .text                                    0x080001c0   Section        0  dadd.o(.text)
    .text                                    0x0800030e   Section        0  dmul.o(.text)
    .text                                    0x080003f2   Section        0  ddiv.o(.text)
    .text                                    0x080004d0   Section        0  dflti.o(.text)
    .text                                    0x080004f2   Section        0  f2d.o(.text)
    .text                                    0x08000518   Section       48  cdrcmple.o(.text)
    .text                                    0x08000548   Section        0  d2f.o(.text)
    .text                                    0x08000580   Section        0  uidiv.o(.text)
    .text                                    0x080005ac   Section        0  uldiv.o(.text)
    .text                                    0x0800060e   Section        0  llshl.o(.text)
    .text                                    0x0800062c   Section        0  llushr.o(.text)
    .text                                    0x0800064c   Section        0  llsshr.o(.text)
    .text                                    0x08000670   Section        0  iusefp.o(.text)
    .text                                    0x08000670   Section        0  fepilogue.o(.text)
    .text                                    0x080006de   Section        0  depilogue.o(.text)
    .text                                    0x08000798   Section        0  dfixul.o(.text)
    .text                                    0x080007c8   Section       36  init.o(.text)
    .text                                    0x080007ec   Section        0  __dczerorl2.o(.text)
    i.BEEP                                   0x08000844   Section        0  test.o(i.BEEP)
    i.BEEP_LONG_3                            0x08000870   Section        0  test.o(i.BEEP_LONG_3)
    i.BEEP_SHORT_3                           0x08000888   Section        0  test.o(i.BEEP_SHORT_3)
    i.BusFault_Handler                       0x0800089e   Section        0  gd32f4xx_it.o(i.BusFault_Handler)
    i.Convert_BH1750                         0x080008a4   Section        0  e53_ia1.o(i.Convert_BH1750)
    i.DebugMon_Handler                       0x08000904   Section        0  gd32f4xx_it.o(i.DebugMon_Handler)
    i.E53_IA1_I2C_Master_Receive             0x08000908   Section        0  e53_ia1.o(i.E53_IA1_I2C_Master_Receive)
    i.E53_IA1_I2C_Master_Transmit            0x08000a00   Section        0  e53_ia1.o(i.E53_IA1_I2C_Master_Transmit)
    i.E53_IA1_Light_StatusSet                0x08000a9c   Section        0  e53_ia1.o(i.E53_IA1_Light_StatusSet)
    i.E53_IA1_Motor_StatusSet                0x08000ac0   Section        0  e53_ia1.o(i.E53_IA1_Motor_StatusSet)
    i.E53_IA1_Read_Data                      0x08000ae4   Section        0  e53_ia1.o(i.E53_IA1_Read_Data)
    i.HC595_GPIO_Config                      0x08000b98   Section        0  74hc595_led.o(i.HC595_GPIO_Config)
    i.HardFault_Handler                      0x08000bf8   Section        0  gd32f4xx_it.o(i.HardFault_Handler)
    i.Init_BH1750                            0x08000bfc   Section        0  e53_ia1.o(i.Init_BH1750)
    i.Init_E53_IA1                           0x08000c0e   Section        0  e53_ia1.o(i.Init_E53_IA1)
    i.Init_Light                             0x08000c2c   Section        0  e53_ia1.o(i.Init_Light)
    i.Init_Motor                             0x08000c64   Section        0  e53_ia1.o(i.Init_Motor)
    i.Init_SHT30                             0x08000c9c   Section        0  e53_ia1.o(i.Init_SHT30)
    i.MemManage_Handler                      0x08000cb4   Section        0  gd32f4xx_it.o(i.MemManage_Handler)
    i.NMI_Handler                            0x08000cb8   Section        0  gd32f4xx_it.o(i.NMI_Handler)
    i.NVIC_SetPriority                       0x08000cbc   Section        0  systick.o(i.NVIC_SetPriority)
    NVIC_SetPriority                         0x08000cbd   Thumb Code    32  systick.o(i.NVIC_SetPriority)
    i.OLED_Clear                             0x08000ce4   Section        0  oled.o(i.OLED_Clear)
    i.OLED_Display_On                        0x08000d1c   Section        0  oled.o(i.OLED_Display_On)
    i.OLED_Gpio_Init                         0x08000d34   Section        0  oled.o(i.OLED_Gpio_Init)
    i.OLED_Init                              0x08000e10   Section        0  oled.o(i.OLED_Init)
    i.OLED_SPI_Send                          0x08000ef4   Section        0  oled.o(i.OLED_SPI_Send)
    i.OLED_Set_Pos                           0x08000f24   Section        0  oled.o(i.OLED_Set_Pos)
    i.OLED_ShowChar                          0x08000f4c   Section        0  oled.o(i.OLED_ShowChar)
    i.OLED_ShowString                        0x08000fbc   Section        0  oled.o(i.OLED_ShowString)
    i.OLED_Write_Cmd                         0x08000ff8   Section        0  oled.o(i.OLED_Write_Cmd)
    i.OLED_Write_Data                        0x08001024   Section        0  oled.o(i.OLED_Write_Data)
    i.PWM_ON                                 0x08001048   Section        0  test.o(i.PWM_ON)
    i.PendSV_Handler                         0x080010fc   Section        0  gd32f4xx_it.o(i.PendSV_Handler)
    i.SHT3x_CalcRH                           0x08001100   Section        0  e53_ia1.o(i.SHT3x_CalcRH)
    i.SHT3x_CalcTemperatureC                 0x08001138   Section        0  e53_ia1.o(i.SHT3x_CalcTemperatureC)
    i.SHT3x_CheckCrc                         0x0800117c   Section        0  e53_ia1.o(i.SHT3x_CheckCrc)
    i.SVC_Handler                            0x080011c4   Section        0  gd32f4xx_it.o(i.SVC_Handler)
    i.Start_BH1750                           0x080011c6   Section        0  e53_ia1.o(i.Start_BH1750)
    i.SysTick_Handler                        0x080011d8   Section        0  gd32f4xx_it.o(i.SysTick_Handler)
    i.SystemInit                             0x080011e0   Section        0  system_gd32f4xx.o(i.SystemInit)
    i.USART1_IRQHandler                      0x08001240   Section        0  usart2.o(i.USART1_IRQHandler)
    i.Uart0Printf                            0x080012a8   Section        0  gd32f4xx_xii-iot.o(i.Uart0Printf)
    i.Uart0WriteByte                         0x080012f0   Section        0  gd32f4xx_xii-iot.o(i.Uart0WriteByte)
    i.UsageFault_Handler                     0x08001310   Section        0  gd32f4xx_it.o(i.UsageFault_Handler)
    i.__0sprintf                             0x08001314   Section        0  printfa.o(i.__0sprintf)
    i.__0vsprintf                            0x0800133c   Section        0  printfa.o(i.__0vsprintf)
    i.__scatterload_copy                     0x08001360   Section       14  handlers.o(i.__scatterload_copy)
    i.__scatterload_null                     0x0800136e   Section        2  handlers.o(i.__scatterload_null)
    i.__scatterload_zeroinit                 0x08001370   Section       14  handlers.o(i.__scatterload_zeroinit)
    i._fp_digits                             0x08001380   Section        0  printfa.o(i._fp_digits)
    _fp_digits                               0x08001381   Thumb Code   334  printfa.o(i._fp_digits)
    i._printf_core                           0x080014e4   Section        0  printfa.o(i._printf_core)
    _printf_core                             0x080014e5   Thumb Code  1744  printfa.o(i._printf_core)
    i._printf_post_padding                   0x08001bc0   Section        0  printfa.o(i._printf_post_padding)
    _printf_post_padding                     0x08001bc1   Thumb Code    36  printfa.o(i._printf_post_padding)
    i._printf_pre_padding                    0x08001be4   Section        0  printfa.o(i._printf_pre_padding)
    _printf_pre_padding                      0x08001be5   Thumb Code    46  printfa.o(i._printf_pre_padding)
    i._sputc                                 0x08001c12   Section        0  printfa.o(i._sputc)
    _sputc                                   0x08001c13   Thumb Code    10  printfa.o(i._sputc)
    i.delay_1ms                              0x08001c1c   Section        0  systick.o(i.delay_1ms)
    i.delay_decrement                        0x08001c30   Section        0  systick.o(i.delay_decrement)
    i.delay_ms                               0x08001c48   Section        0  e53_ia1.o(i.delay_ms)
    i.delay_us                               0x08001c60   Section        0  e53_ia1.o(i.delay_us)
    i.dipinit                                0x08001c7a   Section        0  gd32f4xx_xii-iot.o(i.dipinit)
    i.gd_XII_systeminit                      0x08001cae   Section        0  gd32f4xx_xii-iot.o(i.gd_XII_systeminit)
    i.gd_eval_dip_init                       0x08001ce4   Section        0  gd32f4xx_xii-iot.o(i.gd_eval_dip_init)
    i.gd_eval_led_init                       0x08001d1c   Section        0  gd32f4xx_xii-iot.o(i.gd_eval_led_init)
    i.gd_eval_led_off                        0x08001d70   Section        0  gd32f4xx_xii-iot.o(i.gd_eval_led_off)
    i.gd_eval_led_on                         0x08001d88   Section        0  gd32f4xx_xii-iot.o(i.gd_eval_led_on)
    i.gd_gpio_init                           0x08001da0   Section        0  gd32f4xx_xii-iot.o(i.gd_gpio_init)
    i.gpio_af_set                            0x08001de4   Section        0  gd32f4xx_gpio.o(i.gpio_af_set)
    i.gpio_bit_reset                         0x08001e42   Section        0  gd32f4xx_gpio.o(i.gpio_bit_reset)
    i.gpio_bit_set                           0x08001e46   Section        0  gd32f4xx_gpio.o(i.gpio_bit_set)
    i.gpio_mode_set                          0x08001e4a   Section        0  gd32f4xx_gpio.o(i.gpio_mode_set)
    i.gpio_output_options_set                0x08001e98   Section        0  gd32f4xx_gpio.o(i.gpio_output_options_set)
    i.i2c_ack_config                         0x08001eda   Section        0  gd32f4xx_i2c.o(i.i2c_ack_config)
    i.i2c_clock_config                       0x08001ef4   Section        0  gd32f4xx_i2c.o(i.i2c_clock_config)
    i.i2c_config                             0x08001fc4   Section        0  i2c.o(i.i2c_config)
    i.i2c_enable                             0x08001ffc   Section        0  gd32f4xx_i2c.o(i.i2c_enable)
    i.i2c_flag_clear                         0x08002006   Section        0  gd32f4xx_i2c.o(i.i2c_flag_clear)
    i.i2c_flag_get                           0x08002018   Section        0  gd32f4xx_i2c.o(i.i2c_flag_get)
    i.i2c_gpio_config                        0x0800204c   Section        0  i2c.o(i.i2c_gpio_config)
    i.i2c_master_addressing                  0x080020a8   Section        0  gd32f4xx_i2c.o(i.i2c_master_addressing)
    i.i2c_mode_addr_config                   0x080020bc   Section        0  gd32f4xx_i2c.o(i.i2c_mode_addr_config)
    i.i2c_receive_data                       0x080020d4   Section        0  gd32f4xx_i2c.o(i.i2c_receive_data)
    i.i2c_start_on_bus                       0x080020dc   Section        0  gd32f4xx_i2c.o(i.i2c_start_on_bus)
    i.i2c_stop_on_bus                        0x080020e6   Section        0  gd32f4xx_i2c.o(i.i2c_stop_on_bus)
    i.i2c_transmit_data                      0x080020f0   Section        0  gd32f4xx_i2c.o(i.i2c_transmit_data)
    i.main                                   0x080020f4   Section        0  main.o(i.main)
    i.motor_gpio_config                      0x08002100   Section        0  pwm.o(i.motor_gpio_config)
    i.rcu_clock_freq_get                     0x08002178   Section        0  gd32f4xx_rcu.o(i.rcu_clock_freq_get)
    i.rcu_periph_clock_enable                0x0800229c   Section        0  gd32f4xx_rcu.o(i.rcu_periph_clock_enable)
    i.rcu_periph_reset_disable               0x080022c0   Section        0  gd32f4xx_rcu.o(i.rcu_periph_reset_disable)
    i.rcu_periph_reset_enable                0x080022e4   Section        0  gd32f4xx_rcu.o(i.rcu_periph_reset_enable)
    i.spi_enable                             0x08002308   Section        0  gd32f4xx_spi.o(i.spi_enable)
    i.spi_i2s_data_transmit                  0x08002312   Section        0  gd32f4xx_spi.o(i.spi_i2s_data_transmit)
    i.spi_i2s_flag_get                       0x08002316   Section        0  gd32f4xx_spi.o(i.spi_i2s_flag_get)
    i.spi_init                               0x08002326   Section        0  gd32f4xx_spi.o(i.spi_init)
    i.system_clock_200m_irc16m               0x08002358   Section        0  system_gd32f4xx.o(i.system_clock_200m_irc16m)
    system_clock_200m_irc16m                 0x08002359   Thumb Code   238  system_gd32f4xx.o(i.system_clock_200m_irc16m)
    i.system_clock_config                    0x08002454   Section        0  system_gd32f4xx.o(i.system_clock_config)
    system_clock_config                      0x08002455   Thumb Code     8  system_gd32f4xx.o(i.system_clock_config)
    i.system_init                            0x0800245c   Section        0  test.o(i.system_init)
    i.systick_config                         0x0800249c   Section        0  systick.o(i.systick_config)
    i.test                                   0x080024ec   Section        0  test.o(i.test)
    i.usart0Init                             0x08002a94   Section        0  gd32f4xx_xii-iot.o(i.usart0Init)
    i.usart_baudrate_set                     0x08002b60   Section        0  gd32f4xx_usart.o(i.usart_baudrate_set)
    i.usart_data_receive                     0x08002c50   Section        0  gd32f4xx_usart.o(i.usart_data_receive)
    i.usart_data_transmit                    0x08002c5a   Section        0  gd32f4xx_usart.o(i.usart_data_transmit)
    i.usart_deinit                           0x08002c64   Section        0  gd32f4xx_usart.o(i.usart_deinit)
    i.usart_enable                           0x08002d40   Section        0  gd32f4xx_usart.o(i.usart_enable)
    i.usart_flag_get                         0x08002d4a   Section        0  gd32f4xx_usart.o(i.usart_flag_get)
    i.usart_interrupt_flag_clear             0x08002d68   Section        0  gd32f4xx_usart.o(i.usart_interrupt_flag_clear)
    i.usart_interrupt_flag_get               0x08002d82   Section        0  gd32f4xx_usart.o(i.usart_interrupt_flag_get)
    i.usart_receive_config                   0x08002da0   Section        0  gd32f4xx_usart.o(i.usart_receive_config)
    i.usart_transmit_config                  0x08002db0   Section        0  gd32f4xx_usart.o(i.usart_transmit_config)
    .constdata                               0x08002dc0   Section     2072  oled.o(.constdata)
    .data                                    0x20000000   Section        4  systick.o(.data)
    delay                                    0x20000000   Data           4  systick.o(.data)
    .data                                    0x20000004   Section        4  system_gd32f4xx.o(.data)
    .data                                    0x20000008   Section      324  gd32f4xx_xii-iot.o(.data)
    GPIO_PORT                                0x20000008   Data          32  gd32f4xx_xii-iot.o(.data)
    GPIO_PIN                                 0x20000028   Data          32  gd32f4xx_xii-iot.o(.data)
    COM_CLK                                  0x20000048   Data          12  gd32f4xx_xii-iot.o(.data)
    COM_TX_PIN                               0x20000054   Data          24  gd32f4xx_xii-iot.o(.data)
    COM_RX_PIN                               0x2000006c   Data          24  gd32f4xx_xii-iot.o(.data)
    COM_GPIO_PORT                            0x20000084   Data          24  gd32f4xx_xii-iot.o(.data)
    COM_GPIO_CLK                             0x2000009c   Data          12  gd32f4xx_xii-iot.o(.data)
    GPIO_CLK                                 0x200000a8   Data          16  gd32f4xx_xii-iot.o(.data)
    KEY_PORT                                 0x200000b8   Data          16  gd32f4xx_xii-iot.o(.data)
    KEY_PIN                                  0x200000c8   Data          16  gd32f4xx_xii-iot.o(.data)
    KEY_CLK                                  0x200000d8   Data           8  gd32f4xx_xii-iot.o(.data)
    KEY_EXTI_LINE                            0x200000e0   Data          16  gd32f4xx_xii-iot.o(.data)
    KEY_PORT_SOURCE                          0x200000f0   Data           4  gd32f4xx_xii-iot.o(.data)
    KEY_PIN_SOURCE                           0x200000f4   Data           4  gd32f4xx_xii-iot.o(.data)
    KEY_IRQn                                 0x200000f8   Data           4  gd32f4xx_xii-iot.o(.data)
    DIP_PORT                                 0x200000fc   Data          32  gd32f4xx_xii-iot.o(.data)
    DIP_PIN                                  0x2000011c   Data          32  gd32f4xx_xii-iot.o(.data)
    DIP_CLK                                  0x2000013c   Data          16  gd32f4xx_xii-iot.o(.data)
    .data                                    0x2000014c   Section       60  test.o(.data)
    .bss                                     0x20000188   Section      256  gd32f4xx_xii-iot.o(.bss)
    buffer1                                  0x20000188   Data         128  gd32f4xx_xii-iot.o(.bss)
    buffer2                                  0x20000208   Data         128  gd32f4xx_xii-iot.o(.bss)
    .bss                                     0x20000288   Section       60  test.o(.bss)
    .bss                                     0x200002c8   Section     3072  usart2.o(.bss)
    STACK                                    0x20000ec8   Section     1024  startup_gd32f407.o(STACK)

    Global Symbols

    Symbol Name                              Value     Ov Type        Size  Object(Section)

    BuildAttributes$$THM_ISAv4$E$P$D$K$B$S$7EM$VFPi3$EXTD16$VFPS$VFMA$PE$A:L22UL41UL21$X:L11$S22US41US21$IEEE1$IW$USESV6$~STKCKD$USESV7$~SHL$OTIME$ROPI$IEEEJ$EBA8$MICROLIB$REQ8$PRES8$EABIv2 0x00000000   Number         0  anon$$obj.o ABSOLUTE
    __ARM_use_no_argv                        0x00000000   Number         0  main.o ABSOLUTE
    _printf_a                                0x00000000   Number         0  stubs.o ABSOLUTE
    _printf_c                                0x00000000   Number         0  stubs.o ABSOLUTE
    _printf_charcount                        0x00000000   Number         0  stubs.o ABSOLUTE
    _printf_d                                0x00000000   Number         0  stubs.o ABSOLUTE
    _printf_e                                0x00000000   Number         0  stubs.o ABSOLUTE
    _printf_f                                0x00000000   Number         0  stubs.o ABSOLUTE
    _printf_flags                            0x00000000   Number         0  stubs.o ABSOLUTE
    _printf_fp_dec                           0x00000000   Number         0  stubs.o ABSOLUTE
    _printf_fp_hex                           0x00000000   Number         0  stubs.o ABSOLUTE
    _printf_g                                0x00000000   Number         0  stubs.o ABSOLUTE
    _printf_i                                0x00000000   Number         0  stubs.o ABSOLUTE
    _printf_int_dec                          0x00000000   Number         0  stubs.o ABSOLUTE
    _printf_l                                0x00000000   Number         0  stubs.o ABSOLUTE
    _printf_lc                               0x00000000   Number         0  stubs.o ABSOLUTE
    _printf_ll                               0x00000000   Number         0  stubs.o ABSOLUTE
    _printf_lld                              0x00000000   Number         0  stubs.o ABSOLUTE
    _printf_lli                              0x00000000   Number         0  stubs.o ABSOLUTE
    _printf_llo                              0x00000000   Number         0  stubs.o ABSOLUTE
    _printf_llu                              0x00000000   Number         0  stubs.o ABSOLUTE
    _printf_llx                              0x00000000   Number         0  stubs.o ABSOLUTE
    _printf_longlong_dec                     0x00000000   Number         0  stubs.o ABSOLUTE
    _printf_longlong_hex                     0x00000000   Number         0  stubs.o ABSOLUTE
    _printf_longlong_oct                     0x00000000   Number         0  stubs.o ABSOLUTE
    _printf_ls                               0x00000000   Number         0  stubs.o ABSOLUTE
    _printf_mbtowc                           0x00000000   Number         0  stubs.o ABSOLUTE
    _printf_n                                0x00000000   Number         0  stubs.o ABSOLUTE
    _printf_o                                0x00000000   Number         0  stubs.o ABSOLUTE
    _printf_p                                0x00000000   Number         0  stubs.o ABSOLUTE
    _printf_percent                          0x00000000   Number         0  stubs.o ABSOLUTE
    _printf_pre_padding                      0x00000000   Number         0  stubs.o ABSOLUTE
    _printf_return_value                     0x00000000   Number         0  stubs.o ABSOLUTE
    _printf_s                                0x00000000   Number         0  stubs.o ABSOLUTE
    _printf_sizespec                         0x00000000   Number         0  stubs.o ABSOLUTE
    _printf_str                              0x00000000   Number         0  stubs.o ABSOLUTE
    _printf_truncate_signed                  0x00000000   Number         0  stubs.o ABSOLUTE
    _printf_truncate_unsigned                0x00000000   Number         0  stubs.o ABSOLUTE
    _printf_u                                0x00000000   Number         0  stubs.o ABSOLUTE
    _printf_wc                               0x00000000   Number         0  stubs.o ABSOLUTE
    _printf_wctomb                           0x00000000   Number         0  stubs.o ABSOLUTE
    _printf_widthprec                        0x00000000   Number         0  stubs.o ABSOLUTE
    _printf_x                                0x00000000   Number         0  stubs.o ABSOLUTE
    __cpp_initialize__aeabi_                  - Undefined Weak Reference
    __cxa_finalize                            - Undefined Weak Reference
    _clock_init                               - Undefined Weak Reference
    _microlib_exit                            - Undefined Weak Reference
    _scanf_int                                - Undefined Weak Reference
    _scanf_longlong                           - Undefined Weak Reference
    _scanf_string                             - Undefined Weak Reference
    __Vectors_Size                           0x00000188   Number         0  startup_gd32f407.o ABSOLUTE
    __Vectors                                0x08000000   Data           4  startup_gd32f407.o(RESET)
    __Vectors_End                            0x08000188   Data           0  startup_gd32f407.o(RESET)
    __main                                   0x08000189   Thumb Code     0  entry.o(.ARM.Collect$$$$00000000)
    _main_stk                                0x08000189   Thumb Code     0  entry2.o(.ARM.Collect$$$$00000001)
    _main_scatterload                        0x0800018d   Thumb Code     0  entry5.o(.ARM.Collect$$$$00000004)
    __main_after_scatterload                 0x08000191   Thumb Code     0  entry5.o(.ARM.Collect$$$$00000004)
    _main_clock                              0x08000191   Thumb Code     0  entry7b.o(.ARM.Collect$$$$00000008)
    _main_cpp_init                           0x08000191   Thumb Code     0  entry8b.o(.ARM.Collect$$$$0000000A)
    _main_init                               0x08000191   Thumb Code     0  entry9a.o(.ARM.Collect$$$$0000000B)
    __rt_final_cpp                           0x08000199   Thumb Code     0  entry10a.o(.ARM.Collect$$$$0000000D)
    __rt_final_exit                          0x08000199   Thumb Code     0  entry11a.o(.ARM.Collect$$$$0000000F)
    Reset_Handler                            0x0800019d   Thumb Code     8  startup_gd32f407.o(.text)
    ADC_IRQHandler                           0x080001b7   Thumb Code     0  startup_gd32f407.o(.text)
    CAN0_EWMC_IRQHandler                     0x080001b7   Thumb Code     0  startup_gd32f407.o(.text)
    CAN0_RX0_IRQHandler                      0x080001b7   Thumb Code     0  startup_gd32f407.o(.text)
    CAN0_RX1_IRQHandler                      0x080001b7   Thumb Code     0  startup_gd32f407.o(.text)
    CAN0_TX_IRQHandler                       0x080001b7   Thumb Code     0  startup_gd32f407.o(.text)
    CAN1_EWMC_IRQHandler                     0x080001b7   Thumb Code     0  startup_gd32f407.o(.text)
    CAN1_RX0_IRQHandler                      0x080001b7   Thumb Code     0  startup_gd32f407.o(.text)
    CAN1_RX1_IRQHandler                      0x080001b7   Thumb Code     0  startup_gd32f407.o(.text)
    CAN1_TX_IRQHandler                       0x080001b7   Thumb Code     0  startup_gd32f407.o(.text)
    DCI_IRQHandler                           0x080001b7   Thumb Code     0  startup_gd32f407.o(.text)
    DMA0_Channel0_IRQHandler                 0x080001b7   Thumb Code     0  startup_gd32f407.o(.text)
    DMA0_Channel1_IRQHandler                 0x080001b7   Thumb Code     0  startup_gd32f407.o(.text)
    DMA0_Channel2_IRQHandler                 0x080001b7   Thumb Code     0  startup_gd32f407.o(.text)
    DMA0_Channel3_IRQHandler                 0x080001b7   Thumb Code     0  startup_gd32f407.o(.text)
    DMA0_Channel4_IRQHandler                 0x080001b7   Thumb Code     0  startup_gd32f407.o(.text)
    DMA0_Channel5_IRQHandler                 0x080001b7   Thumb Code     0  startup_gd32f407.o(.text)
    DMA0_Channel6_IRQHandler                 0x080001b7   Thumb Code     0  startup_gd32f407.o(.text)
    DMA0_Channel7_IRQHandler                 0x080001b7   Thumb Code     0  startup_gd32f407.o(.text)
    DMA1_Channel0_IRQHandler                 0x080001b7   Thumb Code     0  startup_gd32f407.o(.text)
    DMA1_Channel1_IRQHandler                 0x080001b7   Thumb Code     0  startup_gd32f407.o(.text)
    DMA1_Channel2_IRQHandler                 0x080001b7   Thumb Code     0  startup_gd32f407.o(.text)
    DMA1_Channel3_IRQHandler                 0x080001b7   Thumb Code     0  startup_gd32f407.o(.text)
    DMA1_Channel4_IRQHandler                 0x080001b7   Thumb Code     0  startup_gd32f407.o(.text)
    DMA1_Channel5_IRQHandler                 0x080001b7   Thumb Code     0  startup_gd32f407.o(.text)
    DMA1_Channel6_IRQHandler                 0x080001b7   Thumb Code     0  startup_gd32f407.o(.text)
    DMA1_Channel7_IRQHandler                 0x080001b7   Thumb Code     0  startup_gd32f407.o(.text)
    ENET_IRQHandler                          0x080001b7   Thumb Code     0  startup_gd32f407.o(.text)
    ENET_WKUP_IRQHandler                     0x080001b7   Thumb Code     0  startup_gd32f407.o(.text)
    EXMC_IRQHandler                          0x080001b7   Thumb Code     0  startup_gd32f407.o(.text)
    EXTI0_IRQHandler                         0x080001b7   Thumb Code     0  startup_gd32f407.o(.text)
    EXTI10_15_IRQHandler                     0x080001b7   Thumb Code     0  startup_gd32f407.o(.text)
    EXTI1_IRQHandler                         0x080001b7   Thumb Code     0  startup_gd32f407.o(.text)
    EXTI2_IRQHandler                         0x080001b7   Thumb Code     0  startup_gd32f407.o(.text)
    EXTI3_IRQHandler                         0x080001b7   Thumb Code     0  startup_gd32f407.o(.text)
    EXTI4_IRQHandler                         0x080001b7   Thumb Code     0  startup_gd32f407.o(.text)
    EXTI5_9_IRQHandler                       0x080001b7   Thumb Code     0  startup_gd32f407.o(.text)
    FMC_IRQHandler                           0x080001b7   Thumb Code     0  startup_gd32f407.o(.text)
    FPU_IRQHandler                           0x080001b7   Thumb Code     0  startup_gd32f407.o(.text)
    I2C0_ER_IRQHandler                       0x080001b7   Thumb Code     0  startup_gd32f407.o(.text)
    I2C0_EV_IRQHandler                       0x080001b7   Thumb Code     0  startup_gd32f407.o(.text)
    I2C1_ER_IRQHandler                       0x080001b7   Thumb Code     0  startup_gd32f407.o(.text)
    I2C1_EV_IRQHandler                       0x080001b7   Thumb Code     0  startup_gd32f407.o(.text)
    I2C2_ER_IRQHandler                       0x080001b7   Thumb Code     0  startup_gd32f407.o(.text)
    I2C2_EV_IRQHandler                       0x080001b7   Thumb Code     0  startup_gd32f407.o(.text)
    LVD_IRQHandler                           0x080001b7   Thumb Code     0  startup_gd32f407.o(.text)
    RCU_CTC_IRQHandler                       0x080001b7   Thumb Code     0  startup_gd32f407.o(.text)
    RTC_Alarm_IRQHandler                     0x080001b7   Thumb Code     0  startup_gd32f407.o(.text)
    RTC_WKUP_IRQHandler                      0x080001b7   Thumb Code     0  startup_gd32f407.o(.text)
    SDIO_IRQHandler                          0x080001b7   Thumb Code     0  startup_gd32f407.o(.text)
    SPI0_IRQHandler                          0x080001b7   Thumb Code     0  startup_gd32f407.o(.text)
    SPI1_IRQHandler                          0x080001b7   Thumb Code     0  startup_gd32f407.o(.text)
    SPI2_IRQHandler                          0x080001b7   Thumb Code     0  startup_gd32f407.o(.text)
    TAMPER_STAMP_IRQHandler                  0x080001b7   Thumb Code     0  startup_gd32f407.o(.text)
    TIMER0_BRK_TIMER8_IRQHandler             0x080001b7   Thumb Code     0  startup_gd32f407.o(.text)
    TIMER0_CC_IRQHandler                     0x080001b7   Thumb Code     0  startup_gd32f407.o(.text)
    TIMER0_TRG_CMT_TIMER10_IRQHandler        0x080001b7   Thumb Code     0  startup_gd32f407.o(.text)
    TIMER0_UP_TIMER9_IRQHandler              0x080001b7   Thumb Code     0  startup_gd32f407.o(.text)
    TIMER1_IRQHandler                        0x080001b7   Thumb Code     0  startup_gd32f407.o(.text)
    TIMER2_IRQHandler                        0x080001b7   Thumb Code     0  startup_gd32f407.o(.text)
    TIMER3_IRQHandler                        0x080001b7   Thumb Code     0  startup_gd32f407.o(.text)
    TIMER4_IRQHandler                        0x080001b7   Thumb Code     0  startup_gd32f407.o(.text)
    TIMER5_DAC_IRQHandler                    0x080001b7   Thumb Code     0  startup_gd32f407.o(.text)
    TIMER6_IRQHandler                        0x080001b7   Thumb Code     0  startup_gd32f407.o(.text)
    TIMER7_BRK_TIMER11_IRQHandler            0x080001b7   Thumb Code     0  startup_gd32f407.o(.text)
    TIMER7_CC_IRQHandler                     0x080001b7   Thumb Code     0  startup_gd32f407.o(.text)
    TIMER7_TRG_CMT_TIMER13_IRQHandler        0x080001b7   Thumb Code     0  startup_gd32f407.o(.text)
    TIMER7_UP_TIMER12_IRQHandler             0x080001b7   Thumb Code     0  startup_gd32f407.o(.text)
    TRNG_IRQHandler                          0x080001b7   Thumb Code     0  startup_gd32f407.o(.text)
    UART3_IRQHandler                         0x080001b7   Thumb Code     0  startup_gd32f407.o(.text)
    UART4_IRQHandler                         0x080001b7   Thumb Code     0  startup_gd32f407.o(.text)
    USART0_IRQHandler                        0x080001b7   Thumb Code     0  startup_gd32f407.o(.text)
    USART2_IRQHandler                        0x080001b7   Thumb Code     0  startup_gd32f407.o(.text)
    USART5_IRQHandler                        0x080001b7   Thumb Code     0  startup_gd32f407.o(.text)
    USBFS_IRQHandler                         0x080001b7   Thumb Code     0  startup_gd32f407.o(.text)
    USBFS_WKUP_IRQHandler                    0x080001b7   Thumb Code     0  startup_gd32f407.o(.text)
    USBHS_EP1_In_IRQHandler                  0x080001b7   Thumb Code     0  startup_gd32f407.o(.text)
    USBHS_EP1_Out_IRQHandler                 0x080001b7   Thumb Code     0  startup_gd32f407.o(.text)
    USBHS_IRQHandler                         0x080001b7   Thumb Code     0  startup_gd32f407.o(.text)
    USBHS_WKUP_IRQHandler                    0x080001b7   Thumb Code     0  startup_gd32f407.o(.text)
    WWDGT_IRQHandler                         0x080001b7   Thumb Code     0  startup_gd32f407.o(.text)
    __aeabi_dadd                             0x080001c1   Thumb Code   322  dadd.o(.text)
    __aeabi_dsub                             0x08000303   Thumb Code     6  dadd.o(.text)
    __aeabi_drsub                            0x08000309   Thumb Code     6  dadd.o(.text)
    __aeabi_dmul                             0x0800030f   Thumb Code   228  dmul.o(.text)
    __aeabi_ddiv                             0x080003f3   Thumb Code   222  ddiv.o(.text)
    __aeabi_i2d                              0x080004d1   Thumb Code    34  dflti.o(.text)
    __aeabi_f2d                              0x080004f3   Thumb Code    38  f2d.o(.text)
    __aeabi_cdrcmple                         0x08000519   Thumb Code    48  cdrcmple.o(.text)
    __aeabi_d2f                              0x08000549   Thumb Code    56  d2f.o(.text)
    __aeabi_uidiv                            0x08000581   Thumb Code     0  uidiv.o(.text)
    __aeabi_uidivmod                         0x08000581   Thumb Code    44  uidiv.o(.text)
    __aeabi_uldivmod                         0x080005ad   Thumb Code    98  uldiv.o(.text)
    __aeabi_llsl                             0x0800060f   Thumb Code    30  llshl.o(.text)
    _ll_shift_l                              0x0800060f   Thumb Code     0  llshl.o(.text)
    __aeabi_llsr                             0x0800062d   Thumb Code    32  llushr.o(.text)
    _ll_ushift_r                             0x0800062d   Thumb Code     0  llushr.o(.text)
    __aeabi_lasr                             0x0800064d   Thumb Code    36  llsshr.o(.text)
    _ll_sshift_r                             0x0800064d   Thumb Code     0  llsshr.o(.text)
    __I$use$fp                               0x08000671   Thumb Code     0  iusefp.o(.text)
    _float_round                             0x08000671   Thumb Code    18  fepilogue.o(.text)
    _float_epilogue                          0x08000683   Thumb Code    92  fepilogue.o(.text)
    _double_round                            0x080006df   Thumb Code    30  depilogue.o(.text)
    _double_epilogue                         0x080006fd   Thumb Code   156  depilogue.o(.text)
    __aeabi_d2ulz                            0x08000799   Thumb Code    48  dfixul.o(.text)
    __scatterload                            0x080007c9   Thumb Code    28  init.o(.text)
    __scatterload_rt2                        0x080007c9   Thumb Code     0  init.o(.text)
    __decompress                             0x080007ed   Thumb Code     0  __dczerorl2.o(.text)
    __decompress1                            0x080007ed   Thumb Code    86  __dczerorl2.o(.text)
    BEEP                                     0x08000845   Thumb Code    38  test.o(i.BEEP)
    BEEP_LONG_3                              0x08000871   Thumb Code    24  test.o(i.BEEP_LONG_3)
    BEEP_SHORT_3                             0x08000889   Thumb Code    22  test.o(i.BEEP_SHORT_3)
    BusFault_Handler                         0x0800089f   Thumb Code     4  gd32f4xx_it.o(i.BusFault_Handler)
    Convert_BH1750                           0x080008a5   Thumb Code    86  e53_ia1.o(i.Convert_BH1750)
    DebugMon_Handler                         0x08000905   Thumb Code     2  gd32f4xx_it.o(i.DebugMon_Handler)
    E53_IA1_I2C_Master_Receive               0x08000909   Thumb Code   238  e53_ia1.o(i.E53_IA1_I2C_Master_Receive)
    E53_IA1_I2C_Master_Transmit              0x08000a01   Thumb Code   148  e53_ia1.o(i.E53_IA1_I2C_Master_Transmit)
    E53_IA1_Light_StatusSet                  0x08000a9d   Thumb Code    30  e53_ia1.o(i.E53_IA1_Light_StatusSet)
    E53_IA1_Motor_StatusSet                  0x08000ac1   Thumb Code    30  e53_ia1.o(i.E53_IA1_Motor_StatusSet)
    E53_IA1_Read_Data                        0x08000ae5   Thumb Code   170  e53_ia1.o(i.E53_IA1_Read_Data)
    HC595_GPIO_Config                        0x08000b99   Thumb Code    92  74hc595_led.o(i.HC595_GPIO_Config)
    HardFault_Handler                        0x08000bf9   Thumb Code     4  gd32f4xx_it.o(i.HardFault_Handler)
    Init_BH1750                              0x08000bfd   Thumb Code    18  e53_ia1.o(i.Init_BH1750)
    Init_E53_IA1                             0x08000c0f   Thumb Code    28  e53_ia1.o(i.Init_E53_IA1)
    Init_Light                               0x08000c2d   Thumb Code    50  e53_ia1.o(i.Init_Light)
    Init_Motor                               0x08000c65   Thumb Code    50  e53_ia1.o(i.Init_Motor)
    Init_SHT30                               0x08000c9d   Thumb Code    20  e53_ia1.o(i.Init_SHT30)
    MemManage_Handler                        0x08000cb5   Thumb Code     4  gd32f4xx_it.o(i.MemManage_Handler)
    NMI_Handler                              0x08000cb9   Thumb Code     2  gd32f4xx_it.o(i.NMI_Handler)
    OLED_Clear                               0x08000ce5   Thumb Code    56  oled.o(i.OLED_Clear)
    OLED_Display_On                          0x08000d1d   Thumb Code    22  oled.o(i.OLED_Display_On)
    OLED_Gpio_Init                           0x08000d35   Thumb Code   206  oled.o(i.OLED_Gpio_Init)
    OLED_Init                                0x08000e11   Thumb Code   222  oled.o(i.OLED_Init)
    OLED_SPI_Send                            0x08000ef5   Thumb Code    42  oled.o(i.OLED_SPI_Send)
    OLED_Set_Pos                             0x08000f25   Thumb Code    40  oled.o(i.OLED_Set_Pos)
    OLED_ShowChar                            0x08000f4d   Thumb Code   106  oled.o(i.OLED_ShowChar)
    OLED_ShowString                          0x08000fbd   Thumb Code    58  oled.o(i.OLED_ShowString)
    OLED_Write_Cmd                           0x08000ff9   Thumb Code    34  oled.o(i.OLED_Write_Cmd)
    OLED_Write_Data                          0x08001025   Thumb Code    28  oled.o(i.OLED_Write_Data)
    PWM_ON                                   0x08001049   Thumb Code   174  test.o(i.PWM_ON)
    PendSV_Handler                           0x080010fd   Thumb Code     2  gd32f4xx_it.o(i.PendSV_Handler)
    SHT3x_CalcRH                             0x08001101   Thumb Code    42  e53_ia1.o(i.SHT3x_CalcRH)
    SHT3x_CalcTemperatureC                   0x08001139   Thumb Code    50  e53_ia1.o(i.SHT3x_CalcTemperatureC)
    SHT3x_CheckCrc                           0x0800117d   Thumb Code    72  e53_ia1.o(i.SHT3x_CheckCrc)
    SVC_Handler                              0x080011c5   Thumb Code     2  gd32f4xx_it.o(i.SVC_Handler)
    Start_BH1750                             0x080011c7   Thumb Code    18  e53_ia1.o(i.Start_BH1750)
    SysTick_Handler                          0x080011d9   Thumb Code     8  gd32f4xx_it.o(i.SysTick_Handler)
    SystemInit                               0x080011e1   Thumb Code    78  system_gd32f4xx.o(i.SystemInit)
    USART1_IRQHandler                        0x08001241   Thumb Code    82  usart2.o(i.USART1_IRQHandler)
    Uart0Printf                              0x080012a9   Thumb Code    64  gd32f4xx_xii-iot.o(i.Uart0Printf)
    Uart0WriteByte                           0x080012f1   Thumb Code    28  gd32f4xx_xii-iot.o(i.Uart0WriteByte)
    UsageFault_Handler                       0x08001311   Thumb Code     4  gd32f4xx_it.o(i.UsageFault_Handler)
    __0sprintf                               0x08001315   Thumb Code    34  printfa.o(i.__0sprintf)
    __1sprintf                               0x08001315   Thumb Code     0  printfa.o(i.__0sprintf)
    __2sprintf                               0x08001315   Thumb Code     0  printfa.o(i.__0sprintf)
    __c89sprintf                             0x08001315   Thumb Code     0  printfa.o(i.__0sprintf)
    sprintf                                  0x08001315   Thumb Code     0  printfa.o(i.__0sprintf)
    __0vsprintf                              0x0800133d   Thumb Code    30  printfa.o(i.__0vsprintf)
    __1vsprintf                              0x0800133d   Thumb Code     0  printfa.o(i.__0vsprintf)
    __2vsprintf                              0x0800133d   Thumb Code     0  printfa.o(i.__0vsprintf)
    __c89vsprintf                            0x0800133d   Thumb Code     0  printfa.o(i.__0vsprintf)
    vsprintf                                 0x0800133d   Thumb Code     0  printfa.o(i.__0vsprintf)
    __scatterload_copy                       0x08001361   Thumb Code    14  handlers.o(i.__scatterload_copy)
    __scatterload_null                       0x0800136f   Thumb Code     2  handlers.o(i.__scatterload_null)
    __scatterload_zeroinit                   0x08001371   Thumb Code    14  handlers.o(i.__scatterload_zeroinit)
    delay_1ms                                0x08001c1d   Thumb Code    16  systick.o(i.delay_1ms)
    delay_decrement                          0x08001c31   Thumb Code    18  systick.o(i.delay_decrement)
    delay_ms                                 0x08001c49   Thumb Code    24  e53_ia1.o(i.delay_ms)
    delay_us                                 0x08001c61   Thumb Code    26  e53_ia1.o(i.delay_us)
    dipinit                                  0x08001c7b   Thumb Code    52  gd32f4xx_xii-iot.o(i.dipinit)
    gd_XII_systeminit                        0x08001caf   Thumb Code    52  gd32f4xx_xii-iot.o(i.gd_XII_systeminit)
    gd_eval_dip_init                         0x08001ce5   Thumb Code    44  gd32f4xx_xii-iot.o(i.gd_eval_dip_init)
    gd_eval_led_init                         0x08001d1d   Thumb Code    70  gd32f4xx_xii-iot.o(i.gd_eval_led_init)
    gd_eval_led_off                          0x08001d71   Thumb Code    16  gd32f4xx_xii-iot.o(i.gd_eval_led_off)
    gd_eval_led_on                           0x08001d89   Thumb Code    16  gd32f4xx_xii-iot.o(i.gd_eval_led_on)
    gd_gpio_init                             0x08001da1   Thumb Code    64  gd32f4xx_xii-iot.o(i.gd_gpio_init)
    gpio_af_set                              0x08001de5   Thumb Code    94  gd32f4xx_gpio.o(i.gpio_af_set)
    gpio_bit_reset                           0x08001e43   Thumb Code     4  gd32f4xx_gpio.o(i.gpio_bit_reset)
    gpio_bit_set                             0x08001e47   Thumb Code     4  gd32f4xx_gpio.o(i.gpio_bit_set)
    gpio_mode_set                            0x08001e4b   Thumb Code    78  gd32f4xx_gpio.o(i.gpio_mode_set)
    gpio_output_options_set                  0x08001e99   Thumb Code    66  gd32f4xx_gpio.o(i.gpio_output_options_set)
    i2c_ack_config                           0x08001edb   Thumb Code    24  gd32f4xx_i2c.o(i.i2c_ack_config)
    i2c_clock_config                         0x08001ef5   Thumb Code   200  gd32f4xx_i2c.o(i.i2c_clock_config)
    i2c_config                               0x08001fc5   Thumb Code    48  i2c.o(i.i2c_config)
    i2c_enable                               0x08001ffd   Thumb Code    10  gd32f4xx_i2c.o(i.i2c_enable)
    i2c_flag_clear                           0x08002007   Thumb Code    18  gd32f4xx_i2c.o(i.i2c_flag_clear)
    i2c_flag_get                             0x08002019   Thumb Code    50  gd32f4xx_i2c.o(i.i2c_flag_get)
    i2c_gpio_config                          0x0800204d   Thumb Code    88  i2c.o(i.i2c_gpio_config)
    i2c_master_addressing                    0x080020a9   Thumb Code    20  gd32f4xx_i2c.o(i.i2c_master_addressing)
    i2c_mode_addr_config                     0x080020bd   Thumb Code    24  gd32f4xx_i2c.o(i.i2c_mode_addr_config)
    i2c_receive_data                         0x080020d5   Thumb Code     8  gd32f4xx_i2c.o(i.i2c_receive_data)
    i2c_start_on_bus                         0x080020dd   Thumb Code    10  gd32f4xx_i2c.o(i.i2c_start_on_bus)
    i2c_stop_on_bus                          0x080020e7   Thumb Code    10  gd32f4xx_i2c.o(i.i2c_stop_on_bus)
    i2c_transmit_data                        0x080020f1   Thumb Code     4  gd32f4xx_i2c.o(i.i2c_transmit_data)
    main                                     0x080020f5   Thumb Code    12  main.o(i.main)
    motor_gpio_config                        0x08002101   Thumb Code   116  pwm.o(i.motor_gpio_config)
    rcu_clock_freq_get                       0x08002179   Thumb Code   264  gd32f4xx_rcu.o(i.rcu_clock_freq_get)
    rcu_periph_clock_enable                  0x0800229d   Thumb Code    32  gd32f4xx_rcu.o(i.rcu_periph_clock_enable)
    rcu_periph_reset_disable                 0x080022c1   Thumb Code    32  gd32f4xx_rcu.o(i.rcu_periph_reset_disable)
    rcu_periph_reset_enable                  0x080022e5   Thumb Code    32  gd32f4xx_rcu.o(i.rcu_periph_reset_enable)
    spi_enable                               0x08002309   Thumb Code    10  gd32f4xx_spi.o(i.spi_enable)
    spi_i2s_data_transmit                    0x08002313   Thumb Code     4  gd32f4xx_spi.o(i.spi_i2s_data_transmit)
    spi_i2s_flag_get                         0x08002317   Thumb Code    16  gd32f4xx_spi.o(i.spi_i2s_flag_get)
    spi_init                                 0x08002327   Thumb Code    50  gd32f4xx_spi.o(i.spi_init)
    system_init                              0x0800245d   Thumb Code    58  test.o(i.system_init)
    systick_config                           0x0800249d   Thumb Code    74  systick.o(i.systick_config)
    test                                     0x080024ed   Thumb Code  1410  test.o(i.test)
    usart0Init                               0x08002a95   Thumb Code   182  gd32f4xx_xii-iot.o(i.usart0Init)
    usart_baudrate_set                       0x08002b61   Thumb Code   232  gd32f4xx_usart.o(i.usart_baudrate_set)
    usart_data_receive                       0x08002c51   Thumb Code    10  gd32f4xx_usart.o(i.usart_data_receive)
    usart_data_transmit                      0x08002c5b   Thumb Code     8  gd32f4xx_usart.o(i.usart_data_transmit)
    usart_deinit                             0x08002c65   Thumb Code   210  gd32f4xx_usart.o(i.usart_deinit)
    usart_enable                             0x08002d41   Thumb Code    10  gd32f4xx_usart.o(i.usart_enable)
    usart_flag_get                           0x08002d4b   Thumb Code    30  gd32f4xx_usart.o(i.usart_flag_get)
    usart_interrupt_flag_clear               0x08002d69   Thumb Code    26  gd32f4xx_usart.o(i.usart_interrupt_flag_clear)
    usart_interrupt_flag_get                 0x08002d83   Thumb Code    30  gd32f4xx_usart.o(i.usart_interrupt_flag_get)
    usart_receive_config                     0x08002da1   Thumb Code    16  gd32f4xx_usart.o(i.usart_receive_config)
    usart_transmit_config                    0x08002db1   Thumb Code    16  gd32f4xx_usart.o(i.usart_transmit_config)
    F6x8                                     0x08002dc0   Data         552  oled.o(.constdata)
    F8X16                                    0x08002fe8   Data        1520  oled.o(.constdata)
    Region$$Table$$Base                      0x080035d8   Number         0  anon$$obj.o(Region$$Table)
    Region$$Table$$Limit                     0x080035f8   Number         0  anon$$obj.o(Region$$Table)
    SystemCoreClock                          0x20000004   Data           4  system_gd32f4xx.o(.data)
    humd_ub                                  0x2000014c   Data           4  test.o(.data)
    humd_lb                                  0x20000150   Data           4  test.o(.data)
    temp_ub                                  0x20000154   Data           4  test.o(.data)
    temp_lb                                  0x20000158   Data           4  test.o(.data)
    lux_ub                                   0x2000015c   Data           4  test.o(.data)
    lux_lb                                   0x20000160   Data           4  test.o(.data)
    eps                                      0x20000164   Data           4  test.o(.data)
    humd_last                                0x20000168   Data           4  test.o(.data)
    temp_last                                0x2000016c   Data           4  test.o(.data)
    lux_last                                 0x20000170   Data           4  test.o(.data)
    cnt                                      0x20000174   Data           4  test.o(.data)
    blank                                    0x20000178   Data          16  test.o(.data)
    E53_IA1_Data                             0x20000288   Data          12  test.o(.bss)
    humd                                     0x20000294   Data          16  test.o(.bss)
    temp                                     0x200002a4   Data          16  test.o(.bss)
    lux                                      0x200002b4   Data          16  test.o(.bss)
    USART2_TX_BUF                            0x200002c8   Data        2048  usart2.o(.bss)
    USART2_RX_BUF                            0x20000ac8   Data        1024  usart2.o(.bss)
    __initial_sp                             0x200012c8   Data           0  startup_gd32f407.o(STACK)



==============================================================================

Memory Map of the image

  Image Entry point : 0x0800019d

  Load Region LR_1 (Base: 0x08000000, Size: 0x00003780, Max: 0xffffffff, ABSOLUTE, COMPRESSED[0x0000369c])

    Execution Region ER_RO (Base: 0x08000000, Size: 0x000035f8, Max: 0xffffffff, ABSOLUTE)

    Base Addr    Size         Type   Attr      Idx    E Section Name        Object

    0x08000000   0x00000188   Data   RO         5876    RESET               startup_gd32f407.o
    0x08000188   0x00000000   Code   RO         7585  * .ARM.Collect$$$$00000000  mc_w.l(entry.o)
    0x08000188   0x00000004   Code   RO         7923    .ARM.Collect$$$$00000001  mc_w.l(entry2.o)
    0x0800018c   0x00000004   Code   RO         7926    .ARM.Collect$$$$00000004  mc_w.l(entry5.o)
    0x08000190   0x00000000   Code   RO         7928    .ARM.Collect$$$$00000008  mc_w.l(entry7b.o)
    0x08000190   0x00000000   Code   RO         7930    .ARM.Collect$$$$0000000A  mc_w.l(entry8b.o)
    0x08000190   0x00000008   Code   RO         7931    .ARM.Collect$$$$0000000B  mc_w.l(entry9a.o)
    0x08000198   0x00000000   Code   RO         7933    .ARM.Collect$$$$0000000D  mc_w.l(entry10a.o)
    0x08000198   0x00000000   Code   RO         7935    .ARM.Collect$$$$0000000F  mc_w.l(entry11a.o)
    0x08000198   0x00000004   Code   RO         7924    .ARM.Collect$$$$00002712  mc_w.l(entry2.o)
    0x0800019c   0x00000024   Code   RO         5877  * .text               startup_gd32f407.o
    0x080001c0   0x0000014e   Code   RO         7905    .text               mf_w.l(dadd.o)
    0x0800030e   0x000000e4   Code   RO         7907    .text               mf_w.l(dmul.o)
    0x080003f2   0x000000de   Code   RO         7909    .text               mf_w.l(ddiv.o)
    0x080004d0   0x00000022   Code   RO         7911    .text               mf_w.l(dflti.o)
    0x080004f2   0x00000026   Code   RO         7915    .text               mf_w.l(f2d.o)
    0x08000518   0x00000030   Code   RO         7919    .text               mf_w.l(cdrcmple.o)
    0x08000548   0x00000038   Code   RO         7921    .text               mf_w.l(d2f.o)
    0x08000580   0x0000002c   Code   RO         7940    .text               mc_w.l(uidiv.o)
    0x080005ac   0x00000062   Code   RO         7942    .text               mc_w.l(uldiv.o)
    0x0800060e   0x0000001e   Code   RO         7944    .text               mc_w.l(llshl.o)
    0x0800062c   0x00000020   Code   RO         7946    .text               mc_w.l(llushr.o)
    0x0800064c   0x00000024   Code   RO         7948    .text               mc_w.l(llsshr.o)
    0x08000670   0x00000000   Code   RO         7958    .text               mc_w.l(iusefp.o)
    0x08000670   0x0000006e   Code   RO         7959    .text               mf_w.l(fepilogue.o)
    0x080006de   0x000000ba   Code   RO         7961    .text               mf_w.l(depilogue.o)
    0x08000798   0x00000030   Code   RO         7965    .text               mf_w.l(dfixul.o)
    0x080007c8   0x00000024   Code   RO         7967    .text               mc_w.l(init.o)
    0x080007ec   0x00000056   Code   RO         7986    .text               mc_w.l(__dczerorl2.o)
    0x08000842   0x00000002   PAD
    0x08000844   0x0000002c   Code   RO         6224    i.BEEP              test.o
    0x08000870   0x00000018   Code   RO         6225    i.BEEP_LONG_3       test.o
    0x08000888   0x00000016   Code   RO         6226    i.BEEP_SHORT_3      test.o
    0x0800089e   0x00000004   Code   RO            3    i.BusFault_Handler  gd32f4xx_it.o
    0x080008a2   0x00000002   PAD
    0x080008a4   0x00000060   Code   RO         6095    i.Convert_BH1750    e53_ia1.o
    0x08000904   0x00000002   Code   RO            4    i.DebugMon_Handler  gd32f4xx_it.o
    0x08000906   0x00000002   PAD
    0x08000908   0x000000f8   Code   RO         6096    i.E53_IA1_I2C_Master_Receive  e53_ia1.o
    0x08000a00   0x0000009c   Code   RO         6097    i.E53_IA1_I2C_Master_Transmit  e53_ia1.o
    0x08000a9c   0x00000024   Code   RO         6098    i.E53_IA1_Light_StatusSet  e53_ia1.o
    0x08000ac0   0x00000024   Code   RO         6099    i.E53_IA1_Motor_StatusSet  e53_ia1.o
    0x08000ae4   0x000000b4   Code   RO         6100    i.E53_IA1_Read_Data  e53_ia1.o
    0x08000b98   0x00000060   Code   RO         6292    i.HC595_GPIO_Config  74hc595_led.o
    0x08000bf8   0x00000004   Code   RO            5    i.HardFault_Handler  gd32f4xx_it.o
    0x08000bfc   0x00000012   Code   RO         6101    i.Init_BH1750       e53_ia1.o
    0x08000c0e   0x0000001c   Code   RO         6102    i.Init_E53_IA1      e53_ia1.o
    0x08000c2a   0x00000002   PAD
    0x08000c2c   0x00000038   Code   RO         6103    i.Init_Light        e53_ia1.o
    0x08000c64   0x00000038   Code   RO         6104    i.Init_Motor        e53_ia1.o
    0x08000c9c   0x00000018   Code   RO         6105    i.Init_SHT30        e53_ia1.o
    0x08000cb4   0x00000004   Code   RO            6    i.MemManage_Handler  gd32f4xx_it.o
    0x08000cb8   0x00000002   Code   RO            7    i.NMI_Handler       gd32f4xx_it.o
    0x08000cba   0x00000002   PAD
    0x08000cbc   0x00000028   Code   RO          258    i.NVIC_SetPriority  systick.o
    0x08000ce4   0x00000038   Code   RO         5883    i.OLED_Clear        oled.o
    0x08000d1c   0x00000016   Code   RO         5885    i.OLED_Display_On   oled.o
    0x08000d32   0x00000002   PAD
    0x08000d34   0x000000dc   Code   RO         5887    i.OLED_Gpio_Init    oled.o
    0x08000e10   0x000000e4   Code   RO         5888    i.OLED_Init         oled.o
    0x08000ef4   0x00000030   Code   RO         5889    i.OLED_SPI_Send     oled.o
    0x08000f24   0x00000028   Code   RO         5890    i.OLED_Set_Pos      oled.o
    0x08000f4c   0x00000070   Code   RO         5892    i.OLED_ShowChar     oled.o
    0x08000fbc   0x0000003a   Code   RO         5894    i.OLED_ShowString   oled.o
    0x08000ff6   0x00000002   PAD
    0x08000ff8   0x0000002c   Code   RO         5896    i.OLED_Write_Cmd    oled.o
    0x08001024   0x00000024   Code   RO         5897    i.OLED_Write_Data   oled.o
    0x08001048   0x000000b4   Code   RO         6227    i.PWM_ON            test.o
    0x080010fc   0x00000002   Code   RO            8    i.PendSV_Handler    gd32f4xx_it.o
    0x080010fe   0x00000002   PAD
    0x08001100   0x00000038   Code   RO         6107    i.SHT3x_CalcRH      e53_ia1.o
    0x08001138   0x00000044   Code   RO         6108    i.SHT3x_CalcTemperatureC  e53_ia1.o
    0x0800117c   0x00000048   Code   RO         6109    i.SHT3x_CheckCrc    e53_ia1.o
    0x080011c4   0x00000002   Code   RO            9    i.SVC_Handler       gd32f4xx_it.o
    0x080011c6   0x00000012   Code   RO         6110    i.Start_BH1750      e53_ia1.o
    0x080011d8   0x00000008   Code   RO           10    i.SysTick_Handler   gd32f4xx_it.o
    0x080011e0   0x00000060   Code   RO          314    i.SystemInit        system_gd32f4xx.o
    0x08001240   0x00000068   Code   RO         7517    i.USART1_IRQHandler  usart2.o
    0x080012a8   0x00000048   Code   RO         5732    i.Uart0Printf       gd32f4xx_xii-iot.o
    0x080012f0   0x00000020   Code   RO         5733    i.Uart0WriteByte    gd32f4xx_xii-iot.o
    0x08001310   0x00000004   Code   RO           11    i.UsageFault_Handler  gd32f4xx_it.o
    0x08001314   0x00000028   Code   RO         7845    i.__0sprintf        mc_w.l(printfa.o)
    0x0800133c   0x00000024   Code   RO         7849    i.__0vsprintf       mc_w.l(printfa.o)
    0x08001360   0x0000000e   Code   RO         7980    i.__scatterload_copy  mc_w.l(handlers.o)
    0x0800136e   0x00000002   Code   RO         7981    i.__scatterload_null  mc_w.l(handlers.o)
    0x08001370   0x0000000e   Code   RO         7982    i.__scatterload_zeroinit  mc_w.l(handlers.o)
    0x0800137e   0x00000002   PAD
    0x08001380   0x00000164   Code   RO         7850    i._fp_digits        mc_w.l(printfa.o)
    0x080014e4   0x000006dc   Code   RO         7851    i._printf_core      mc_w.l(printfa.o)
    0x08001bc0   0x00000024   Code   RO         7852    i._printf_post_padding  mc_w.l(printfa.o)
    0x08001be4   0x0000002e   Code   RO         7853    i._printf_pre_padding  mc_w.l(printfa.o)
    0x08001c12   0x0000000a   Code   RO         7855    i._sputc            mc_w.l(printfa.o)
    0x08001c1c   0x00000014   Code   RO          259    i.delay_1ms         systick.o
    0x08001c30   0x00000018   Code   RO          260    i.delay_decrement   systick.o
    0x08001c48   0x00000018   Code   RO         6111    i.delay_ms          e53_ia1.o
    0x08001c60   0x0000001a   Code   RO         6112    i.delay_us          e53_ia1.o
    0x08001c7a   0x00000034   Code   RO         5736    i.dipinit           gd32f4xx_xii-iot.o
    0x08001cae   0x00000034   Code   RO         5737    i.gd_XII_systeminit  gd32f4xx_xii-iot.o
    0x08001ce2   0x00000002   PAD
    0x08001ce4   0x00000038   Code   RO         5739    i.gd_eval_dip_init  gd32f4xx_xii-iot.o
    0x08001d1c   0x00000054   Code   RO         5743    i.gd_eval_led_init  gd32f4xx_xii-iot.o
    0x08001d70   0x00000018   Code   RO         5744    i.gd_eval_led_off   gd32f4xx_xii-iot.o
    0x08001d88   0x00000018   Code   RO         5745    i.gd_eval_led_on    gd32f4xx_xii-iot.o
    0x08001da0   0x00000044   Code   RO         5747    i.gd_gpio_init      gd32f4xx_xii-iot.o
    0x08001de4   0x0000005e   Code   RO         2796    i.gpio_af_set       gd32f4xx_gpio.o
    0x08001e42   0x00000004   Code   RO         2797    i.gpio_bit_reset    gd32f4xx_gpio.o
    0x08001e46   0x00000004   Code   RO         2798    i.gpio_bit_set      gd32f4xx_gpio.o
    0x08001e4a   0x0000004e   Code   RO         2804    i.gpio_mode_set     gd32f4xx_gpio.o
    0x08001e98   0x00000042   Code   RO         2806    i.gpio_output_options_set  gd32f4xx_gpio.o
    0x08001eda   0x00000018   Code   RO         2900    i.i2c_ack_config    gd32f4xx_i2c.o
    0x08001ef2   0x00000002   PAD
    0x08001ef4   0x000000d0   Code   RO         2904    i.i2c_clock_config  gd32f4xx_i2c.o
    0x08001fc4   0x00000038   Code   RO         6066    i.i2c_config        i2c.o
    0x08001ffc   0x0000000a   Code   RO         2911    i.i2c_enable        gd32f4xx_i2c.o
    0x08002006   0x00000012   Code   RO         2912    i.i2c_flag_clear    gd32f4xx_i2c.o
    0x08002018   0x00000032   Code   RO         2913    i.i2c_flag_get      gd32f4xx_i2c.o
    0x0800204a   0x00000002   PAD
    0x0800204c   0x0000005c   Code   RO         6067    i.i2c_gpio_config   i2c.o
    0x080020a8   0x00000014   Code   RO         2916    i.i2c_master_addressing  gd32f4xx_i2c.o
    0x080020bc   0x00000018   Code   RO         2917    i.i2c_mode_addr_config  gd32f4xx_i2c.o
    0x080020d4   0x00000008   Code   RO         2921    i.i2c_receive_data  gd32f4xx_i2c.o
    0x080020dc   0x0000000a   Code   RO         2935    i.i2c_start_on_bus  gd32f4xx_i2c.o
    0x080020e6   0x0000000a   Code   RO         2936    i.i2c_stop_on_bus   gd32f4xx_i2c.o
    0x080020f0   0x00000004   Code   RO         2938    i.i2c_transmit_data  gd32f4xx_i2c.o
    0x080020f4   0x0000000c   Code   RO          196    i.main              main.o
    0x08002100   0x00000078   Code   RO         6330    i.motor_gpio_config  pwm.o
    0x08002178   0x00000124   Code   RO         3543    i.rcu_clock_freq_get  gd32f4xx_rcu.o
    0x0800229c   0x00000024   Code   RO         3562    i.rcu_periph_clock_enable  gd32f4xx_rcu.o
    0x080022c0   0x00000024   Code   RO         3565    i.rcu_periph_reset_disable  gd32f4xx_rcu.o
    0x080022e4   0x00000024   Code   RO         3566    i.rcu_periph_reset_enable  gd32f4xx_rcu.o
    0x08002308   0x0000000a   Code   RO         4402    i.spi_enable        gd32f4xx_spi.o
    0x08002312   0x00000004   Code   RO         4405    i.spi_i2s_data_transmit  gd32f4xx_spi.o
    0x08002316   0x00000010   Code   RO         4407    i.spi_i2s_flag_get  gd32f4xx_spi.o
    0x08002326   0x00000032   Code   RO         4411    i.spi_init          gd32f4xx_spi.o
    0x08002358   0x000000fc   Code   RO          315    i.system_clock_200m_irc16m  system_gd32f4xx.o
    0x08002454   0x00000008   Code   RO          316    i.system_clock_config  system_gd32f4xx.o
    0x0800245c   0x00000040   Code   RO         6228    i.system_init       test.o
    0x0800249c   0x00000050   Code   RO          263    i.systick_config    systick.o
    0x080024ec   0x000005a8   Code   RO         6229    i.test              test.o
    0x08002a94   0x000000cc   Code   RO         5749    i.usart0Init        gd32f4xx_xii-iot.o
    0x08002b60   0x000000f0   Code   RO         5333    i.usart_baudrate_set  gd32f4xx_usart.o
    0x08002c50   0x0000000a   Code   RO         5337    i.usart_data_receive  gd32f4xx_usart.o
    0x08002c5a   0x00000008   Code   RO         5338    i.usart_data_transmit  gd32f4xx_usart.o
    0x08002c62   0x00000002   PAD
    0x08002c64   0x000000dc   Code   RO         5339    i.usart_deinit      gd32f4xx_usart.o
    0x08002d40   0x0000000a   Code   RO         5343    i.usart_enable      gd32f4xx_usart.o
    0x08002d4a   0x0000001e   Code   RO         5345    i.usart_flag_get    gd32f4xx_usart.o
    0x08002d68   0x0000001a   Code   RO         5354    i.usart_interrupt_flag_clear  gd32f4xx_usart.o
    0x08002d82   0x0000001e   Code   RO         5355    i.usart_interrupt_flag_get  gd32f4xx_usart.o
    0x08002da0   0x00000010   Code   RO         5370    i.usart_receive_config  gd32f4xx_usart.o
    0x08002db0   0x00000010   Code   RO         5385    i.usart_transmit_config  gd32f4xx_usart.o
    0x08002dc0   0x00000818   Data   RO         5899    .constdata          oled.o
    0x080035d8   0x00000020   Data   RO         7978    Region$$Table       anon$$obj.o


    Execution Region ER_RW (Base: 0x20000000, Size: 0x00000188, Max: 0xffffffff, ABSOLUTE, COMPRESSED[0x000000a4])

    Base Addr    Size         Type   Attr      Idx    E Section Name        Object

    0x20000000   0x00000004   Data   RW          264    .data               systick.o
    0x20000004   0x00000004   Data   RW          317    .data               system_gd32f4xx.o
    0x20000008   0x00000144   Data   RW         5753    .data               gd32f4xx_xii-iot.o
    0x2000014c   0x0000003c   Data   RW         6231    .data               test.o


    Execution Region ER_ZI (Base: 0x20000188, Size: 0x00001140, Max: 0xffffffff, ABSOLUTE)

    Base Addr    Size         Type   Attr      Idx    E Section Name        Object

    0x20000188   0x00000100   Zero   RW         5752    .bss                gd32f4xx_xii-iot.o
    0x20000288   0x0000003c   Zero   RW         6230    .bss                test.o
    0x200002c4   0x00000004   PAD
    0x200002c8   0x00000c00   Zero   RW         7521    .bss                usart2.o
    0x20000ec8   0x00000400   Zero   RW         5874    STACK               startup_gd32f407.o


==============================================================================

Image component sizes


      Code (inc. data)   RO Data    RW Data    ZI Data      Debug   Object Name

        96          4          0          0          0        568   74hc595_led.o
      1198         98          0          0          0      12549   e53_ia1.o
       246          0          0          0          0       4132   gd32f4xx_gpio.o
       386          8          0          0          0       8324   gd32f4xx_i2c.o
        32          0          0          0          0      56994   gd32f4xx_it.o
       400         40          0          0          0       3924   gd32f4xx_rcu.o
        80          0          0          0          0       3535   gd32f4xx_spi.o
       606         18          0          0          0       7746   gd32f4xx_usart.o
       668         80          0        324        256       7994   gd32f4xx_xii-iot.o
       148         12          0          0          0       1071   i2c.o
        12          0          0          0          0       4803   main.o
       864         50       2072          0          0       7581   oled.o
       120          4          0          0          0        556   pwm.o
        36          8        392          0       1024        956   startup_gd32f407.o
       356         32          0          4          0       2299   system_gd32f4xx.o
       164         24          0          4          0      28898   systick.o
      1782        234          0         60         60       6708   test.o
       104         22          0          0       3072       4067   usart2.o

    ----------------------------------------------------------------------
      7320        634       2496        392       4416     162705   Object Totals
         0          0         32          0          0          0   (incl. Generated)
        22          0          0          0          4          0   (incl. Padding)

    ----------------------------------------------------------------------

      Code (inc. data)   RO Data    RW Data    ZI Data      Debug   Library Member Name

        86          0          0          0          0          0   __dczerorl2.o
         0          0          0          0          0          0   entry.o
         0          0          0          0          0          0   entry10a.o
         0          0          0          0          0          0   entry11a.o
         8          4          0          0          0          0   entry2.o
         4          0          0          0          0          0   entry5.o
         0          0          0          0          0          0   entry7b.o
         0          0          0          0          0          0   entry8b.o
         8          4          0          0          0          0   entry9a.o
        30          0          0          0          0          0   handlers.o
        36          8          0          0          0         68   init.o
         0          0          0          0          0          0   iusefp.o
        30          0          0          0          0         68   llshl.o
        36          0          0          0          0         68   llsshr.o
        32          0          0          0          0         68   llushr.o
      2280         92          0          0          0        592   printfa.o
        44          0          0          0          0         80   uidiv.o
        98          0          0          0          0         92   uldiv.o
        48          0          0          0          0         68   cdrcmple.o
        56          0          0          0          0         88   d2f.o
       334          0          0          0          0        148   dadd.o
       222          0          0          0          0        100   ddiv.o
       186          0          0          0          0        176   depilogue.o
        48          0          0          0          0         68   dfixul.o
        34          0          0          0          0         76   dflti.o
       228          0          0          0          0         96   dmul.o
        38          0          0          0          0         68   f2d.o
       110          0          0          0          0        168   fepilogue.o

    ----------------------------------------------------------------------
      4000        108          0          0          0       2092   Library Totals
         4          0          0          0          0          0   (incl. Padding)

    ----------------------------------------------------------------------

      Code (inc. data)   RO Data    RW Data    ZI Data      Debug   Library Name

      2692        108          0          0          0       1036   mc_w.l
      1304          0          0          0          0       1056   mf_w.l

    ----------------------------------------------------------------------
      4000        108          0          0          0       2092   Library Totals

    ----------------------------------------------------------------------

==============================================================================


      Code (inc. data)   RO Data    RW Data    ZI Data      Debug   

     11320        742       2496        392       4416     154741   Grand Totals
     11320        742       2496        164       4416     154741   ELF Image Totals (compressed)
     11320        742       2496        164          0          0   ROM Totals

==============================================================================

    Total RO  Size (Code + RO Data)                13816 (  13.49kB)
    Total RW  Size (RW Data + ZI Data)              4808 (   4.70kB)
    Total ROM Size (Code + RO Data + RW Data)      13980 (  13.65kB)

==============================================================================

