<html>
<body>
<pre>
<h1>礦ision Build Log</h1>
<h2>Tool Versions:</h2>
IDE-Version: μVision V5.17.0.0
Copyright (C) 2015 ARM Ltd and ARM Germany GmbH. All rights reserved.
License Information: 1 Administrator, 1, LIC=----
 
Tool Versions:
Toolchain:       MDK-Lite  Version: 5.17
Toolchain Path:  C:\Keil_v5\ARM\ARMCC\Bin
C Compiler:      Armcc.exe V5.06 update 1 (build 61)
Assembler:       Armasm.exe V5.06 update 1 (build 61)
Linker/Locator:  ArmLink.exe V5.06 update 1 (build 61)
Library Manager: ArmAr.exe V5.06 update 1 (build 61)
Hex Converter:   FromElf.exe V5.06 update 1 (build 61)
CPU DLL:         SARMCM3.DLL V5.17
Dialog DLL:      DCM.DLL V1.13.4.0
Target DLL:      STLink\ST-LINKIII-KEIL_SWO.dll V2.0.18.0
Dialog DLL:      TCM.DLL V1.14.6.0
 
<h2>Project:</h2>
C:\Users\Administrator\Documents\Tencent Files\842969446\FileRecv\芯力量-IOT_GD_GD32F407_demo\Xll-IOT_Demo_Suites\Projects\08_PWM_motor -1127\MDK-ARM\08_PWM.uvprojx
Project File Date:  11/27/2023

<h2>Output:</h2>
*** Using Compiler 'V5.06 update 1 (build 61)', folder: 'C:\Keil_v5\ARM\ARMCC\Bin'
Build target 'PWM'
compiling test.c...
..\..\..\..\GD32F4x_Firmware_Library\XLL_4G\stdarg.h(13): warning:  #47-D: incompatible redefinition of macro "__ARMCLIB_VERSION" (declared at line 22 of "C:\Keil_v5\ARM\ARMCC\Bin\..\include\string.h")
  #define __ARMCLIB_VERSION 5050106
..\Soft_Drive\platformtest\test.c(163): warning:  #1-D: last line of file ends without a newline
  //?? 按???频缁?转?佟?转??
..\Soft_Drive\platformtest\test.c: 2 warnings, 0 errors
linking...
Program Size: Code=6992 RO-data=2496 RW-data=352 ZI-data=4352  
".\output\01_GPIO_Runing_LED.axf" - 0 Error(s), 2 Warning(s).

<h2>Collection of Component include folders:</h2>
  C:\Users\Administrator\Documents\Tencent Files\842969446\FileRecv\芯力量-IOT_GD_GD32F407_demo\Xll-IOT_Demo_Suites\Projects\08_PWM_motor -1127\MDK-ARM\RTE
  C:\Keil_v5\ARM\PACK\GigaDevice\GD32F4xx_DFP\3.0.0\Device\F4XX\Include

<h2>Collection of Component Files used:</h2>
Build Time Elapsed:  00:00:01
</pre>
</body>
</html>
